// Jest Snapshot v1, https://jestjs.io/docs/snapshot-testing

exports[`LanguageGuard should render successfully 1`] = `
.c0 {
  opacity: 0;
  animation: k0 0.2s 0.1s linear forwards;
}

@keyframes k0 {
  0% {
    opacity: 0;
  }

  100% {
    opacity: 1;
  }
}

<body>
  <div>
    <div
      class="c0"
    >
      test
    </div>
  </div>
</body>
`;
