// Jest Snapshot v1, https://jestjs.io/docs/snapshot-testing

exports[`AnimatedItem should render successfully 1`] = `
.c5 {
  position: relative;
  position: relative;
}

.c5::after {
  content: '';
  position: absolute;
  width: 100%;
  height: 2px;
  bottom: 0;
  left: 0;
  background-color: currentColor;
}

.c5::after {
  transform: scaleX(0);
  transform-origin: bottom right;
  transition: transform 0.25s ease-out;
}

.c5:hover::after {
  transform: scaleX(1);
  transform-origin: bottom left;
}

.c5:hover,
.c5:active,
.c5:focus {
  text-decoration: none;
}

.c5:focus-visible {
  outline: #FBFBFB auto 1px;
}

.c2 {
  position: absolute;
  width: 100%;
  height: 100%;
  display: grid;
  place-items: center;
  pointer-events: none;
  animation-timing-function: ease-in-out;
  animation-iteration-count: infinite;
  animation-direction: alternate;
  animation-name: k1;
}

.c4 {
  height: var(--itemSize);
  aspect-ratio: 1/1;
  position: absolute;
  pointer-events: none;
}

.c6 {
  pointer-events: all;
  cursor: pointer;
}

.c6:after {
  content: none;
}

.c6:hover:after {
  content: none;
}

.c8 {
  color: #FFDD83;
  animation-name: k2;
  animation-timing-function: linear;
  animation-iteration-count: infinite;
}

.c8 svg {
  width: 100%;
  height: 100%;
  display: block;
}

.c0 {
  --itemSize: 40px;
  --translateX-begin: calc(-50% - var(--itemSize));
  --translateX-end: calc(50% + var(--itemSize));
  list-style: none;
  position: absolute;
  transform: translateX(-70%);
  width: 100%;
  height: 100%;
  pointer-events: none;
  animation-name: k0;
  animation-timing-function: linear;
  animation-iteration-count: infinite;
}

.c0:hover {
  z-index: 200;
  animation-play-state: paused;
}

.c0:hover .c1,
.c0:hover .c3,
.c0:hover .c7 {
  animation-play-state: paused;
}

@keyframes k2 {
  from {
    color: #FFDD83;
  }

  to {
    color: #98DFD6;
  }
}

@keyframes k0 {
  0% {
    transform: translateX(var(--translateX-begin));
  }

  100% {
    transform: translateX(var(--translateX-end));
  }
}

@keyframes k1 {
  0% {
    transform: translateY(var(--translateY-begin));
  }

  100% {
    transform: translateY(var(--translateY-end));
  }
}

<body>
  <div>
    <li
      class="c0"
      data-testid="horizontal-movement"
      style="animation-duration: 10.705239013947832s; animation-delay: 1.1599880495699082s;"
    >
      <div
        class="c1 c2"
        data-testid="vertical-movement"
        style="--translateY-begin: -21%; --translateY-end: 13%; animation-duration: 10.836175601009854s;"
      >
        <div
          class="c3 c4"
          data-testid="rotation-movement"
        >
          <a
            aria-label="Google Chrome"
            class="c5 c6"
            data-testid="plain-anchor"
            href="https://google.com"
            rel="noreferrer"
            target="_blank"
          >
            <div
              class="c7 c8"
              data-testid="color-swapping"
              style="animation-duration: 10.705239013947832s; animation-delay: 1.1599880495699082s;"
            >
              <svg />
            </div>
          </a>
        </div>
      </div>
    </li>
  </div>
</body>
`;
