// Jest Snapshot v1, https://goo.gl/fbAQLP

exports[`[lng]/experience route -  page should render successfully 1`] = `
.c0 {
  font-family: fontFamily;
  font-weight: 400;
  color: #FBFBFB;
  font-size: 1.5rem;
  line-height: normal;
  margin: 0;
}

.c4 {
  font-family: fontFamily;
  font-weight: 400;
  color: #FBFBFB;
  font-size: 0.9rem;
  line-height: normal;
  white-space: pre-line;
}

.c4 ul,
.c4 ol {
  margin-left: 40px;
  margin-bottom: 10px;
}

.c4 ul {
  list-style: outside disc;
}

.c4 ol {
  list-style: decimal;
}

.c4 li {
  padding-left: 10px;
}

.c1 {
  text-align: center;
  margin-top: 40px;
  margin-bottom: 40px;
}

.c22 {
  position: relative;
  position: relative;
}

.c22::after {
  content: '';
  position: absolute;
  width: 100%;
  height: 2px;
  bottom: 0;
  left: 0;
  background-color: currentColor;
}

.c22::after {
  transform: scaleX(0);
  transform-origin: bottom right;
  transition: transform 0.25s ease-out;
}

.c22:hover::after {
  transform: scaleX(1);
  transform-origin: bottom left;
}

.c22:hover,
.c22:active,
.c22:focus {
  text-decoration: none;
}

.c22:focus-visible {
  outline: #FBFBFB auto 1px;
}

.c19 {
  position: absolute;
  width: 100%;
  height: 100%;
  display: grid;
  place-items: center;
  pointer-events: none;
  animation-timing-function: ease-in-out;
  animation-iteration-count: infinite;
  animation-direction: alternate;
  animation-name: TpVAo;
}

.c21 {
  height: var(--itemSize);
  aspect-ratio: 1/1;
  position: absolute;
  pointer-events: none;
  animation-name: cABewS;
  animation-timing-function: linear;
  animation-iteration-count: infinite;
}

.c23 {
  pointer-events: all;
  cursor: pointer;
}

.c23:after {
  content: none;
}

.c23:hover:after {
  content: none;
}

.c25 {
  color: #FFDD83;
  animation-name: lhbgW;
  animation-timing-function: linear;
  animation-iteration-count: infinite;
}

.c25 svg {
  width: 100%;
  height: 100%;
  display: block;
}

.c17 {
  --itemSize: 40px;
  --translateX-begin: calc(-50% - var(--itemSize));
  --translateX-end: calc(50% + var(--itemSize));
  list-style: none;
  position: absolute;
  transform: translateX(-70%);
  width: 100%;
  height: 100%;
  pointer-events: none;
  animation-name: ciDIWM;
  animation-timing-function: linear;
  animation-iteration-count: infinite;
}

.c17:hover {
  z-index: 200;
  animation-play-state: paused;
}

.c17:hover .c18,
.c17:hover .c20,
.c17:hover .c24 {
  animation-play-state: paused;
}

.c26 {
  --itemSize: 55px;
  --translateX-begin: calc(-50% - var(--itemSize));
  --translateX-end: calc(50% + var(--itemSize));
  list-style: none;
  position: absolute;
  transform: translateX(-70%);
  width: 100%;
  height: 100%;
  pointer-events: none;
  animation-name: ciDIWM;
  animation-timing-function: linear;
  animation-iteration-count: infinite;
}

.c26:hover {
  z-index: 200;
  animation-play-state: paused;
}

.c26:hover .c18,
.c26:hover .c20,
.c26:hover .c24 {
  animation-play-state: paused;
}

.c36 {
  margin-left: 8px;
  position: relative;
}

.c36::after {
  content: '';
  position: absolute;
  width: 100%;
  height: 2px;
  bottom: 0;
  left: 0;
  background-color: currentColor;
}

.c36::after {
  transform: scaleX(0);
  transform-origin: bottom right;
  transition: transform 0.5s ease-out;
}

.c33 .loading {
  transform: rotate(-90deg);
  transform-origin: center;
  stroke: #FBFBFB;
  stroke-width: 6px;
  stroke-dasharray: 110;
  stroke-dashoffset: 110;
  transition: stroke-dashoffset 0.5s steps(4, end);
}

.c29 {
  outline: none;
  cursor: pointer;
  display: flex;
  align-items: center;
  max-height: 42px;
}

.c29:after {
  content: none;
}

.c29:hover:after {
  content: none;
}

.c29:focus-visible {
  outline: #FBFBFB auto 1px;
}

.c29:hover .c32 .loading {
  stroke-dashoffset: 0;
}

.c29:hover .c35::after {
  transform: scaleX(1);
  transform-origin: bottom left;
}

.c31 {
  position: relative;
  width: 42px;
  height: 42px;
}

.c34 {
  position: absolute;
  transform: translate(-50%, -50%);
  top: 50%;
  left: 50%;
  display: flex;
}

.c11 {
  --iconHeight: 249px;
  --iconWidth: 130px;
  --pathHeight: 212px;
  --pathBorder: 30px 50%;
  z-index: 2;
  display: flex;
  justify-content: space-between;
  transform: rotate(90deg);
}

.c16 {
  position: absolute;
  overflow: clip;
  height: var(--pathHeight);
  border-top-left-radius: var(--pathBorder);
  border-bottom-left-radius: var(--pathBorder);
  border-top-right-radius: var(--pathBorder);
  border-bottom-right-radius: var(--pathBorder);
  top: calc((var(--iconHeight) - var(--pathHeight)) / 2);
  left: calc((var(--iconWidth) / 2) - 3px);
  right: calc((var(--iconWidth) / 2) - 3px);
}

.c14 {
  width: var(--iconWidth);
  height: var(--iconHeight);
}

.c13 {
  background-color: #000000;
  line-height: 0px;
  border-top-right-radius: 44px 50%;
  border-bottom-right-radius: 44px 50%;
  border-top-left-radius: 44px 50%;
  border-bottom-left-radius: 44px 50%;
}

.c15 {
  background-color: #000000;
  line-height: 0px;
  border-top-right-radius: 44px 50%;
  border-bottom-right-radius: 44px 50%;
  border-top-left-radius: 44px 50%;
  border-bottom-left-radius: 44px 50%;
  transform: scaleX(-1);
}

.c2 {
  max-width: 1440px;
  width: 100%;
  padding: 0 20px;
  margin-bottom: 90px;
}

.c3 {
  display: flex;
  flex-direction: row;
  justify-content: space-between;
  width: 100%;
  border-bottom: 1px solid rgba(251,251,251,0.5);
  margin-bottom: 40px;
  padding: 0 20px;
}

.c5 {
  font-size: 30px;
  font-family: fontFamily;
  font-weight: 300;
}

.c6 {
  display: flex;
  flex-direction: column;
  align-items: flex-end;
  justify-content: space-between;
}

.c7 {
  font-size: 30px;
  text-align: end;
  font-family: fontFamily;
  font-weight: 500;
}

.c8 {
  font-size: 20px;
  font-family: fontFamily;
  font-weight: 100;
}

.c9 {
  display: flex;
  flex-direction: column;
  width: 100%;
  justify-content: space-between;
  align-items: center;
}

.c10 {
  width: 120%;
  display: flex;
  justify-content: center;
  align-items: center;
  margin-bottom: 40px;
}

.c28 {
  margin-bottom: 20px;
  font-size: 15px;
}

.c30 {
  margin-top: 50px;
  text-transform: uppercase;
  width: max-content;
}

.c12 {
  width: 100%;
  transform: unset;
  position: relative;
}

@media (width >= 1024px) {
  .c1 {
    font-family: fontFamily;
    font-weight: 400;
    color: #FBFBFB;
    font-size: 3rem;
    line-height: normal;
    margin-top: 80px;
    margin-bottom: 50px;
  }
}

@media (width >= 768px) {
  .c11 {
    --iconHeight: 358px;
    --iconWidth: 188px;
    --pathHeight: 305px;
    --pathBorder: 40px 50%;
    transform: unset;
  }
}

@media (width >= 768px) {
  .c13 {
    border-top-right-radius: 60px 50%;
    border-bottom-right-radius: 60px 50%;
    border-top-left-radius: 60px 50%;
    border-bottom-left-radius: 60px 50%;
  }
}

@media (width >= 768px) {
  .c15 {
    border-top-right-radius: 60px 50%;
    border-bottom-right-radius: 60px 50%;
    border-top-left-radius: 60px 50%;
    border-bottom-left-radius: 60px 50%;
  }
}

@media (width >= 768px) {
  .c3 {
    margin-bottom: 70px;
  }
}

@media (width >= 1024px) {
  .c5 {
    font-size: 65px;
  }
}

@media (width >= 1024px) {
  .c7 {
    font-size: 65px;
    font-family: fontFamily;
    font-weight: 300;
    margin-bottom: 30px;
  }
}

@media (width >= 1024px) {
  .c8 {
    font-size: 30px;
  }
}

@media (width >= 768px) {
  .c9 {
    flex-direction: row;
    align-items: flex-start;
  }
}

@media (width >= 768px) {
  .c10 {
    width: 100%;
    margin-bottom: 0px;
    max-width: 45%;
  }
}

@media (width >= 768px) {
  .c27 {
    padding: 0 20px;
    max-width: 55%;
    padding: 0;
  }
}

@media (width >= 768px) {
  .c28 {
    font-size: 20px;
  }
}

@media (width >= 768px) {
  .c12 {
    --iconHeight: 249px;
    --iconWidth: 130px;
    --pathHeight: 212px;
    --pathBorder: 30px 50%;
    margin: 70px 0 40px;
    min-width: 400px;
    width: 400px;
    transform: rotate(90deg);
  }
}

<body>
  <div>
    <h1
      class="c0 c1"
    >
      Experience
    </h1>
    <section
      class="c2"
    >
      <div
        class="c3"
      >
        <p
          class="c4 c5"
        >
          01
        </p>
        <div
          class="c6"
        >
          <p
            class="c4 c7"
          >
            Bonhams
          </p>
          <p
            class="c4 c8"
          >
            Feb 2022 - Present
          </p>
        </div>
      </div>
      <div
        class="c9"
      >
        <div
          class="c10"
        >
          <div
            class="c11 c12"
            role="presentation"
          >
            <div
              class="c13"
            >
              <svg
                class="c14"
                color="#FFDD83"
              >
                portal.svg
              </svg>
            </div>
            <div
              class="c15"
            >
              <svg
                class="c14"
                color="#98DFD6"
              >
                portal.svg
              </svg>
            </div>
            <div
              class="c16"
            >
              <ul
                aria-label="Used technologies at Bonhams"
              >
                <li
                  class="c17"
                  data-testid="horizontal-movement"
                  style="animation-duration: 6s; animation-delay: 5.317700619202389s;"
                >
                  <div
                    class="c18 c19"
                    data-testid="vertical-movement"
                    style="--translateY-begin: -18%; --translateY-end: 16%; animation-duration: 2.6506713315882395s;"
                  >
                    <div
                      class="c20 c21"
                      data-testid="rotation-movement"
                      style="--rotation: calc(2 * 360deg); z-index: 3; animation-duration: 5.69452697337711s;"
                    >
                      <a
                        aria-label="NodeJS"
                        class="c22 c23"
                        data-testid="plain-anchor"
                        href="https://nodejs.org/en/"
                        rel="noreferrer"
                        target="_blank"
                      >
                        <div
                          class="c24 c25"
                          data-testid="color-swapping"
                          style="animation-duration: 6s; animation-delay: 5.317700619202389s;"
                        >
                          <svg>
                            nodejs.svg
                          </svg>
                        </div>
                      </a>
                    </div>
                  </div>
                </li>
                <li
                  class="c17"
                  data-testid="horizontal-movement"
                  style="animation-duration: 6s; animation-delay: 3.608072757430517s;"
                >
                  <div
                    class="c18 c19"
                    data-testid="vertical-movement"
                    style="--translateY-begin: -22%; --translateY-end: 1%; animation-duration: 2.1750665840069803s;"
                  >
                    <div
                      class="c20 c21"
                      data-testid="rotation-movement"
                      style="--rotation: calc(2 * 360deg); z-index: 4; animation-duration: 6.759014200771513s;"
                    >
                      <a
                        aria-label="Cypress"
                        class="c22 c23"
                        data-testid="plain-anchor"
                        href="https://www.cypress.io"
                        rel="noreferrer"
                        target="_blank"
                      >
                        <div
                          class="c24 c25"
                          data-testid="color-swapping"
                          style="animation-duration: 6s; animation-delay: 3.608072757430517s;"
                        >
                          <svg>
                            cypress.svg
                          </svg>
                        </div>
                      </a>
                    </div>
                  </div>
                </li>
                <li
                  class="c17"
                  data-testid="horizontal-movement"
                  style="animation-duration: 6s; animation-delay: 4.413853448650663s;"
                >
                  <div
                    class="c18 c19"
                    data-testid="vertical-movement"
                    style="--translateY-begin: -8%; --translateY-end: 3%; animation-duration: 5.139833716157671s;"
                  >
                    <div
                      class="c20 c21"
                      data-testid="rotation-movement"
                      style="--rotation: calc(1 * 360deg); z-index: 3; animation-duration: 4.926964759094687s;"
                    >
                      <a
                        aria-label="Jest"
                        class="c22 c23"
                        data-testid="plain-anchor"
                        href="https://jestjs.io"
                        rel="noreferrer"
                        target="_blank"
                      >
                        <div
                          class="c24 c25"
                          data-testid="color-swapping"
                          style="animation-duration: 6s; animation-delay: 4.413853448650663s;"
                        >
                          <svg>
                            jest.svg
                          </svg>
                        </div>
                      </a>
                    </div>
                  </div>
                </li>
                <li
                  class="c17"
                  data-testid="horizontal-movement"
                  style="animation-duration: 6s; animation-delay: 2.4686951030768998s;"
                >
                  <div
                    class="c18 c19"
                    data-testid="vertical-movement"
                    style="--translateY-begin: 3%; --translateY-end: 0%; animation-duration: 9.08099097805323s;"
                  >
                    <div
                      class="c20 c21"
                      data-testid="rotation-movement"
                      style="--rotation: calc(1 * 360deg); z-index: 3; animation-duration: 6.409370599693125s;"
                    >
                      <a
                        aria-label="Tanstack React Query"
                        class="c22 c23"
                        data-testid="plain-anchor"
                        href="https://react-query.tanstack.com/"
                        rel="noreferrer"
                        target="_blank"
                      >
                        <div
                          class="c24 c25"
                          data-testid="color-swapping"
                          style="animation-duration: 6s; animation-delay: 2.4686951030768998s;"
                        >
                          <svg>
                            reactQuery.svg
                          </svg>
                        </div>
                      </a>
                    </div>
                  </div>
                </li>
                <li
                  class="c26"
                  data-testid="horizontal-movement"
                  style="animation-duration: 6s; animation-delay: 5.083733872294745s;"
                >
                  <div
                    class="c18 c19"
                    data-testid="vertical-movement"
                    style="--translateY-begin: 16%; --translateY-end: 35%; animation-duration: 9.072815630320118s;"
                  >
                    <div
                      class="c20 c21"
                      data-testid="rotation-movement"
                      style="--rotation: calc(2 * 360deg); z-index: 4; animation-duration: 5.170840168145276s;"
                    >
                      <a
                        aria-label="NextJS"
                        class="c22 c23"
                        data-testid="plain-anchor"
                        href="https://nextjs.org"
                        rel="noreferrer"
                        target="_blank"
                      >
                        <div
                          class="c24 c25"
                          data-testid="color-swapping"
                          style="animation-duration: 6s; animation-delay: 5.083733872294745s;"
                        >
                          <svg>
                            nextjs.svg
                          </svg>
                        </div>
                      </a>
                    </div>
                  </div>
                </li>
                <li
                  class="c17"
                  data-testid="horizontal-movement"
                  style="animation-duration: 6s; animation-delay: 5.276069308335727s;"
                >
                  <div
                    class="c18 c19"
                    data-testid="vertical-movement"
                    style="--translateY-begin: 2%; --translateY-end: -18%; animation-duration: 10.782789961495135s;"
                  >
                    <div
                      class="c20 c21"
                      data-testid="rotation-movement"
                      style="--rotation: calc(1 * 360deg); z-index: 3; animation-duration: 4.572059010408153s;"
                    >
                      <a
                        aria-label="Styled Components"
                        class="c22 c23"
                        data-testid="plain-anchor"
                        href="https://styled-components.com"
                        rel="noreferrer"
                        target="_blank"
                      >
                        <div
                          class="c24 c25"
                          data-testid="color-swapping"
                          style="animation-duration: 6s; animation-delay: 5.276069308335727s;"
                        >
                          <svg>
                            styledComponents.svg
                          </svg>
                        </div>
                      </a>
                    </div>
                  </div>
                </li>
              </ul>
            </div>
          </div>
        </div>
        <div
          class="c27"
        >
          <p
            class="c4 c28"
          >
            Front-end React Developer.
          </p>
          <p
            class="c4 c28"
          >
            Part of the team responsible for migrating the legacy website to a cutting-edge Next.JS Typescript application within an NX monorepo. Instrumental in developing a comprehensive Design System from the ground up using Styled Components. Additionally, involved in creating new applications for clients and internal administration, including an EXPO mobile app for iOS and Android.
          </p>
          <p
            class="c4 c28"
          >
            Proficiently employed Jest and MSW for thorough unit and integration testing, while utilizing Cypress for end-to-end testing.
          </p>
          <a
            class="c22 c29 c30"
            data-testid="plain-anchor"
            href="https://www.bonhams.com/"
            rel="noreferrer"
            target="_blank"
          >
            <div
              class="c31"
            >
              <svg
                class="c32 c33"
                height="42"
                width="42"
              >
                circleButton.svg
              </svg>
              <div
                class="c34"
              >
                <svg>
                  arrowRight.svg
                </svg>
              </div>
            </div>
            <p
              class="c35 c4 c36"
            >
              Check the website
            </p>
          </a>
        </div>
      </div>
    </section>
    <section
      class="c2"
    >
      <div
        class="c3"
      >
        <p
          class="c4 c5"
        >
          02
        </p>
        <div
          class="c6"
        >
          <p
            class="c4 c7"
          >
            Smart Protection
          </p>
          <p
            class="c4 c8"
          >
            Feb 2021 - Feb 2022
          </p>
        </div>
      </div>
      <div
        class="c9"
      >
        <div
          class="c10"
        >
          <div
            class="c11 c12"
            role="presentation"
          >
            <div
              class="c13"
            >
              <svg
                class="c14"
                color="#FFDD83"
              >
                portal.svg
              </svg>
            </div>
            <div
              class="c15"
            >
              <svg
                class="c14"
                color="#98DFD6"
              >
                portal.svg
              </svg>
            </div>
            <div
              class="c16"
            >
              <ul
                aria-label="Used technologies at Smart Protection"
              >
                <li
                  class="c17"
                  data-testid="horizontal-movement"
                  style="animation-duration: 6s; animation-delay: 4.144348516768651s;"
                >
                  <div
                    class="c18 c19"
                    data-testid="vertical-movement"
                    style="--translateY-begin: -15%; --translateY-end: 6%; animation-duration: 4.506798326937581s;"
                  >
                    <div
                      class="c20 c21"
                      data-testid="rotation-movement"
                      style="--rotation: calc(2 * 360deg); z-index: 2; animation-duration: 6.054742129509922s;"
                    >
                      <a
                        aria-label="NodeJS"
                        class="c22 c23"
                        data-testid="plain-anchor"
                        href="https://nodejs.org/en/"
                        rel="noreferrer"
                        target="_blank"
                      >
                        <div
                          class="c24 c25"
                          data-testid="color-swapping"
                          style="animation-duration: 6s; animation-delay: 4.144348516768651s;"
                        >
                          <svg>
                            nodejs.svg
                          </svg>
                        </div>
                      </a>
                    </div>
                  </div>
                </li>
              </ul>
            </div>
          </div>
        </div>
        <div
          class="c27"
        >
          <p
            class="c4 c28"
          >
            Front-end React Developer.
          </p>
          <p
            class="c4 c28"
          >
            Responsible for spearheading the development of back-office applications, catering to the internal administrative requirements of the company's business data.
          </p>
          <p
            class="c4 c28"
          >
            Initiated the creation of a comprehensive monorepo from the ground up using Yarn Workspaces, ensuring the development of full TypeScript applications.
          </p>
          <a
            class="c22 c29 c30"
            data-testid="plain-anchor"
            href="https://www.smartprotection.com/"
            rel="noreferrer"
            target="_blank"
          >
            <div
              class="c31"
            >
              <svg
                class="c32 c33"
                height="42"
                width="42"
              >
                circleButton.svg
              </svg>
              <div
                class="c34"
              >
                <svg>
                  arrowRight.svg
                </svg>
              </div>
            </div>
            <p
              class="c35 c4 c36"
            >
              Check the website
            </p>
          </a>
        </div>
      </div>
    </section>
  </div>
</body>
`;
