// Jest Snapshot v1, https://jestjs.io/docs/snapshot-testing

exports[`generateKeyframeStep generate keyframe step snapshot for image 0 1`] = `
"
    24.9999% {
      background-image: none;
    }

    25% {
      background-image: url(1);
    }
  "
`;

exports[`generateKeyframeStep generate keyframe step snapshot for image 1 1`] = `
"
    49.9999% {
      background-image: url(1);
    }

    50% {
      background-image: url(1), url(2);
    }
  "
`;

exports[`generateKeyframeStep generate keyframe step snapshot for image 2 1`] = `
"
    99.9999% {
      background-image: url(1), url(2);
    }

    100% {
      background-image: url(1), url(2), url(3);
    }
  "
`;

exports[`swapImageAnimation generate keyframe snapshot for images 1`] = `
qt {
  "id": "sc-keyframes-kzvgWv",
  "inject": [Function],
  "name": "kzvgWv",
  "rules": "
      0% {
        background-image: none;
      }
      
    24.9999% {
      background-image: none;
    }

    25% {
      background-image: url(1);
    }
  
    49.9999% {
      background-image: url(1);
    }

    50% {
      background-image: url(1), url(2);
    }
  
    99.9999% {
      background-image: url(1), url(2);
    }

    100% {
      background-image: url(1), url(2), url(3);
    }
  
",
  Symbol(sc-keyframes): true,
}
`;
