// Jest Snapshot v1, https://goo.gl/fbAQLP

exports[`Header should render successfully 1`] = `
.c2 {
  font-family: 'Roboto mono',monospace;
  font-weight: 400;
  color: #FFFFFF;
  font-size: 0.9rem;
  line-height: normal;
  white-space: pre-line;
}

.c2 ul,
.c2 ol {
  margin-left: 40px;
  margin-bottom: 10px;
}

.c2 ul {
  list-style: outside disc;
}

.c2 ol {
  list-style: decimal;
}

.c2 li {
  padding-left: 10px;
}

.c3 {
  outline: none;
  cursor: pointer;
  display: flex;
  align-items: center;
  max-height: 42px;
}

.c3:hover circle.loading {
  stroke: white;
  stroke-width: 6px;
  stroke-dasharray: 110;
  stroke-dashoffset: 82;
  animation: clock-loading 0.5s steps(4, jump-none) forwards;
  transform: rotate(-90deg);
  transform-origin: center;
}

.c4 {
  position: relative;
  width: 42px;
  height: 42px;
}

.c5 {
  position: absolute;
  transform: translate(-50%, -50%);
  top: 50%;
  left: 50%;
}

.c6 {
  position: absolute;
  transform: translate(-50%, -50%);
  top: 50%;
  left: 50%;
  display: flex;
}

.c7 {
  margin-left: 8px;
}

.c0 {
  height: 115px;
  max-width: 1440px;
  width: 100%;
  margin: 0 auto;
  display: flex;
  justify-items: center;
  align-items: center;
}

.c1 {
  display: flex;
  align-items: center;
  flex-grow: 1;
  justify-content: center;
  gap: 60px;
}

<body>
  <div>
    <nav
      class="c0"
    >
      <a
        href="/"
      >
        <svg
          height="55"
        >
          slLogo.svg
        </svg>
      </a>
      <ul
        class="c1"
      >
        <li
          class=""
        >
          <a
            href="/experience"
          >
            <p
              class="c2"
            >
              Experience
            </p>
          </a>
        </li>
        <li
          class=""
        >
          <a
            href="/contact"
          >
            <p
              class="c2"
            >
              Contact
            </p>
          </a>
        </li>
        <li
          class=""
        >
          <a
            href="/portfolio"
          >
            <p
              class="c2"
            >
              CV/Portfolio
            </p>
          </a>
        </li>
      </ul>
      <a
        class="c3"
        href="/"
      >
        <div
          class="c4"
        >
          <svg
            class="c5"
            height="42"
            width="42"
          >
            circleButton.svg
          </svg>
          <div
            class="c6"
          >
            <svg>
              arrowRight.svg
            </svg>
          </div>
        </div>
        <p
          class="c2 c7"
        >
          Get in touch
        </p>
      </a>
    </nav>
  </div>
</body>
`;
