// Jest Snapshot v1, https://goo.gl/fbAQLP

exports[`[lng] route - Page should render successfully 1`] = `
.c18 {
  font-family: 'Roboto mono',monospace;
  font-weight: 400;
  color: #FBFBFB;
  font-size: 1.5rem;
  line-height: normal;
  margin: 0;
}

.c8 {
  font-family: 'Roboto mono',monospace;
  font-weight: 400;
  color: #FBFBFB;
  font-size: 0.9rem;
  line-height: normal;
  white-space: pre-line;
}

.c8 ul,
.c8 ol {
  margin-left: 40px;
  margin-bottom: 10px;
}

.c8 ul {
  list-style: outside disc;
}

.c8 ol {
  list-style: decimal;
}

.c8 li {
  padding-left: 10px;
}

.c23 {
  font-family: 'Roboto mono',monospace;
  font-weight: 500;
  color: #FBFBFB;
  font-size: 0.5rem;
  line-height: normal;
  text-transform: uppercase;
}

.c0 {
  width: 100%;
  display: flex;
  flex-direction: column;
}

.c17 {
  display: flex;
  min-height: calc(100vh - 115px);
  padding-top: 80px;
  align-items: center;
  flex-direction: column;
  overflow: hidden;
}

.c157 {
  position: relative;
  width: 100%;
  display: flex;
  flex-direction: column;
  align-items: center;
  min-height: 120px;
  margin-top: 50px;
}

.c158 {
  position: relative;
  width: 100%;
  height: 15px;
}

.c161 {
  position: absolute;
  top: -61px;
  left: 30px;
}

.c159 {
  height: 7px;
  width: 100%;
  position: relative;
}

.c159:before {
  content: '';
  position: absolute;
  width: 100%;
  height: 3px;
  background: linear-gradient(         to bottom,         rgba(0,0,0,0.3),         rgba(152,223,214,0.3)       );
}

.c160 {
  position: relative;
  max-width: 1440px;
  min-height: 120px;
  align-items: center;
  justify-content: unset;
  width: 100%;
  display: grid;
  padding: 30px;
}

.c162 {
  display: flex;
  align-items: center;
  position: relative;
}

.c163 {
  display: flex;
  align-items: center;
  flex-grow: 1;
  flex-direction: row;
  width: 100%;
  gap: 30px;
  flex-wrap: wrap;
}

.c164 {
  display: flex;
  align-items: center;
  gap: 4px;
}

.c164:hover,
.c164:focus {
  text-decoration: none;
}

.c165 {
  height: 20px;
  display: flex;
  gap: 20px;
  justify-self: end;
  padding: 30px 0;
}

.c1 {
  background-color: #FBFBFB;
  color: #000000;
  height: 130px;
  max-width: 1440px;
  width: 100%;
  padding: 0 30px;
  margin: 0 auto;
  display: flex;
  justify-items: center;
  align-items: end;
}

.c6 {
  display: flex;
}

.c6:hover,
.c6:focus {
  text-decoration: none;
}

.c4 {
  display: flex;
  align-items: end;
  flex-grow: 1;
  justify-content: space-around;
  height: 100%;
}

.c5 {
  width: 59px;
  display: flex;
  justify-content: center;
  height: 100%;
  padding-bottom: 25px;
}

.c5 .c7 {
  font-family: 'Roboto mono',monospace;
  font-weight: 500;
  color: #FBFBFB;
  font-size: 0.55rem;
  line-height: normal;
  color: #000000;
  writing-mode: tb-rl;
  transform: rotate(-180deg);
}

.c5:hover {
  background-color: #000000;
  cursor: pointer;
}

.c5:hover .c7 {
  color: #FBFBFB;
}

.c9 {
  width: 59px;
  display: flex;
  justify-content: center;
  height: 100%;
  padding-bottom: 25px;
}

.c9 .c7 {
  font-family: 'Roboto mono',monospace;
  font-weight: 500;
  color: #FBFBFB;
  font-size: 0.55rem;
  line-height: normal;
  color: #000000;
  writing-mode: tb-rl;
  transform: rotate(-180deg);
}

.c9:hover {
  background-color: #000000;
  cursor: pointer;
}

.c9:hover .c7 {
  color: #FBFBFB;
}

.c16 {
  margin-left: 8px;
  position: relative;
}

.c16:hover,
.c16:focus {
  text-decoration: none;
}

.c16::after {
  content: '';
  position: absolute;
  width: 100%;
  transform: scaleX(0);
  height: 2px;
  bottom: 0;
  left: 0;
  background-color: #FBFBFB;
  transform-origin: bottom right;
  transition: transform 0.5s ease-out;
}

.c20 {
  outline: none;
  cursor: pointer;
  display: flex;
  align-items: center;
  max-height: 76px;
}

.c20:hover,
.c20:focus {
  text-decoration: none;
}

.c20:hover circle.loading {
  stroke: white;
  stroke-width: 6px;
  stroke-dasharray: 110;
  stroke-dashoffset: 82;
  animation: clock-loading 0.5s steps(4, jump-none) forwards;
  transform: rotate(-90deg);
  transform-origin: center;
}

.c20:hover .c15::after {
  transform: scaleX(1);
  transform-origin: bottom left;
}

.c10 {
  outline: none;
  cursor: pointer;
  display: flex;
  align-items: center;
  max-height: 42px;
}

.c10:hover,
.c10:focus {
  text-decoration: none;
}

.c10:hover circle.loading {
  stroke: white;
  stroke-width: 6px;
  stroke-dasharray: 110;
  stroke-dashoffset: 82;
  animation: clock-loading 0.5s steps(4, jump-none) forwards;
  transform: rotate(-90deg);
  transform-origin: center;
}

.c10:hover .c15::after {
  transform: scaleX(1);
  transform-origin: bottom left;
}

.c22 {
  position: relative;
  width: 76px;
  height: 76px;
}

.c12 {
  position: relative;
  width: 42px;
  height: 42px;
}

.c13 {
  position: absolute;
  transform: translate(-50%, -50%);
  top: 50%;
  left: 50%;
}

.c14 {
  position: absolute;
  transform: translate(-50%, -50%);
  top: 50%;
  left: 50%;
  display: flex;
}

.c2 {
  display: flex;
}

.c3 {
  color: #000000;
  margin-bottom: 25px;
}

.c11 {
  display: none;
}

.c19 {
  text-align: center;
}

.c155 {
  margin-top: 30px;
}

.c21 {
  margin-top: 40px;
  margin-bottom: 30px;
}

.c156 {
  text-align: center;
  max-width: 1180px;
  padding: 0 34px;
}

.c156 .c7 {
  margin-top: 20px;
}

.c85 {
  --itemSize: 20%;
  position: absolute;
  opacity: 0;
  width: 100%;
  height: 100%;
  animation: 13.361017719113136s horizontal-movement 3.7094338440028527s linear infinite;
}

.c88 {
  --itemSize: 20%;
  position: absolute;
  opacity: 0;
  width: 100%;
  height: 100%;
  animation: 9.433838159097727s horizontal-movement 5.729506527924766s linear infinite;
}

.c91 {
  --itemSize: 20%;
  position: absolute;
  opacity: 0;
  width: 100%;
  height: 100%;
  animation: 12.171178389214962s horizontal-movement 2.557262314041742s linear infinite;
}

.c94 {
  --itemSize: 20%;
  position: absolute;
  opacity: 0;
  width: 100%;
  height: 100%;
  animation: 19.862238982803138s horizontal-movement 2.453826233864693s linear infinite;
}

.c97 {
  --itemSize: 20%;
  position: absolute;
  opacity: 0;
  width: 100%;
  height: 100%;
  animation: 19.086195302377476s horizontal-movement 3.6754788246774375s linear infinite;
}

.c100 {
  --itemSize: 20%;
  position: absolute;
  opacity: 0;
  width: 100%;
  height: 100%;
  animation: 12.867334656694439s horizontal-movement 1.41836607095937s linear infinite;
}

.c103 {
  --itemSize: 20%;
  position: absolute;
  opacity: 0;
  width: 100%;
  height: 100%;
  animation: 17.05506255384065s horizontal-movement 2.122748327837681s linear infinite;
}

.c106 {
  --itemSize: 20%;
  position: absolute;
  opacity: 0;
  width: 100%;
  height: 100%;
  animation: 14.864164329362865s horizontal-movement 1.1552118439434165s linear infinite;
}

.c109 {
  --itemSize: 20%;
  position: absolute;
  opacity: 0;
  width: 100%;
  height: 100%;
  animation: 8.22791729684474s horizontal-movement 2.1123228571704544s linear infinite;
}

.c112 {
  --itemSize: 20%;
  position: absolute;
  opacity: 0;
  width: 100%;
  height: 100%;
  animation: 6.852875118023229s horizontal-movement 1.8514698893318877s linear infinite;
}

.c115 {
  --itemSize: 20%;
  position: absolute;
  opacity: 0;
  width: 100%;
  height: 100%;
  animation: 12.263523865552148s horizontal-movement 3.897167493837152s linear infinite;
}

.c118 {
  --itemSize: 20%;
  position: absolute;
  opacity: 0;
  width: 100%;
  height: 100%;
  animation: 17.16997235647387s horizontal-movement 3.917696261829233s linear infinite;
}

.c121 {
  --itemSize: 20%;
  position: absolute;
  opacity: 0;
  width: 100%;
  height: 100%;
  animation: 10.492095088075562s horizontal-movement 2.3413861143826633s linear infinite;
}

.c124 {
  --itemSize: 20%;
  position: absolute;
  opacity: 0;
  width: 100%;
  height: 100%;
  animation: 17.415416075837825s horizontal-movement 2.470861283499053s linear infinite;
}

.c127 {
  --itemSize: 20%;
  position: absolute;
  opacity: 0;
  width: 100%;
  height: 100%;
  animation: 9.714271177719167s horizontal-movement 5.352557508310857s linear infinite;
}

.c130 {
  --itemSize: 20%;
  position: absolute;
  opacity: 0;
  width: 100%;
  height: 100%;
  animation: 7.6432173501881575s horizontal-movement 2.3574898001531714s linear infinite;
}

.c133 {
  --itemSize: 20%;
  position: absolute;
  opacity: 0;
  width: 100%;
  height: 100%;
  animation: 11.95720964170214s horizontal-movement 5.43674581898386s linear infinite;
}

.c136 {
  --itemSize: 20%;
  position: absolute;
  opacity: 0;
  width: 100%;
  height: 100%;
  animation: 18.75003352314075s horizontal-movement 5.98816051381034s linear infinite;
}

.c139 {
  --itemSize: 20%;
  position: absolute;
  opacity: 0;
  width: 100%;
  height: 100%;
  animation: 17.20348829116948s horizontal-movement 5.370189376420939s linear infinite;
}

.c142 {
  --itemSize: 20%;
  position: absolute;
  opacity: 0;
  width: 100%;
  height: 100%;
  animation: 9.222666072986431s horizontal-movement 3.7468208360855155s linear infinite;
}

.c145 {
  --itemSize: 20%;
  position: absolute;
  opacity: 0;
  width: 100%;
  height: 100%;
  animation: 16.289431140135967s horizontal-movement 2.5513417013930297s linear infinite;
}

.c148 {
  --itemSize: 20%;
  position: absolute;
  opacity: 0;
  width: 100%;
  height: 100%;
  animation: 20.845260999375725s horizontal-movement 4.383407571305889s linear infinite;
}

.c151 {
  --itemSize: 20%;
  position: absolute;
  opacity: 0;
  width: 100%;
  height: 100%;
  animation: 11.156745828694362s horizontal-movement 1.977345382178557s linear infinite;
}

.c86 {
  position: absolute;
  width: 100%;
  height: 100%;
  display: grid;
  place-items: center;
  --translateY-begin: -17%;
  --translateY-end: 12%;
  animation: 10.667889333944972s vertical-movement ease-in-out alternate infinite;
}

.c89 {
  position: absolute;
  width: 100%;
  height: 100%;
  display: grid;
  place-items: center;
  --translateY-begin: -9%;
  --translateY-end: 9%;
  animation: 3.113511628530693s vertical-movement ease-in-out alternate infinite;
}

.c92 {
  position: absolute;
  width: 100%;
  height: 100%;
  display: grid;
  place-items: center;
  --translateY-begin: -21%;
  --translateY-end: 21%;
  animation: 5.079646629015135s vertical-movement ease-in-out alternate infinite;
}

.c95 {
  position: absolute;
  width: 100%;
  height: 100%;
  display: grid;
  place-items: center;
  --translateY-begin: -27%;
  --translateY-end: 2%;
  animation: 8.047602049184066s vertical-movement ease-in-out alternate infinite;
}

.c98 {
  position: absolute;
  width: 100%;
  height: 100%;
  display: grid;
  place-items: center;
  --translateY-begin: -5%;
  --translateY-end: 29%;
  animation: 2.839064018573417s vertical-movement ease-in-out alternate infinite;
}

.c101 {
  position: absolute;
  width: 100%;
  height: 100%;
  display: grid;
  place-items: center;
  --translateY-begin: -14%;
  --translateY-end: 39%;
  animation: 10.666854067497264s vertical-movement ease-in-out alternate infinite;
}

.c104 {
  position: absolute;
  width: 100%;
  height: 100%;
  display: grid;
  place-items: center;
  --translateY-begin: -34%;
  --translateY-end: 19%;
  animation: 9.194175736708132s vertical-movement ease-in-out alternate infinite;
}

.c107 {
  position: absolute;
  width: 100%;
  height: 100%;
  display: grid;
  place-items: center;
  --translateY-begin: -30%;
  --translateY-end: 40%;
  animation: 5.541227904293283s vertical-movement ease-in-out alternate infinite;
}

.c110 {
  position: absolute;
  width: 100%;
  height: 100%;
  display: grid;
  place-items: center;
  --translateY-begin: -23%;
  --translateY-end: 30%;
  animation: 4.530818302136237s vertical-movement ease-in-out alternate infinite;
}

.c113 {
  position: absolute;
  width: 100%;
  height: 100%;
  display: grid;
  place-items: center;
  --translateY-begin: 0%;
  --translateY-end: 26%;
  animation: 5.336886805046982s vertical-movement ease-in-out alternate infinite;
}

.c116 {
  position: absolute;
  width: 100%;
  height: 100%;
  display: grid;
  place-items: center;
  --translateY-begin: -25%;
  --translateY-end: 30%;
  animation: 8.331348016996087s vertical-movement ease-in-out alternate infinite;
}

.c119 {
  position: absolute;
  width: 100%;
  height: 100%;
  display: grid;
  place-items: center;
  --translateY-begin: -18%;
  --translateY-end: 12%;
  animation: 5.143276748357786s vertical-movement ease-in-out alternate infinite;
}

.c122 {
  position: absolute;
  width: 100%;
  height: 100%;
  display: grid;
  place-items: center;
  --translateY-begin: -30%;
  --translateY-end: 8%;
  animation: 6.976388341371837s vertical-movement ease-in-out alternate infinite;
}

.c125 {
  position: absolute;
  width: 100%;
  height: 100%;
  display: grid;
  place-items: center;
  --translateY-begin: -29%;
  --translateY-end: 39%;
  animation: 7.09736682965288s vertical-movement ease-in-out alternate infinite;
}

.c128 {
  position: absolute;
  width: 100%;
  height: 100%;
  display: grid;
  place-items: center;
  --translateY-begin: -6%;
  --translateY-end: 39%;
  animation: 5.31022189935765s vertical-movement ease-in-out alternate infinite;
}

.c131 {
  position: absolute;
  width: 100%;
  height: 100%;
  display: grid;
  place-items: center;
  --translateY-begin: -1%;
  --translateY-end: 7%;
  animation: 9.104904743471351s vertical-movement ease-in-out alternate infinite;
}

.c134 {
  position: absolute;
  width: 100%;
  height: 100%;
  display: grid;
  place-items: center;
  --translateY-begin: -23%;
  --translateY-end: 4%;
  animation: 7.278903070610936s vertical-movement ease-in-out alternate infinite;
}

.c137 {
  position: absolute;
  width: 100%;
  height: 100%;
  display: grid;
  place-items: center;
  --translateY-begin: -13%;
  --translateY-end: 10%;
  animation: 7.798768861069058s vertical-movement ease-in-out alternate infinite;
}

.c140 {
  position: absolute;
  width: 100%;
  height: 100%;
  display: grid;
  place-items: center;
  --translateY-begin: -19%;
  --translateY-end: 17%;
  animation: 6.774587735663957s vertical-movement ease-in-out alternate infinite;
}

.c143 {
  position: absolute;
  width: 100%;
  height: 100%;
  display: grid;
  place-items: center;
  --translateY-begin: -5%;
  --translateY-end: 4%;
  animation: 7.9722825890974525s vertical-movement ease-in-out alternate infinite;
}

.c146 {
  position: absolute;
  width: 100%;
  height: 100%;
  display: grid;
  place-items: center;
  --translateY-begin: -2%;
  --translateY-end: 26%;
  animation: 8.507726045839462s vertical-movement ease-in-out alternate infinite;
}

.c149 {
  position: absolute;
  width: 100%;
  height: 100%;
  display: grid;
  place-items: center;
  --translateY-begin: -11%;
  --translateY-end: 39%;
  animation: 4.450890935087399s vertical-movement ease-in-out alternate infinite;
}

.c152 {
  position: absolute;
  width: 100%;
  height: 100%;
  display: grid;
  place-items: center;
  --translateY-begin: -4%;
  --translateY-end: 14%;
  animation: 8.198467029658513s vertical-movement ease-in-out alternate infinite;
}

.c87 {
  position: absolute;
  z-index: 2;
  transform-origin: center;
  height: var(--itemSize);
  aspect-ratio: 1/1;
  --rotation: calc(               1 *                 360deg             );
  animation: 2.7199740902766525s rotate-movement linear infinite;
}

.c87::after {
  content: '';
  width: 100%;
  height: 100%;
  border-radius: 50%;
  overflow: hidden;
  display: block;
  background-image: url(/assets/react-logo.png);
  background-size: contain;
}

.c90 {
  position: absolute;
  z-index: 2;
  transform-origin: center;
  height: var(--itemSize);
  aspect-ratio: 1/1;
}

.c90::after {
  content: '';
  width: 100%;
  height: 100%;
  border-radius: 50%;
  overflow: hidden;
  display: block;
  background: #b9ad04;
}

.c93 {
  position: absolute;
  z-index: 2;
  transform-origin: center;
  height: var(--itemSize);
  aspect-ratio: 1/1;
}

.c93::after {
  content: '';
  width: 100%;
  height: 100%;
  border-radius: 50%;
  overflow: hidden;
  display: block;
  background: #66be97;
}

.c96 {
  position: absolute;
  z-index: 3;
  transform-origin: center;
  height: var(--itemSize);
  aspect-ratio: 1/1;
}

.c96::after {
  content: '';
  width: 100%;
  height: 100%;
  border-radius: 50%;
  overflow: hidden;
  display: block;
  background: #905272;
}

.c99 {
  position: absolute;
  z-index: 2;
  transform-origin: center;
  height: var(--itemSize);
  aspect-ratio: 1/1;
}

.c99::after {
  content: '';
  width: 100%;
  height: 100%;
  border-radius: 50%;
  overflow: hidden;
  display: block;
  background: #a2272f;
}

.c102 {
  position: absolute;
  z-index: 4;
  transform-origin: center;
  height: var(--itemSize);
  aspect-ratio: 1/1;
}

.c102::after {
  content: '';
  width: 100%;
  height: 100%;
  border-radius: 50%;
  overflow: hidden;
  display: block;
  background: #4e7edf;
}

.c105 {
  position: absolute;
  z-index: 3;
  transform-origin: center;
  height: var(--itemSize);
  aspect-ratio: 1/1;
}

.c105::after {
  content: '';
  width: 100%;
  height: 100%;
  border-radius: 50%;
  overflow: hidden;
  display: block;
  background: #31f053;
}

.c108 {
  position: absolute;
  z-index: 4;
  transform-origin: center;
  height: var(--itemSize);
  aspect-ratio: 1/1;
}

.c108::after {
  content: '';
  width: 100%;
  height: 100%;
  border-radius: 50%;
  overflow: hidden;
  display: block;
  background: #f50536;
}

.c111 {
  position: absolute;
  z-index: 3;
  transform-origin: center;
  height: var(--itemSize);
  aspect-ratio: 1/1;
}

.c111::after {
  content: '';
  width: 100%;
  height: 100%;
  border-radius: 50%;
  overflow: hidden;
  display: block;
  background: #3d20f1;
}

.c114 {
  position: absolute;
  z-index: 4;
  transform-origin: center;
  height: var(--itemSize);
  aspect-ratio: 1/1;
}

.c114::after {
  content: '';
  width: 100%;
  height: 100%;
  border-radius: 50%;
  overflow: hidden;
  display: block;
  background: #84c710;
}

.c117 {
  position: absolute;
  z-index: 3;
  transform-origin: center;
  height: var(--itemSize);
  aspect-ratio: 1/1;
}

.c117::after {
  content: '';
  width: 100%;
  height: 100%;
  border-radius: 50%;
  overflow: hidden;
  display: block;
  background: #1f4689;
}

.c120 {
  position: absolute;
  z-index: 2;
  transform-origin: center;
  height: var(--itemSize);
  aspect-ratio: 1/1;
}

.c120::after {
  content: '';
  width: 100%;
  height: 100%;
  border-radius: 50%;
  overflow: hidden;
  display: block;
  background: #12061b;
}

.c123 {
  position: absolute;
  z-index: 4;
  transform-origin: center;
  height: var(--itemSize);
  aspect-ratio: 1/1;
}

.c123::after {
  content: '';
  width: 100%;
  height: 100%;
  border-radius: 50%;
  overflow: hidden;
  display: block;
  background: #9af326;
}

.c126 {
  position: absolute;
  z-index: 2;
  transform-origin: center;
  height: var(--itemSize);
  aspect-ratio: 1/1;
}

.c126::after {
  content: '';
  width: 100%;
  height: 100%;
  border-radius: 50%;
  overflow: hidden;
  display: block;
  background: #4447bb;
}

.c129 {
  position: absolute;
  z-index: 2;
  transform-origin: center;
  height: var(--itemSize);
  aspect-ratio: 1/1;
}

.c129::after {
  content: '';
  width: 100%;
  height: 100%;
  border-radius: 50%;
  overflow: hidden;
  display: block;
  background: #65f8a2;
}

.c132 {
  position: absolute;
  z-index: 5;
  transform-origin: center;
  height: var(--itemSize);
  aspect-ratio: 1/1;
}

.c132::after {
  content: '';
  width: 100%;
  height: 100%;
  border-radius: 50%;
  overflow: hidden;
  display: block;
  background: #ed55d0;
}

.c135 {
  position: absolute;
  z-index: 3;
  transform-origin: center;
  height: var(--itemSize);
  aspect-ratio: 1/1;
}

.c135::after {
  content: '';
  width: 100%;
  height: 100%;
  border-radius: 50%;
  overflow: hidden;
  display: block;
  background: #e8cc3b;
}

.c138 {
  position: absolute;
  z-index: 2;
  transform-origin: center;
  height: var(--itemSize);
  aspect-ratio: 1/1;
}

.c138::after {
  content: '';
  width: 100%;
  height: 100%;
  border-radius: 50%;
  overflow: hidden;
  display: block;
  background: #a8d44a;
}

.c141 {
  position: absolute;
  z-index: 2;
  transform-origin: center;
  height: var(--itemSize);
  aspect-ratio: 1/1;
}

.c141::after {
  content: '';
  width: 100%;
  height: 100%;
  border-radius: 50%;
  overflow: hidden;
  display: block;
  background: #4d811f;
}

.c144 {
  position: absolute;
  z-index: 2;
  transform-origin: center;
  height: var(--itemSize);
  aspect-ratio: 1/1;
}

.c144::after {
  content: '';
  width: 100%;
  height: 100%;
  border-radius: 50%;
  overflow: hidden;
  display: block;
  background: #b42683;
}

.c147 {
  position: absolute;
  z-index: 4;
  transform-origin: center;
  height: var(--itemSize);
  aspect-ratio: 1/1;
}

.c147::after {
  content: '';
  width: 100%;
  height: 100%;
  border-radius: 50%;
  overflow: hidden;
  display: block;
  background: #b3d907;
}

.c150 {
  position: absolute;
  z-index: 2;
  transform-origin: center;
  height: var(--itemSize);
  aspect-ratio: 1/1;
}

.c150::after {
  content: '';
  width: 100%;
  height: 100%;
  border-radius: 50%;
  overflow: hidden;
  display: block;
  background: #fd4f20;
}

.c153 {
  position: absolute;
  z-index: 3;
  transform-origin: center;
  height: var(--itemSize);
  aspect-ratio: 1/1;
}

.c153::after {
  content: '';
  width: 100%;
  height: 100%;
  border-radius: 50%;
  overflow: hidden;
  display: block;
  background: #29c372;
}

.c35 {
  width: var(--particleSize);
  height: var(--particleSize);
  border-radius: 50%;
  mix-blend-mode: screen;
  background-image: radial-gradient(       hsl(180, 100%, 80%),       hsl(180, 100%, 80%) 10%,       hsla(180, 100%, 80%, 0) 56%     );
  animation: particle-fade 785ms infinite,particle-scale 1354ms infinite;
  animation-delay: 97ms;
}

.c36 {
  width: var(--particleSize);
  height: var(--particleSize);
  border-radius: 50%;
  mix-blend-mode: screen;
  background-image: radial-gradient(       hsl(180, 100%, 80%),       hsl(180, 100%, 80%) 10%,       hsla(180, 100%, 80%, 0) 56%     );
  animation: particle-fade 667ms infinite,particle-scale 1592ms infinite;
  animation-delay: 20ms;
}

.c37 {
  width: var(--particleSize);
  height: var(--particleSize);
  border-radius: 50%;
  mix-blend-mode: screen;
  background-image: radial-gradient(       hsl(180, 100%, 80%),       hsl(180, 100%, 80%) 10%,       hsla(180, 100%, 80%, 0) 56%     );
  animation: particle-fade 718ms infinite,particle-scale 1657ms infinite;
  animation-delay: 51ms;
}

.c38 {
  width: var(--particleSize);
  height: var(--particleSize);
  border-radius: 50%;
  mix-blend-mode: screen;
  background-image: radial-gradient(       hsl(180, 100%, 80%),       hsl(180, 100%, 80%) 10%,       hsla(180, 100%, 80%, 0) 56%     );
  animation: particle-fade 783ms infinite,particle-scale 1297ms infinite;
  animation-delay: 99ms;
}

.c39 {
  width: var(--particleSize);
  height: var(--particleSize);
  border-radius: 50%;
  mix-blend-mode: screen;
  background-image: radial-gradient(       hsl(180, 100%, 80%),       hsl(180, 100%, 80%) 10%,       hsla(180, 100%, 80%, 0) 56%     );
  animation: particle-fade 707ms infinite,particle-scale 1988ms infinite;
  animation-delay: 55ms;
}

.c40 {
  width: var(--particleSize);
  height: var(--particleSize);
  border-radius: 50%;
  mix-blend-mode: screen;
  background-image: radial-gradient(       hsl(180, 100%, 80%),       hsl(180, 100%, 80%) 10%,       hsla(180, 100%, 80%, 0) 56%     );
  animation: particle-fade 735ms infinite,particle-scale 1306ms infinite;
  animation-delay: 65ms;
}

.c41 {
  width: var(--particleSize);
  height: var(--particleSize);
  border-radius: 50%;
  mix-blend-mode: screen;
  background-image: radial-gradient(       hsl(180, 100%, 80%),       hsl(180, 100%, 80%) 10%,       hsla(180, 100%, 80%, 0) 56%     );
  animation: particle-fade 835ms infinite,particle-scale 1907ms infinite;
  animation-delay: 77ms;
}

.c42 {
  width: var(--particleSize);
  height: var(--particleSize);
  border-radius: 50%;
  mix-blend-mode: screen;
  background-image: radial-gradient(       hsl(180, 100%, 80%),       hsl(180, 100%, 80%) 10%,       hsla(180, 100%, 80%, 0) 56%     );
  animation: particle-fade 769ms infinite,particle-scale 1034ms infinite;
  animation-delay: 91ms;
}

.c43 {
  width: var(--particleSize);
  height: var(--particleSize);
  border-radius: 50%;
  mix-blend-mode: screen;
  background-image: radial-gradient(       hsl(180, 100%, 80%),       hsl(180, 100%, 80%) 10%,       hsla(180, 100%, 80%, 0) 56%     );
  animation: particle-fade 972ms infinite,particle-scale 1827ms infinite;
  animation-delay: 72ms;
}

.c44 {
  width: var(--particleSize);
  height: var(--particleSize);
  border-radius: 50%;
  mix-blend-mode: screen;
  background-image: radial-gradient(       hsl(180, 100%, 80%),       hsl(180, 100%, 80%) 10%,       hsla(180, 100%, 80%, 0) 56%     );
  animation: particle-fade 593ms infinite,particle-scale 1124ms infinite;
  animation-delay: 40ms;
}

.c45 {
  width: var(--particleSize);
  height: var(--particleSize);
  border-radius: 50%;
  mix-blend-mode: screen;
  background-image: radial-gradient(       hsl(180, 100%, 80%),       hsl(180, 100%, 80%) 10%,       hsla(180, 100%, 80%, 0) 56%     );
  animation: particle-fade 746ms infinite,particle-scale 1630ms infinite;
  animation-delay: 3ms;
}

.c46 {
  width: var(--particleSize);
  height: var(--particleSize);
  border-radius: 50%;
  mix-blend-mode: screen;
  background-image: radial-gradient(       hsl(180, 100%, 80%),       hsl(180, 100%, 80%) 10%,       hsla(180, 100%, 80%, 0) 56%     );
  animation: particle-fade 953ms infinite,particle-scale 1304ms infinite;
  animation-delay: 51ms;
}

.c47 {
  width: var(--particleSize);
  height: var(--particleSize);
  border-radius: 50%;
  mix-blend-mode: screen;
  background-image: radial-gradient(       hsl(180, 100%, 80%),       hsl(180, 100%, 80%) 10%,       hsla(180, 100%, 80%, 0) 56%     );
  animation: particle-fade 725ms infinite,particle-scale 1049ms infinite;
  animation-delay: 37ms;
}

.c48 {
  width: var(--particleSize);
  height: var(--particleSize);
  border-radius: 50%;
  mix-blend-mode: screen;
  background-image: radial-gradient(       hsl(180, 100%, 80%),       hsl(180, 100%, 80%) 10%,       hsla(180, 100%, 80%, 0) 56%     );
  animation: particle-fade 881ms infinite,particle-scale 1473ms infinite;
  animation-delay: 83ms;
}

.c49 {
  width: var(--particleSize);
  height: var(--particleSize);
  border-radius: 50%;
  mix-blend-mode: screen;
  background-image: radial-gradient(       hsl(180, 100%, 80%),       hsl(180, 100%, 80%) 10%,       hsla(180, 100%, 80%, 0) 56%     );
  animation: particle-fade 678ms infinite,particle-scale 1514ms infinite;
  animation-delay: 29ms;
}

.c50 {
  width: var(--particleSize);
  height: var(--particleSize);
  border-radius: 50%;
  mix-blend-mode: screen;
  background-image: radial-gradient(       hsl(180, 100%, 80%),       hsl(180, 100%, 80%) 10%,       hsla(180, 100%, 80%, 0) 56%     );
  animation: particle-fade 513ms infinite,particle-scale 1833ms infinite;
  animation-delay: 62ms;
}

.c51 {
  width: var(--particleSize);
  height: var(--particleSize);
  border-radius: 50%;
  mix-blend-mode: screen;
  background-image: radial-gradient(       hsl(180, 100%, 80%),       hsl(180, 100%, 80%) 10%,       hsla(180, 100%, 80%, 0) 56%     );
  animation: particle-fade 751ms infinite,particle-scale 1221ms infinite;
  animation-delay: 46ms;
}

.c52 {
  width: var(--particleSize);
  height: var(--particleSize);
  border-radius: 50%;
  mix-blend-mode: screen;
  background-image: radial-gradient(       hsl(180, 100%, 80%),       hsl(180, 100%, 80%) 10%,       hsla(180, 100%, 80%, 0) 56%     );
  animation: particle-fade 514ms infinite,particle-scale 1294ms infinite;
  animation-delay: 58ms;
}

.c53 {
  width: var(--particleSize);
  height: var(--particleSize);
  border-radius: 50%;
  mix-blend-mode: screen;
  background-image: radial-gradient(       hsl(180, 100%, 80%),       hsl(180, 100%, 80%) 10%,       hsla(180, 100%, 80%, 0) 56%     );
  animation: particle-fade 660ms infinite,particle-scale 1840ms infinite;
  animation-delay: 55ms;
}

.c54 {
  width: var(--particleSize);
  height: var(--particleSize);
  border-radius: 50%;
  mix-blend-mode: screen;
  background-image: radial-gradient(       hsl(180, 100%, 80%),       hsl(180, 100%, 80%) 10%,       hsla(180, 100%, 80%, 0) 56%     );
  animation: particle-fade 648ms infinite,particle-scale 1608ms infinite;
  animation-delay: 36ms;
}

.c55 {
  width: var(--particleSize);
  height: var(--particleSize);
  border-radius: 50%;
  mix-blend-mode: screen;
  background-image: radial-gradient(       hsl(180, 100%, 80%),       hsl(180, 100%, 80%) 10%,       hsla(180, 100%, 80%, 0) 56%     );
  animation: particle-fade 571ms infinite,particle-scale 1613ms infinite;
  animation-delay: 45ms;
}

.c56 {
  width: var(--particleSize);
  height: var(--particleSize);
  border-radius: 50%;
  mix-blend-mode: screen;
  background-image: radial-gradient(       hsl(180, 100%, 80%),       hsl(180, 100%, 80%) 10%,       hsla(180, 100%, 80%, 0) 56%     );
  animation: particle-fade 925ms infinite,particle-scale 1853ms infinite;
  animation-delay: 24ms;
}

.c57 {
  width: var(--particleSize);
  height: var(--particleSize);
  border-radius: 50%;
  mix-blend-mode: screen;
  background-image: radial-gradient(       hsl(180, 100%, 80%),       hsl(180, 100%, 80%) 10%,       hsla(180, 100%, 80%, 0) 56%     );
  animation: particle-fade 582ms infinite,particle-scale 1052ms infinite;
  animation-delay: 30ms;
}

.c58 {
  width: var(--particleSize);
  height: var(--particleSize);
  border-radius: 50%;
  mix-blend-mode: screen;
  background-image: radial-gradient(       hsl(180, 100%, 80%),       hsl(180, 100%, 80%) 10%,       hsla(180, 100%, 80%, 0) 56%     );
  animation: particle-fade 860ms infinite,particle-scale 1008ms infinite;
  animation-delay: 61ms;
}

.c59 {
  width: var(--particleSize);
  height: var(--particleSize);
  border-radius: 50%;
  mix-blend-mode: screen;
  background-image: radial-gradient(       hsl(180, 100%, 80%),       hsl(180, 100%, 80%) 10%,       hsla(180, 100%, 80%, 0) 56%     );
  animation: particle-fade 984ms infinite,particle-scale 1161ms infinite;
  animation-delay: 17ms;
}

.c60 {
  width: var(--particleSize);
  height: var(--particleSize);
  border-radius: 50%;
  mix-blend-mode: screen;
  background-image: radial-gradient(       hsl(180, 100%, 80%),       hsl(180, 100%, 80%) 10%,       hsla(180, 100%, 80%, 0) 56%     );
  animation: particle-fade 530ms infinite,particle-scale 1807ms infinite;
  animation-delay: 38ms;
}

.c61 {
  width: var(--particleSize);
  height: var(--particleSize);
  border-radius: 50%;
  mix-blend-mode: screen;
  background-image: radial-gradient(       hsl(180, 100%, 80%),       hsl(180, 100%, 80%) 10%,       hsla(180, 100%, 80%, 0) 56%     );
  animation: particle-fade 503ms infinite,particle-scale 1735ms infinite;
  animation-delay: 51ms;
}

.c62 {
  width: var(--particleSize);
  height: var(--particleSize);
  border-radius: 50%;
  mix-blend-mode: screen;
  background-image: radial-gradient(       hsl(180, 100%, 80%),       hsl(180, 100%, 80%) 10%,       hsla(180, 100%, 80%, 0) 56%     );
  animation: particle-fade 544ms infinite,particle-scale 1878ms infinite;
  animation-delay: 86ms;
}

.c63 {
  width: var(--particleSize);
  height: var(--particleSize);
  border-radius: 50%;
  mix-blend-mode: screen;
  background-image: radial-gradient(       hsl(180, 100%, 80%),       hsl(180, 100%, 80%) 10%,       hsla(180, 100%, 80%, 0) 56%     );
  animation: particle-fade 809ms infinite,particle-scale 1956ms infinite;
  animation-delay: 23ms;
}

.c64 {
  width: var(--particleSize);
  height: var(--particleSize);
  border-radius: 50%;
  mix-blend-mode: screen;
  background-image: radial-gradient(       hsl(180, 100%, 80%),       hsl(180, 100%, 80%) 10%,       hsla(180, 100%, 80%, 0) 56%     );
  animation: particle-fade 847ms infinite,particle-scale 1795ms infinite;
  animation-delay: 11ms;
}

.c65 {
  width: var(--particleSize);
  height: var(--particleSize);
  border-radius: 50%;
  mix-blend-mode: screen;
  background-image: radial-gradient(       hsl(180, 100%, 80%),       hsl(180, 100%, 80%) 10%,       hsla(180, 100%, 80%, 0) 56%     );
  animation: particle-fade 553ms infinite,particle-scale 1652ms infinite;
  animation-delay: 62ms;
}

.c66 {
  width: var(--particleSize);
  height: var(--particleSize);
  border-radius: 50%;
  mix-blend-mode: screen;
  background-image: radial-gradient(       hsl(180, 100%, 80%),       hsl(180, 100%, 80%) 10%,       hsla(180, 100%, 80%, 0) 56%     );
  animation: particle-fade 696ms infinite,particle-scale 1061ms infinite;
  animation-delay: 72ms;
}

.c67 {
  width: var(--particleSize);
  height: var(--particleSize);
  border-radius: 50%;
  mix-blend-mode: screen;
  background-image: radial-gradient(       hsl(180, 100%, 80%),       hsl(180, 100%, 80%) 10%,       hsla(180, 100%, 80%, 0) 56%     );
  animation: particle-fade 501ms infinite,particle-scale 1079ms infinite;
  animation-delay: 92ms;
}

.c68 {
  width: var(--particleSize);
  height: var(--particleSize);
  border-radius: 50%;
  mix-blend-mode: screen;
  background-image: radial-gradient(       hsl(180, 100%, 80%),       hsl(180, 100%, 80%) 10%,       hsla(180, 100%, 80%, 0) 56%     );
  animation: particle-fade 648ms infinite,particle-scale 1173ms infinite;
  animation-delay: 29ms;
}

.c69 {
  width: var(--particleSize);
  height: var(--particleSize);
  border-radius: 50%;
  mix-blend-mode: screen;
  background-image: radial-gradient(       hsl(180, 100%, 80%),       hsl(180, 100%, 80%) 10%,       hsla(180, 100%, 80%, 0) 56%     );
  animation: particle-fade 966ms infinite,particle-scale 1051ms infinite;
  animation-delay: 30ms;
}

.c70 {
  width: var(--particleSize);
  height: var(--particleSize);
  border-radius: 50%;
  mix-blend-mode: screen;
  background-image: radial-gradient(       hsl(180, 100%, 80%),       hsl(180, 100%, 80%) 10%,       hsla(180, 100%, 80%, 0) 56%     );
  animation: particle-fade 704ms infinite,particle-scale 1042ms infinite;
  animation-delay: 65ms;
}

.c71 {
  width: var(--particleSize);
  height: var(--particleSize);
  border-radius: 50%;
  mix-blend-mode: screen;
  background-image: radial-gradient(       hsl(180, 100%, 80%),       hsl(180, 100%, 80%) 10%,       hsla(180, 100%, 80%, 0) 56%     );
  animation: particle-fade 626ms infinite,particle-scale 1881ms infinite;
  animation-delay: 24ms;
}

.c72 {
  width: var(--particleSize);
  height: var(--particleSize);
  border-radius: 50%;
  mix-blend-mode: screen;
  background-image: radial-gradient(       hsl(180, 100%, 80%),       hsl(180, 100%, 80%) 10%,       hsla(180, 100%, 80%, 0) 56%     );
  animation: particle-fade 717ms infinite,particle-scale 1901ms infinite;
  animation-delay: 95ms;
}

.c73 {
  width: var(--particleSize);
  height: var(--particleSize);
  border-radius: 50%;
  mix-blend-mode: screen;
  background-image: radial-gradient(       hsl(180, 100%, 80%),       hsl(180, 100%, 80%) 10%,       hsla(180, 100%, 80%, 0) 56%     );
  animation: particle-fade 904ms infinite,particle-scale 1174ms infinite;
  animation-delay: 49ms;
}

.c74 {
  width: var(--particleSize);
  height: var(--particleSize);
  border-radius: 50%;
  mix-blend-mode: screen;
  background-image: radial-gradient(       hsl(180, 100%, 80%),       hsl(180, 100%, 80%) 10%,       hsla(180, 100%, 80%, 0) 56%     );
  animation: particle-fade 603ms infinite,particle-scale 1755ms infinite;
  animation-delay: 10ms;
}

.c75 {
  width: var(--particleSize);
  height: var(--particleSize);
  border-radius: 50%;
  mix-blend-mode: screen;
  background-image: radial-gradient(       hsl(180, 100%, 80%),       hsl(180, 100%, 80%) 10%,       hsla(180, 100%, 80%, 0) 56%     );
  animation: particle-fade 782ms infinite,particle-scale 1147ms infinite;
  animation-delay: 16ms;
}

.c76 {
  width: var(--particleSize);
  height: var(--particleSize);
  border-radius: 50%;
  mix-blend-mode: screen;
  background-image: radial-gradient(       hsl(180, 100%, 80%),       hsl(180, 100%, 80%) 10%,       hsla(180, 100%, 80%, 0) 56%     );
  animation: particle-fade 845ms infinite,particle-scale 1820ms infinite;
  animation-delay: 20ms;
}

.c77 {
  width: var(--particleSize);
  height: var(--particleSize);
  border-radius: 50%;
  mix-blend-mode: screen;
  background-image: radial-gradient(       hsl(180, 100%, 80%),       hsl(180, 100%, 80%) 10%,       hsla(180, 100%, 80%, 0) 56%     );
  animation: particle-fade 695ms infinite,particle-scale 1864ms infinite;
  animation-delay: 23ms;
}

.c78 {
  width: var(--particleSize);
  height: var(--particleSize);
  border-radius: 50%;
  mix-blend-mode: screen;
  background-image: radial-gradient(       hsl(180, 100%, 80%),       hsl(180, 100%, 80%) 10%,       hsla(180, 100%, 80%, 0) 56%     );
  animation: particle-fade 505ms infinite,particle-scale 1832ms infinite;
  animation-delay: 48ms;
}

.c79 {
  width: var(--particleSize);
  height: var(--particleSize);
  border-radius: 50%;
  mix-blend-mode: screen;
  background-image: radial-gradient(       hsl(180, 100%, 80%),       hsl(180, 100%, 80%) 10%,       hsla(180, 100%, 80%, 0) 56%     );
  animation: particle-fade 986ms infinite,particle-scale 1257ms infinite;
  animation-delay: 18ms;
}

.c80 {
  width: var(--particleSize);
  height: var(--particleSize);
  border-radius: 50%;
  mix-blend-mode: screen;
  background-image: radial-gradient(       hsl(180, 100%, 80%),       hsl(180, 100%, 80%) 10%,       hsla(180, 100%, 80%, 0) 56%     );
  animation: particle-fade 904ms infinite,particle-scale 1516ms infinite;
  animation-delay: 50ms;
}

.c81 {
  width: var(--particleSize);
  height: var(--particleSize);
  border-radius: 50%;
  mix-blend-mode: screen;
  background-image: radial-gradient(       hsl(180, 100%, 80%),       hsl(180, 100%, 80%) 10%,       hsla(180, 100%, 80%, 0) 56%     );
  animation: particle-fade 837ms infinite,particle-scale 1499ms infinite;
  animation-delay: 8ms;
}

.c82 {
  width: var(--particleSize);
  height: var(--particleSize);
  border-radius: 50%;
  mix-blend-mode: screen;
  background-image: radial-gradient(       hsl(180, 100%, 80%),       hsl(180, 100%, 80%) 10%,       hsla(180, 100%, 80%, 0) 56%     );
  animation: particle-fade 678ms infinite,particle-scale 1841ms infinite;
  animation-delay: 26ms;
}

.c83 {
  width: var(--particleSize);
  height: var(--particleSize);
  border-radius: 50%;
  mix-blend-mode: screen;
  background-image: radial-gradient(       hsl(180, 100%, 80%),       hsl(180, 100%, 80%) 10%,       hsla(180, 100%, 80%, 0) 56%     );
  animation: particle-fade 656ms infinite,particle-scale 1043ms infinite;
  animation-delay: 10ms;
}

.c84 {
  width: var(--particleSize);
  height: var(--particleSize);
  border-radius: 50%;
  mix-blend-mode: screen;
  background-image: radial-gradient(       hsl(180, 100%, 80%),       hsl(180, 100%, 80%) 10%,       hsla(180, 100%, 80%, 0) 56%     );
  animation: particle-fade 581ms infinite,particle-scale 1447ms infinite;
  animation-delay: 27ms;
}

.c34 {
  position: absolute;
  animation-iteration-count: infinite;
  animation-timing-function: linear;
}

.c34:nth-child(0) {
  --particleSize: 7px;
  display: grid;
  place-content: start start;
  width: 100%;
  height: 100%;
  --initial-y: 259px;
  --final-y: 162px;
  animation-name: particle-movement;
  animation-duration: 5824ms;
  animation-delay: 7126ms;
}

.c34:nth-child(1) {
  --particleSize: 9px;
  display: grid;
  place-content: start start;
  width: 100%;
  height: 100%;
  --initial-y: 272px;
  --final-y: 264px;
  animation-name: particle-movement;
  animation-duration: 4192ms;
  animation-delay: 5130ms;
}

.c34:nth-child(2) {
  --particleSize: 7px;
  display: grid;
  place-content: start start;
  width: 100%;
  height: 100%;
  --initial-y: 113px;
  --final-y: 55px;
  animation-name: particle-movement;
  animation-duration: 3101ms;
  animation-delay: 10881ms;
}

.c34:nth-child(3) {
  --particleSize: 9px;
  display: grid;
  place-content: start start;
  width: 100%;
  height: 100%;
  --initial-y: 166px;
  --final-y: 167px;
  animation-name: particle-movement;
  animation-duration: 3829ms;
  animation-delay: 4917ms;
}

.c34:nth-child(4) {
  --particleSize: 4px;
  display: grid;
  place-content: start start;
  width: 100%;
  height: 100%;
  --initial-y: 229px;
  --final-y: 233px;
  animation-name: particle-movement;
  animation-duration: 3051ms;
  animation-delay: 9391ms;
}

.c34:nth-child(5) {
  --particleSize: 6px;
  display: grid;
  place-content: start start;
  width: 100%;
  height: 100%;
  --initial-y: 170px;
  --final-y: 189px;
  animation-name: particle-movement;
  animation-duration: 5169ms;
  animation-delay: 10917ms;
}

.c34:nth-child(6) {
  --particleSize: 7px;
  display: grid;
  place-content: start start;
  width: 100%;
  height: 100%;
  --initial-y: 65px;
  --final-y: 153px;
  animation-name: particle-movement;
  animation-duration: 3143ms;
  animation-delay: 9687ms;
}

.c34:nth-child(7) {
  --particleSize: 6px;
  display: grid;
  place-content: start start;
  width: 100%;
  height: 100%;
  --initial-y: 207px;
  --final-y: 276px;
  animation-name: particle-movement;
  animation-duration: 3442ms;
  animation-delay: 9330ms;
}

.c34:nth-child(8) {
  --particleSize: 1px;
  display: grid;
  place-content: start start;
  width: 100%;
  height: 100%;
  --initial-y: 124px;
  --final-y: 43px;
  animation-name: particle-movement;
  animation-duration: 5280ms;
  animation-delay: 4236ms;
}

.c34:nth-child(9) {
  --particleSize: 9px;
  display: grid;
  place-content: start start;
  width: 100%;
  height: 100%;
  --initial-y: 193px;
  --final-y: 33px;
  animation-name: particle-movement;
  animation-duration: 5677ms;
  animation-delay: 6551ms;
}

.c34:nth-child(10) {
  --particleSize: 4px;
  display: grid;
  place-content: start start;
  width: 100%;
  height: 100%;
  --initial-y: 10px;
  --final-y: 49px;
  animation-name: particle-movement;
  animation-duration: 4195ms;
  animation-delay: 6031ms;
}

.c34:nth-child(11) {
  --particleSize: 4px;
  display: grid;
  place-content: start start;
  width: 100%;
  height: 100%;
  --initial-y: 300px;
  --final-y: 54px;
  animation-name: particle-movement;
  animation-duration: 6846ms;
  animation-delay: 608ms;
}

.c34:nth-child(12) {
  --particleSize: 6px;
  display: grid;
  place-content: start start;
  width: 100%;
  height: 100%;
  --initial-y: 25px;
  --final-y: 38px;
  animation-name: particle-movement;
  animation-duration: 5803ms;
  animation-delay: 6889ms;
}

.c34:nth-child(13) {
  --particleSize: 5px;
  display: grid;
  place-content: start start;
  width: 100%;
  height: 100%;
  --initial-y: 67px;
  --final-y: 2px;
  animation-name: particle-movement;
  animation-duration: 4084ms;
  animation-delay: 8270ms;
}

.c34:nth-child(14) {
  --particleSize: 1px;
  display: grid;
  place-content: start start;
  width: 100%;
  height: 100%;
  --initial-y: 162px;
  --final-y: 203px;
  animation-name: particle-movement;
  animation-duration: 3453ms;
  animation-delay: 10382ms;
}

.c34:nth-child(15) {
  --particleSize: 1px;
  display: grid;
  place-content: start start;
  width: 100%;
  height: 100%;
  --initial-y: 89px;
  --final-y: 20px;
  animation-name: particle-movement;
  animation-duration: 5881ms;
  animation-delay: 2759ms;
}

.c34:nth-child(16) {
  --particleSize: 10px;
  display: grid;
  place-content: start start;
  width: 100%;
  height: 100%;
  --initial-y: 16px;
  --final-y: 17px;
  animation-name: particle-movement;
  animation-duration: 5890ms;
  animation-delay: 634ms;
}

.c34:nth-child(17) {
  --particleSize: 10px;
  display: grid;
  place-content: start start;
  width: 100%;
  height: 100%;
  --initial-y: 169px;
  --final-y: 89px;
  animation-name: particle-movement;
  animation-duration: 4460ms;
  animation-delay: 9582ms;
}

.c34:nth-child(18) {
  --particleSize: 3px;
  display: grid;
  place-content: start start;
  width: 100%;
  height: 100%;
  --initial-y: 138px;
  --final-y: 80px;
  animation-name: particle-movement;
  animation-duration: 4082ms;
  animation-delay: 7572ms;
}

.c34:nth-child(19) {
  --particleSize: 10px;
  display: grid;
  place-content: start start;
  width: 100%;
  height: 100%;
  --initial-y: 98px;
  --final-y: 38px;
  animation-name: particle-movement;
  animation-duration: 3912ms;
  animation-delay: 8598ms;
}

.c34:nth-child(20) {
  --particleSize: 10px;
  display: grid;
  place-content: start start;
  width: 100%;
  height: 100%;
  --initial-y: 295px;
  --final-y: 109px;
  animation-name: particle-movement;
  animation-duration: 5744ms;
  animation-delay: 2663ms;
}

.c34:nth-child(21) {
  --particleSize: 8px;
  display: grid;
  place-content: start start;
  width: 100%;
  height: 100%;
  --initial-y: 44px;
  --final-y: 76px;
  animation-name: particle-movement;
  animation-duration: 6735ms;
  animation-delay: 6562ms;
}

.c34:nth-child(22) {
  --particleSize: 3px;
  display: grid;
  place-content: start start;
  width: 100%;
  height: 100%;
  --initial-y: 149px;
  --final-y: 254px;
  animation-name: particle-movement;
  animation-duration: 6899ms;
  animation-delay: 10094ms;
}

.c34:nth-child(23) {
  --particleSize: 3px;
  display: grid;
  place-content: start start;
  width: 100%;
  height: 100%;
  --initial-y: 19px;
  --final-y: 163px;
  animation-name: particle-movement;
  animation-duration: 5317ms;
  animation-delay: 6235ms;
}

.c34:nth-child(24) {
  --particleSize: 4px;
  display: grid;
  place-content: start start;
  width: 100%;
  height: 100%;
  --initial-y: 127px;
  --final-y: 102px;
  animation-name: particle-movement;
  animation-duration: 4493ms;
  animation-delay: 2139ms;
}

.c34:nth-child(25) {
  --particleSize: 9px;
  display: grid;
  place-content: start start;
  width: 100%;
  height: 100%;
  --initial-y: 277px;
  --final-y: 158px;
  animation-name: particle-movement;
  animation-duration: 4739ms;
  animation-delay: 789ms;
}

.c34:nth-child(26) {
  --particleSize: 4px;
  display: grid;
  place-content: start start;
  width: 100%;
  height: 100%;
  --initial-y: 174px;
  --final-y: 62px;
  animation-name: particle-movement;
  animation-duration: 4331ms;
  animation-delay: 8047ms;
}

.c34:nth-child(27) {
  --particleSize: 1px;
  display: grid;
  place-content: start start;
  width: 100%;
  height: 100%;
  --initial-y: 295px;
  --final-y: 261px;
  animation-name: particle-movement;
  animation-duration: 4660ms;
  animation-delay: 2693ms;
}

.c34:nth-child(28) {
  --particleSize: 1px;
  display: grid;
  place-content: start start;
  width: 100%;
  height: 100%;
  --initial-y: 290px;
  --final-y: 199px;
  animation-name: particle-movement;
  animation-duration: 6955ms;
  animation-delay: 6874ms;
}

.c34:nth-child(29) {
  --particleSize: 5px;
  display: grid;
  place-content: start start;
  width: 100%;
  height: 100%;
  --initial-y: 257px;
  --final-y: 19px;
  animation-name: particle-movement;
  animation-duration: 6221ms;
  animation-delay: 5479ms;
}

.c34:nth-child(30) {
  --particleSize: 8px;
  display: grid;
  place-content: start start;
  width: 100%;
  height: 100%;
  --initial-y: 277px;
  --final-y: 94px;
  animation-name: particle-movement;
  animation-duration: 6583ms;
  animation-delay: 2442ms;
}

.c34:nth-child(31) {
  --particleSize: 10px;
  display: grid;
  place-content: start start;
  width: 100%;
  height: 100%;
  --initial-y: 104px;
  --final-y: 273px;
  animation-name: particle-movement;
  animation-duration: 6879ms;
  animation-delay: 625ms;
}

.c34:nth-child(32) {
  --particleSize: 6px;
  display: grid;
  place-content: start start;
  width: 100%;
  height: 100%;
  --initial-y: 163px;
  --final-y: 48px;
  animation-name: particle-movement;
  animation-duration: 3433ms;
  animation-delay: 4130ms;
}

.c34:nth-child(33) {
  --particleSize: 3px;
  display: grid;
  place-content: start start;
  width: 100%;
  height: 100%;
  --initial-y: 41px;
  --final-y: 42px;
  animation-name: particle-movement;
  animation-duration: 6110ms;
  animation-delay: 5804ms;
}

.c34:nth-child(34) {
  --particleSize: 6px;
  display: grid;
  place-content: start start;
  width: 100%;
  height: 100%;
  --initial-y: 52px;
  --final-y: 248px;
  animation-name: particle-movement;
  animation-duration: 4570ms;
  animation-delay: 8846ms;
}

.c34:nth-child(35) {
  --particleSize: 3px;
  display: grid;
  place-content: start start;
  width: 100%;
  height: 100%;
  --initial-y: 12px;
  --final-y: 82px;
  animation-name: particle-movement;
  animation-duration: 4403ms;
  animation-delay: 5642ms;
}

.c34:nth-child(36) {
  --particleSize: 8px;
  display: grid;
  place-content: start start;
  width: 100%;
  height: 100%;
  --initial-y: 235px;
  --final-y: 242px;
  animation-name: particle-movement;
  animation-duration: 5883ms;
  animation-delay: 2698ms;
}

.c34:nth-child(37) {
  --particleSize: 1px;
  display: grid;
  place-content: start start;
  width: 100%;
  height: 100%;
  --initial-y: 78px;
  --final-y: 116px;
  animation-name: particle-movement;
  animation-duration: 6559ms;
  animation-delay: 9259ms;
}

.c34:nth-child(38) {
  --particleSize: 1px;
  display: grid;
  place-content: start start;
  width: 100%;
  height: 100%;
  --initial-y: 297px;
  --final-y: 119px;
  animation-name: particle-movement;
  animation-duration: 6312ms;
  animation-delay: 8760ms;
}

.c34:nth-child(39) {
  --particleSize: 4px;
  display: grid;
  place-content: start start;
  width: 100%;
  height: 100%;
  --initial-y: 299px;
  --final-y: 261px;
  animation-name: particle-movement;
  animation-duration: 4242ms;
  animation-delay: 8288ms;
}

.c34:nth-child(40) {
  --particleSize: 9px;
  display: grid;
  place-content: start start;
  width: 100%;
  height: 100%;
  --initial-y: 104px;
  --final-y: 273px;
  animation-name: particle-movement;
  animation-duration: 5632ms;
  animation-delay: 9649ms;
}

.c34:nth-child(41) {
  --particleSize: 3px;
  display: grid;
  place-content: start start;
  width: 100%;
  height: 100%;
  --initial-y: 220px;
  --final-y: 226px;
  animation-name: particle-movement;
  animation-duration: 6452ms;
  animation-delay: 6326ms;
}

.c34:nth-child(42) {
  --particleSize: 10px;
  display: grid;
  place-content: start start;
  width: 100%;
  height: 100%;
  --initial-y: 235px;
  --final-y: 40px;
  animation-name: particle-movement;
  animation-duration: 5609ms;
  animation-delay: 8273ms;
}

.c34:nth-child(43) {
  --particleSize: 9px;
  display: grid;
  place-content: start start;
  width: 100%;
  height: 100%;
  --initial-y: 13px;
  --final-y: 106px;
  animation-name: particle-movement;
  animation-duration: 3988ms;
  animation-delay: 4512ms;
}

.c34:nth-child(44) {
  --particleSize: 4px;
  display: grid;
  place-content: start start;
  width: 100%;
  height: 100%;
  --initial-y: 124px;
  --final-y: 267px;
  animation-name: particle-movement;
  animation-duration: 4021ms;
  animation-delay: 6108ms;
}

.c34:nth-child(45) {
  --particleSize: 7px;
  display: grid;
  place-content: start start;
  width: 100%;
  height: 100%;
  --initial-y: 60px;
  --final-y: 91px;
  animation-name: particle-movement;
  animation-duration: 4794ms;
  animation-delay: 674ms;
}

.c34:nth-child(46) {
  --particleSize: 5px;
  display: grid;
  place-content: start start;
  width: 100%;
  height: 100%;
  --initial-y: 47px;
  --final-y: 135px;
  animation-name: particle-movement;
  animation-duration: 3944ms;
  animation-delay: 7380ms;
}

.c34:nth-child(47) {
  --particleSize: 9px;
  display: grid;
  place-content: start start;
  width: 100%;
  height: 100%;
  --initial-y: 305px;
  --final-y: 290px;
  animation-name: particle-movement;
  animation-duration: 3165ms;
  animation-delay: 4778ms;
}

.c34:nth-child(48) {
  --particleSize: 2px;
  display: grid;
  place-content: start start;
  width: 100%;
  height: 100%;
  --initial-y: 54px;
  --final-y: 266px;
  animation-name: particle-movement;
  animation-duration: 3915ms;
  animation-delay: 8734ms;
}

.c34:nth-child(49) {
  --particleSize: 3px;
  display: grid;
  place-content: start start;
  width: 100%;
  height: 100%;
  --initial-y: 301px;
  --final-y: 168px;
  animation-name: particle-movement;
  animation-duration: 5214ms;
  animation-delay: 1943ms;
}

.c27 {
  z-index: 2;
  width: 147%;
  top: -34%;
  left: -24%;
  position: absolute;
  display: flex;
  justify-content: space-between;
  transform: rotate(90deg);
}

.c29 {
  width: 130px;
  height: 249px;
}

.c28 {
  background-color: #000000;
  border-top-right-radius: 42px 50%;
  border-bottom-right-radius: 44px 50%;
  border-top-left-radius: 44px 50%;
  border-bottom-left-radius: 44px 50%;
  margin-bottom: 5px;
  line-height: 0px;
}

.c32 {
  position: absolute;
  height: 212px;
  width: 62px;
  left: -43px;
  top: 2px;
  border-top-left-radius: 35px 50%;
  border-top-right-radius: 32px 50%;
  border-bottom-left-radius: 32px 50%;
  border-bottom-right-radius: 32px 50%;
  animation: 3s portal-first-glow ease-in-out infinite;
}

.c33 {
  position: absolute;
  height: 213px;
  width: 62px;
  right: -41px;
  top: -3px;
  border-top-left-radius: 34px 50%;
  border-top-right-radius: 29px 50%;
  border-bottom-left-radius: 28px 49%;
  border-bottom-right-radius: 28px 50%;
  animation: 3s portal-last-glow ease-in-out infinite;
}

.c30 {
  border-top-right-radius: 41px 50%;
  border-bottom-right-radius: 44px 50%;
  border-top-left-radius: 43px 50%;
  border-bottom-left-radius: 45px 50%;
  background-color: #000000;
  margin-bottom: 5px;
  line-height: 0px;
  transform: scaleX(-1);
}

.c31 {
  border: 1px dashed red;
  --height: 212px;
  position: absolute;
  overflow: hidden;
  margin: 30px auto;
  height: 212px;
  border-top-left-radius: 30px 50%;
  border-bottom-left-radius: 30px 50%;
  border-top-right-radius: 31px 50%;
  border-bottom-right-radius: 32px 50%;
  top: -12px;
  left: 62px;
  right: 61px;
}

.c24 {
  --transform-origin-first: bottom;
  --transform-origin-last: top;
  --rotate3D-first: 1,0,0,-45deg;
  --rotate3D-last: 1,0,0,45deg;
  --height-middle: 30%;
  --width-middle: unset;
  position: relative;
  display: flex;
  flex-direction: column;
  aspect-ratio: 1/1.7;
  align-items: stretch;
  gap: 15px;
  width: 100%;
  max-width: 300px;
}

.c25 {
  flex-grow: 1;
  border: 1px solid #FFDD83;
  transform-origin: var(--transform-origin-first);
  transform: perspective(600px) rotate3D(var(--rotate3D-first));
  background-color: #000000;
}

.c26 {
  position: relative;
  border: 1px solid;
  border-image-slice: 1;
  border-width: 1px;
  border-image-source: linear-gradient(       to bottom,       #FFDD83,       #98DFD6     );
  height: var(--height-middle);
  width: var(--width-middle);
  background-color: #000000;
}

.c154 {
  flex-grow: 1;
  border: 1px solid #98DFD6;
  transform-origin: var(--transform-origin-last);
  transform: perspective(600px) rotate3D(var(--rotate3D-last));
  background-color: #000000;
}

@media (min-width: 1024px) {
  .c160 {
    justify-content: space-between;
    grid-template-columns: 1fr 100px;
  }
}

@media (min-width: 768px) {
  .c164 {
    display: flex;
    position: relative;
  }

  .c164::after {
    content: '';
    position: absolute;
    width: 100%;
    transform: scaleX(0);
    height: 2px;
    bottom: 0;
    left: 0;
    background-color: #FBFBFB;
    transform-origin: bottom right;
    transition: transform 0.25s ease-out;
  }

  .c164:hover::after {
    transform: scaleX(1);
    transform-origin: bottom left;
  }
}

@media (min-width: 1024px) {
  .c165 {
    justify-self: end;
    padding: 0;
  }
}

@media (min-width: 768px) {
  .c1 {
    align-items: center;
    background-color: transparent;
    color: #FBFBFB;
    height: 115px;
  }
}

@media (min-width: 1440px) {
  .c1 {
    padding: 0;
  }
}

@media (min-width: 768px) {
  .c6 {
    display: flex;
    position: relative;
  }

  .c6::after {
    content: '';
    position: absolute;
    width: 100%;
    transform: scaleX(0);
    height: 2px;
    bottom: 0;
    left: 0;
    background-color: #FBFBFB;
    transform-origin: bottom right;
    transition: transform 0.25s ease-out;
  }

  .c6:hover::after {
    transform: scaleX(1);
    transform-origin: bottom left;
  }
}

@media (min-width: 768px) {
  .c4 {
    gap: 30px;
    align-items: center;
    justify-content: center;
    height: unset;
  }
}

@media (min-width: 768px) {
  .c5 {
    width: auto;
    padding-bottom: 0;
  }

  .c5 .c7 {
    font-family: 'Roboto mono',monospace;
    font-weight: 400;
    color: #FBFBFB;
    font-size: 0.9rem;
    line-height: normal;
    color: #FBFBFB;
    writing-mode: unset;
    transform: unset;
  }
}

@media (min-width: 768px) {
  .c9 {
    display: none;
    width: auto;
    padding-bottom: 0;
  }

  .c9 .c7 {
    font-family: 'Roboto mono',monospace;
    font-weight: 400;
    color: #FBFBFB;
    font-size: 0.9rem;
    line-height: normal;
    color: #FBFBFB;
    writing-mode: unset;
    transform: unset;
  }
}

@media (min-width: 768px) {
  .c3 {
    color: #FBFBFB;
    margin-bottom: 0;
  }
}

@media (min-width: 768px) {
  .c11 {
    display: flex;
  }
}

@media (min-width: 768px) {
  .c19 {
    font-family: 'Roboto mono',monospace;
    font-weight: 400;
    color: #FBFBFB;
    font-size: 3rem;
    line-height: normal;
  }
}

@media (min-width: 1024px) {
  .c19 {
    margin-bottom: 10px;
  }
}

@media (min-width: 768px) {
  .c155 {
    margin-bottom: 40px;
    font-family: 'Roboto mono',monospace;
    font-weight: 400;
    color: #FBFBFB;
    font-size: 3rem;
    line-height: normal;
  }
}

@media (min-width: 768px) {
  .c21 {
    margin-bottom: 50px;
  }
}

@media (min-width: 768px) {
  .c156 .c7 {
    font-family: 'Roboto mono',monospace;
    font-weight: 400;
    color: #FBFBFB;
    font-size: 1rem;
    line-height: normal;
  }
}

@media (min-width: 768px) {
  .c27 {
    width: 152%;
    top: unset;
    left: -26%;
    margin: 18px auto;
    transform: unset;
  }
}

@media (min-width: 768px) {
  .c29 {
    width: unset;
    height: unset;
  }
}

@media (min-width: 768px) {
  .c28 {
    background-color: #000000;
    border-top-right-radius: 59px 50%;
    border-bottom-right-radius: 61px 50%;
    border-top-left-radius: 62px 50%;
    border-bottom-left-radius: 62px 50%;
  }
}

@media (min-width: 768px) {
  .c32 {
    height: 309px;
    width: 92px;
    left: -65px;
    top: -2px;
    border-top-left-radius: 44px 50%;
    border-top-right-radius: 45px 50%;
    border-bottom-left-radius: 42px 50%;
    border-bottom-right-radius: 43px 50%;
  }
}

@media (min-width: 768px) {
  .c33 {
    height: 308px;
    width: 89px;
    right: -63px;
    top: -1px;
    border-top-left-radius: 46px 50%;
    border-top-right-radius: 51px 50%;
    border-bottom-left-radius: 51px 50%;
    border-bottom-right-radius: 51px 50%;
  }
}

@media (min-width: 768px) {
  .c30 {
    border-top-right-radius: 59px 50%;
    border-bottom-right-radius: 62px 50%;
    border-top-left-radius: 61px 50%;
    border-bottom-left-radius: 63px 50%;
  }
}

@media (min-width: 768px) {
  .c31 {
    height: 305px;
    border-top-left-radius: 45px 50%;
    border-bottom-left-radius: 45px 50%;
    border-top-right-radius: 40px 50%;
    border-bottom-right-radius: 40px 50%;
    top: -4px;
    left: 91px;
    right: 91px;
  }
}

@media (min-width: 768px) {
  .c24 {
    --transform-origin-first: right;
    --transform-origin-last: left;
    --rotate3D-first: 0,1,0,45deg;
    --rotate3D-last: 0,1,0,-45deg;
    --height-middle: unset;
    --width-middle: clamp(0px, 60%, 830px);
    flex-direction: row;
    aspect-ratio: unset;
    height: 395px;
    overflow-x: clip;
    max-width: unset;
  }
}

@media (min-width: 768px) {
  .c26 {
    border-image-source: linear-gradient(         to right,         #FFDD83,         #98DFD6       );
  }
}

<body>
  <div>
    <div
      class="c0"
    >
      <nav
        aria-label="Main menu"
        class="c1"
      >
        <a
          aria-label="Header Logo"
          class="c2"
          href="/"
        >
          <svg
            class="c3"
            height="55"
            width="106"
          >
            slLogo.svg
          </svg>
        </a>
        <ul
          class="c4"
        >
          <li
            class="c5"
          >
            <a
              aria-label="Experience"
              class="c6"
              href="/experience"
            >
              <p
                class="c7 c8"
              >
                Experience
              </p>
            </a>
          </li>
          <li
            class="c5"
          >
            <a
              aria-label="Contact"
              class="c6"
              href="/contact"
            >
              <p
                class="c7 c8"
              >
                Contact
              </p>
            </a>
          </li>
          <li
            class="c5"
          >
            <a
              aria-label="CV/Portfolio"
              class="c6"
              href="/portfolio"
            >
              <p
                class="c7 c8"
              >
                CV/Portfolio
              </p>
            </a>
          </li>
          <li
            class="c9"
          >
            <a
              aria-label="Get in touch"
              class="c6"
              href="/contact"
            >
              <p
                class="c7 c8"
              >
                Get in touch
              </p>
            </a>
          </li>
        </ul>
        <a
          class="c10 c11"
          href="/contact"
        >
          <div
            class="c12"
          >
            <svg
              class="c13"
              height="42"
              width="42"
            >
              circleButton.svg
            </svg>
            <div
              class="c14"
            >
              <svg>
                arrowRight.svg
              </svg>
            </div>
          </div>
          <p
            class="c7 c15 c8 c16"
          >
            Get in touch
          </p>
        </a>
      </nav>
      <div
        class="c17"
      >
        <h1
          class="c18 c19"
        >
          Saúl de León Guerrero
        </h1>
        <a
          class="c20 c21"
          href="/"
        >
          <div
            class="c22"
          >
            <svg
              class="c13"
              height="76"
              width="76"
            >
              circleButton.svg
            </svg>
            <div
              class="c14"
            >
              <div
                class="c23"
              >
                Explore
              </div>
            </div>
          </div>
        </a>
        <div
          class="c24"
        >
          <div
            class="c25"
          />
          <div
            class="c26"
          >
            <div
              class="c27"
            >
              <div
                class="c28"
              >
                <svg
                  class="c29"
                  color="#FFDD83"
                >
                  portal.svg
                </svg>
              </div>
              <div
                class="c30"
              >
                <svg
                  class="c29"
                  color="#98DFD6"
                >
                  portal.svg
                </svg>
              </div>
              <div
                class="c31"
              >
                <div
                  class="c32"
                />
                <div
                  class="c33"
                />
                <div
                  class=""
                >
                  <div
                    class="c34"
                  >
                    <div
                      class="c35"
                      role="presentation"
                    />
                  </div>
                  <div
                    class="c34"
                  >
                    <div
                      class="c36"
                      role="presentation"
                    />
                  </div>
                  <div
                    class="c34"
                  >
                    <div
                      class="c37"
                      role="presentation"
                    />
                  </div>
                  <div
                    class="c34"
                  >
                    <div
                      class="c38"
                      role="presentation"
                    />
                  </div>
                  <div
                    class="c34"
                  >
                    <div
                      class="c39"
                      role="presentation"
                    />
                  </div>
                  <div
                    class="c34"
                  >
                    <div
                      class="c40"
                      role="presentation"
                    />
                  </div>
                  <div
                    class="c34"
                  >
                    <div
                      class="c41"
                      role="presentation"
                    />
                  </div>
                  <div
                    class="c34"
                  >
                    <div
                      class="c42"
                      role="presentation"
                    />
                  </div>
                  <div
                    class="c34"
                  >
                    <div
                      class="c43"
                      role="presentation"
                    />
                  </div>
                  <div
                    class="c34"
                  >
                    <div
                      class="c44"
                      role="presentation"
                    />
                  </div>
                  <div
                    class="c34"
                  >
                    <div
                      class="c45"
                      role="presentation"
                    />
                  </div>
                  <div
                    class="c34"
                  >
                    <div
                      class="c46"
                      role="presentation"
                    />
                  </div>
                  <div
                    class="c34"
                  >
                    <div
                      class="c47"
                      role="presentation"
                    />
                  </div>
                  <div
                    class="c34"
                  >
                    <div
                      class="c48"
                      role="presentation"
                    />
                  </div>
                  <div
                    class="c34"
                  >
                    <div
                      class="c49"
                      role="presentation"
                    />
                  </div>
                  <div
                    class="c34"
                  >
                    <div
                      class="c50"
                      role="presentation"
                    />
                  </div>
                  <div
                    class="c34"
                  >
                    <div
                      class="c51"
                      role="presentation"
                    />
                  </div>
                  <div
                    class="c34"
                  >
                    <div
                      class="c52"
                      role="presentation"
                    />
                  </div>
                  <div
                    class="c34"
                  >
                    <div
                      class="c53"
                      role="presentation"
                    />
                  </div>
                  <div
                    class="c34"
                  >
                    <div
                      class="c54"
                      role="presentation"
                    />
                  </div>
                  <div
                    class="c34"
                  >
                    <div
                      class="c55"
                      role="presentation"
                    />
                  </div>
                  <div
                    class="c34"
                  >
                    <div
                      class="c56"
                      role="presentation"
                    />
                  </div>
                  <div
                    class="c34"
                  >
                    <div
                      class="c57"
                      role="presentation"
                    />
                  </div>
                  <div
                    class="c34"
                  >
                    <div
                      class="c58"
                      role="presentation"
                    />
                  </div>
                  <div
                    class="c34"
                  >
                    <div
                      class="c59"
                      role="presentation"
                    />
                  </div>
                  <div
                    class="c34"
                  >
                    <div
                      class="c60"
                      role="presentation"
                    />
                  </div>
                  <div
                    class="c34"
                  >
                    <div
                      class="c61"
                      role="presentation"
                    />
                  </div>
                  <div
                    class="c34"
                  >
                    <div
                      class="c62"
                      role="presentation"
                    />
                  </div>
                  <div
                    class="c34"
                  >
                    <div
                      class="c63"
                      role="presentation"
                    />
                  </div>
                  <div
                    class="c34"
                  >
                    <div
                      class="c64"
                      role="presentation"
                    />
                  </div>
                  <div
                    class="c34"
                  >
                    <div
                      class="c65"
                      role="presentation"
                    />
                  </div>
                  <div
                    class="c34"
                  >
                    <div
                      class="c66"
                      role="presentation"
                    />
                  </div>
                  <div
                    class="c34"
                  >
                    <div
                      class="c67"
                      role="presentation"
                    />
                  </div>
                  <div
                    class="c34"
                  >
                    <div
                      class="c68"
                      role="presentation"
                    />
                  </div>
                  <div
                    class="c34"
                  >
                    <div
                      class="c69"
                      role="presentation"
                    />
                  </div>
                  <div
                    class="c34"
                  >
                    <div
                      class="c70"
                      role="presentation"
                    />
                  </div>
                  <div
                    class="c34"
                  >
                    <div
                      class="c71"
                      role="presentation"
                    />
                  </div>
                  <div
                    class="c34"
                  >
                    <div
                      class="c72"
                      role="presentation"
                    />
                  </div>
                  <div
                    class="c34"
                  >
                    <div
                      class="c73"
                      role="presentation"
                    />
                  </div>
                  <div
                    class="c34"
                  >
                    <div
                      class="c74"
                      role="presentation"
                    />
                  </div>
                  <div
                    class="c34"
                  >
                    <div
                      class="c75"
                      role="presentation"
                    />
                  </div>
                  <div
                    class="c34"
                  >
                    <div
                      class="c76"
                      role="presentation"
                    />
                  </div>
                  <div
                    class="c34"
                  >
                    <div
                      class="c77"
                      role="presentation"
                    />
                  </div>
                  <div
                    class="c34"
                  >
                    <div
                      class="c78"
                      role="presentation"
                    />
                  </div>
                  <div
                    class="c34"
                  >
                    <div
                      class="c79"
                      role="presentation"
                    />
                  </div>
                  <div
                    class="c34"
                  >
                    <div
                      class="c80"
                      role="presentation"
                    />
                  </div>
                  <div
                    class="c34"
                  >
                    <div
                      class="c81"
                      role="presentation"
                    />
                  </div>
                  <div
                    class="c34"
                  >
                    <div
                      class="c82"
                      role="presentation"
                    />
                  </div>
                  <div
                    class="c34"
                  >
                    <div
                      class="c83"
                      role="presentation"
                    />
                  </div>
                  <div
                    class="c34"
                  >
                    <div
                      class="c84"
                      role="presentation"
                    />
                  </div>
                </div>
                <div
                  class="c85"
                  role="presentation"
                >
                  <div
                    class="c86"
                  >
                    <div
                      class="c87"
                      role="none"
                    />
                  </div>
                </div>
                <div
                  class="c88"
                  role="presentation"
                >
                  <div
                    class="c89"
                  >
                    <div
                      class="c90"
                      role="none"
                    />
                  </div>
                </div>
                <div
                  class="c91"
                  role="presentation"
                >
                  <div
                    class="c92"
                  >
                    <div
                      class="c93"
                      role="none"
                    />
                  </div>
                </div>
                <div
                  class="c94"
                  role="presentation"
                >
                  <div
                    class="c95"
                  >
                    <div
                      class="c96"
                      role="none"
                    />
                  </div>
                </div>
                <div
                  class="c97"
                  role="presentation"
                >
                  <div
                    class="c98"
                  >
                    <div
                      class="c99"
                      role="none"
                    />
                  </div>
                </div>
                <div
                  class="c100"
                  role="presentation"
                >
                  <div
                    class="c101"
                  >
                    <div
                      class="c102"
                      role="none"
                    />
                  </div>
                </div>
                <div
                  class="c103"
                  role="presentation"
                >
                  <div
                    class="c104"
                  >
                    <div
                      class="c105"
                      role="none"
                    />
                  </div>
                </div>
                <div
                  class="c106"
                  role="presentation"
                >
                  <div
                    class="c107"
                  >
                    <div
                      class="c108"
                      role="none"
                    />
                  </div>
                </div>
                <div
                  class="c109"
                  role="presentation"
                >
                  <div
                    class="c110"
                  >
                    <div
                      class="c111"
                      role="none"
                    />
                  </div>
                </div>
                <div
                  class="c112"
                  role="presentation"
                >
                  <div
                    class="c113"
                  >
                    <div
                      class="c114"
                      role="none"
                    />
                  </div>
                </div>
                <div
                  class="c115"
                  role="presentation"
                >
                  <div
                    class="c116"
                  >
                    <div
                      class="c117"
                      role="none"
                    />
                  </div>
                </div>
                <div
                  class="c118"
                  role="presentation"
                >
                  <div
                    class="c119"
                  >
                    <div
                      class="c120"
                      role="none"
                    />
                  </div>
                </div>
                <div
                  class="c121"
                  role="presentation"
                >
                  <div
                    class="c122"
                  >
                    <div
                      class="c123"
                      role="none"
                    />
                  </div>
                </div>
                <div
                  class="c124"
                  role="presentation"
                >
                  <div
                    class="c125"
                  >
                    <div
                      class="c126"
                      role="none"
                    />
                  </div>
                </div>
                <div
                  class="c127"
                  role="presentation"
                >
                  <div
                    class="c128"
                  >
                    <div
                      class="c129"
                      role="none"
                    />
                  </div>
                </div>
                <div
                  class="c130"
                  role="presentation"
                >
                  <div
                    class="c131"
                  >
                    <div
                      class="c132"
                      role="none"
                    />
                  </div>
                </div>
                <div
                  class="c133"
                  role="presentation"
                >
                  <div
                    class="c134"
                  >
                    <div
                      class="c135"
                      role="none"
                    />
                  </div>
                </div>
                <div
                  class="c136"
                  role="presentation"
                >
                  <div
                    class="c137"
                  >
                    <div
                      class="c138"
                      role="none"
                    />
                  </div>
                </div>
                <div
                  class="c139"
                  role="presentation"
                >
                  <div
                    class="c140"
                  >
                    <div
                      class="c141"
                      role="none"
                    />
                  </div>
                </div>
                <div
                  class="c142"
                  role="presentation"
                >
                  <div
                    class="c143"
                  >
                    <div
                      class="c144"
                      role="none"
                    />
                  </div>
                </div>
                <div
                  class="c145"
                  role="presentation"
                >
                  <div
                    class="c146"
                  >
                    <div
                      class="c147"
                      role="none"
                    />
                  </div>
                </div>
                <div
                  class="c148"
                  role="presentation"
                >
                  <div
                    class="c149"
                  >
                    <div
                      class="c150"
                      role="none"
                    />
                  </div>
                </div>
                <div
                  class="c151"
                  role="presentation"
                >
                  <div
                    class="c152"
                  >
                    <div
                      class="c153"
                      role="none"
                    />
                  </div>
                </div>
              </div>
            </div>
          </div>
          <div
            class="c154"
          />
        </div>
        <h2
          class="c18 c155"
        >
          About me
        </h2>
        <section
          class="c156"
        >
          <p
            class="c7 c8"
          >
            Experienced Front-End Developer with a strong foundation in web technologies and a passion for creating visually appealing and user-friendly interfaces. Proficient in a variety of front-end frameworks and libraries, more focused in React.JS, with a solid understanding of HTML5, CSS3, and JavaScript. Skilled at translating design concepts into responsive and interactive web experiences.
          </p>
          <p
            class="c7 c8"
          >
            Additionally, I have experience in backend development using technologies such as Node.js and Java, which enables me to create comprehensive and robust solutions.
          </p>
          <p
            class="c7 c8"
          >
            Committed to staying up-to-date with the latest industry trends and consistently enhancing skills to deliver seamless digital solutions.
          </p>
        </section>
        <a
          class="c10 c21"
          href="/experience"
        >
          <div
            class="c12"
          >
            <svg
              class="c13"
              height="42"
              width="42"
            >
              circleButton.svg
            </svg>
            <div
              class="c14"
            >
              <svg>
                arrowRight.svg
              </svg>
            </div>
          </div>
          <p
            class="c7 c15 c8 c16"
          >
            Experience
          </p>
        </a>
      </div>
      <footer
        class="c157"
        tabindex="-1"
      >
        <div
          class="c158"
        >
          <div
            class="c159"
          />
          <div
            class="c159"
          />
          <div
            class="c159"
          />
        </div>
        <div
          class="c160"
        >
          <svg
            class="c161"
            height="64"
            width="120"
          >
            slLogo.svg
          </svg>
          <nav
            aria-label="Site map"
            class="c162"
          >
            <ul
              class="c163"
            >
              <li>
                <a
                  class="c164"
                  href="/experience"
                >
                  <p
                    class="c7 c8"
                  >
                    Experience
                  </p>
                </a>
              </li>
              <li>
                <a
                  class="c164"
                  href="/contact"
                >
                  <p
                    class="c7 c8"
                  >
                    Contact
                  </p>
                </a>
              </li>
              <li>
                <a
                  class="c164"
                  href="/portfolio"
                >
                  <p
                    class="c7 c8"
                  >
                    CV/Portfolio
                  </p>
                </a>
              </li>
              <li>
                <a
                  class="c164"
                  href="#"
                >
                  <svg
                    color="#FBFBFB"
                    height="14"
                    width="14"
                  >
                    moon.svg
                  </svg>
                  <p
                    class="c7 c8"
                  >
                    Dark mode
                  </p>
                </a>
              </li>
              <li>
                <a
                  class="c164"
                  href="#"
                >
                  <svg
                    color="#FBFBFB"
                    height="14"
                    width="14"
                  >
                    cactus.svg
                  </svg>
                  <p
                    class="c7 c8"
                  >
                    Pain mode
                  </p>
                </a>
              </li>
            </ul>
          </nav>
          <div
            class="c165"
          >
            <a
              aria-label="Telegram"
              class=""
              data-testid="plain-anchor"
              href="https://t.me/Sdlgr"
            >
              <svg
                color="#FBFBFB"
              >
                telegram.svg
              </svg>
            </a>
            <a
              aria-label="Github"
              class=""
              data-testid="plain-anchor"
              href="https://github.com/sauldeleon"
            >
              <svg
                color="#FBFBFB"
              >
                github.svg
              </svg>
            </a>
            <a
              aria-label="LinkedIn"
              class=""
              data-testid="plain-anchor"
              href="https://www.linkedin.com/in/sauldeleonguerrero"
            >
              <svg
                color="#FBFBFB"
              >
                linkedin.svg
              </svg>
            </a>
          </div>
        </div>
      </footer>
    </div>
  </div>
</body>
`;
