// Jest Snapshot v1, https://goo.gl/fbAQLP

exports[`[lng] route - Page should render successfully 1`] = `
.c18 {
  font-family: 'Roboto mono',monospace;
  font-weight: 400;
  color: #FBFBFB;
  font-size: 1.5rem;
  line-height: normal;
  margin: 0;
}

.c8 {
  font-family: 'Roboto mono',monospace;
  font-weight: 400;
  color: #FBFBFB;
  font-size: 0.9rem;
  line-height: normal;
  white-space: pre-line;
}

.c8 ul,
.c8 ol {
  margin-left: 40px;
  margin-bottom: 10px;
}

.c8 ul {
  list-style: outside disc;
}

.c8 ol {
  list-style: decimal;
}

.c8 li {
  padding-left: 10px;
}

.c23 {
  font-family: 'Roboto mono',monospace;
  font-weight: 500;
  color: #FBFBFB;
  font-size: 0.5rem;
  line-height: normal;
  text-transform: uppercase;
}

.c0 {
  width: 100%;
  display: flex;
  flex-direction: column;
}

.c17 {
  display: flex;
  min-height: calc(100vh - 115px);
  padding-top: 80px;
  align-items: center;
  flex-direction: column;
  overflow: hidden;
}

.c184 {
  position: relative;
  width: 100%;
  display: flex;
  flex-direction: column;
  align-items: center;
  min-height: 120px;
  margin-top: 50px;
}

.c185 {
  position: relative;
  width: 100%;
  height: 15px;
}

.c188 {
  position: absolute;
  top: -61px;
  left: 30px;
}

.c186 {
  height: 7px;
  width: 100%;
  position: relative;
}

.c186:before {
  content: '';
  position: absolute;
  width: 100%;
  height: 3px;
  background: linear-gradient(         to bottom,         rgba(0,0,0,0.3),         rgba(152,223,214,0.3)       );
}

.c187 {
  position: relative;
  max-width: 1440px;
  min-height: 120px;
  align-items: center;
  justify-content: unset;
  width: 100%;
  display: grid;
  padding: 30px;
}

.c189 {
  display: flex;
  align-items: center;
  position: relative;
}

.c190 {
  display: flex;
  align-items: center;
  flex-grow: 1;
  flex-direction: row;
  width: 100%;
  gap: 30px;
  flex-wrap: wrap;
}

.c191 {
  display: flex;
  align-items: center;
  gap: 4px;
}

.c191:hover,
.c191:focus {
  text-decoration: none;
}

.c192 {
  height: 20px;
  display: flex;
  gap: 20px;
  justify-self: end;
  padding: 30px 0;
}

.c1 {
  background-color: #FBFBFB;
  color: #000000;
  height: 130px;
  max-width: 1440px;
  width: 100%;
  padding: 0 30px;
  margin: 0 auto;
  display: flex;
  justify-items: center;
  align-items: end;
}

.c6 {
  display: flex;
}

.c6:hover,
.c6:focus {
  text-decoration: none;
}

.c4 {
  display: flex;
  align-items: end;
  flex-grow: 1;
  justify-content: space-around;
  height: 100%;
}

.c5 {
  width: 59px;
  display: flex;
  justify-content: center;
  height: 100%;
  padding-bottom: 25px;
}

.c5 .c7 {
  font-family: 'Roboto mono',monospace;
  font-weight: 500;
  color: #FBFBFB;
  font-size: 0.55rem;
  line-height: normal;
  color: #000000;
  writing-mode: tb-rl;
  transform: rotate(-180deg);
}

.c5:hover {
  background-color: #000000;
  cursor: pointer;
}

.c5:hover .c7 {
  color: #FBFBFB;
}

.c9 {
  width: 59px;
  display: flex;
  justify-content: center;
  height: 100%;
  padding-bottom: 25px;
}

.c9 .c7 {
  font-family: 'Roboto mono',monospace;
  font-weight: 500;
  color: #FBFBFB;
  font-size: 0.55rem;
  line-height: normal;
  color: #000000;
  writing-mode: tb-rl;
  transform: rotate(-180deg);
}

.c9:hover {
  background-color: #000000;
  cursor: pointer;
}

.c9:hover .c7 {
  color: #FBFBFB;
}

.c16 {
  margin-left: 8px;
  position: relative;
}

.c16:hover,
.c16:focus {
  text-decoration: none;
}

.c16::after {
  content: '';
  position: absolute;
  width: 100%;
  transform: scaleX(0);
  height: 2px;
  bottom: 0;
  left: 0;
  background-color: #FBFBFB;
  transform-origin: bottom right;
  transition: transform 0.5s ease-out;
}

.c20 {
  outline: none;
  cursor: pointer;
  display: flex;
  align-items: center;
  max-height: 76px;
}

.c20:hover,
.c20:focus {
  text-decoration: none;
}

.c20:hover circle.loading {
  stroke: white;
  stroke-width: 6px;
  stroke-dasharray: 110;
  stroke-dashoffset: 82;
  animation: clock-loading 0.5s steps(4, jump-none) forwards;
  transform: rotate(-90deg);
  transform-origin: center;
}

.c20:hover .c15::after {
  transform: scaleX(1);
  transform-origin: bottom left;
}

.c10 {
  outline: none;
  cursor: pointer;
  display: flex;
  align-items: center;
  max-height: 42px;
}

.c10:hover,
.c10:focus {
  text-decoration: none;
}

.c10:hover circle.loading {
  stroke: white;
  stroke-width: 6px;
  stroke-dasharray: 110;
  stroke-dashoffset: 82;
  animation: clock-loading 0.5s steps(4, jump-none) forwards;
  transform: rotate(-90deg);
  transform-origin: center;
}

.c10:hover .c15::after {
  transform: scaleX(1);
  transform-origin: bottom left;
}

.c22 {
  position: relative;
  width: 76px;
  height: 76px;
}

.c12 {
  position: relative;
  width: 42px;
  height: 42px;
}

.c13 {
  position: absolute;
  transform: translate(-50%, -50%);
  top: 50%;
  left: 50%;
}

.c14 {
  position: absolute;
  transform: translate(-50%, -50%);
  top: 50%;
  left: 50%;
  display: flex;
}

.c2 {
  display: flex;
}

.c3 {
  color: #000000;
  margin-bottom: 25px;
}

.c11 {
  display: none;
}

.c19 {
  text-align: center;
}

.c182 {
  margin-top: 30px;
}

.c21 {
  margin-top: 40px;
  margin-bottom: 30px;
}

.c183 {
  text-align: center;
  max-width: 1180px;
  padding: 0 34px;
}

.c183 .c7 {
  margin-top: 20px;
}

.c27 {
  z-index: 2;
  width: 147%;
  top: -34%;
  left: -24%;
  position: absolute;
  display: flex;
  justify-content: space-between;
  transform: rotate(90deg);
}

.c29 {
  width: 130px;
  height: 249px;
}

.c28 {
  background-color: #000000;
  border-top-right-radius: 42px 50%;
  border-bottom-right-radius: 44px 50%;
  border-top-left-radius: 44px 50%;
  border-bottom-left-radius: 44px 50%;
  margin-bottom: 5px;
  line-height: 0px;
}

.c32 {
  position: absolute;
  height: 212px;
  width: 62px;
  left: -43px;
  top: 2px;
  border-top-left-radius: 35px 50%;
  border-top-right-radius: 32px 50%;
  border-bottom-left-radius: 32px 50%;
  border-bottom-right-radius: 32px 50%;
  animation: 3s portal-first-glow ease-in-out infinite;
}

.c33 {
  position: absolute;
  height: 213px;
  width: 62px;
  right: -41px;
  top: -3px;
  border-top-left-radius: 34px 50%;
  border-top-right-radius: 29px 50%;
  border-bottom-left-radius: 28px 49%;
  border-bottom-right-radius: 28px 50%;
  animation: 3s portal-last-glow ease-in-out infinite;
}

.c30 {
  border-top-right-radius: 41px 50%;
  border-bottom-right-radius: 44px 50%;
  border-top-left-radius: 43px 50%;
  border-bottom-left-radius: 45px 50%;
  background-color: #000000;
  margin-bottom: 5px;
  line-height: 0px;
  transform: scaleX(-1);
}

.c31 {
  --height: 212px;
  position: absolute;
  overflow: hidden;
  margin: 30px auto;
  height: 212px;
  border-top-left-radius: 30px 50%;
  border-bottom-left-radius: 30px 50%;
  border-top-right-radius: 31px 50%;
  border-bottom-right-radius: 32px 50%;
  top: -12px;
  left: 62px;
  right: 61px;
}

.c134 {
  --itemSize: 20%;
  position: absolute;
  transform: translateX(-60%);
  width: 100%;
  height: 100%;
  animation: 10.59912597782304s horizontal-movement 2.4870388249528483s linear infinite;
}

.c138 {
  --itemSize: 16%;
  position: absolute;
  transform: translateX(-60%);
  width: 100%;
  height: 100%;
  animation: 18.05300058120506s horizontal-movement 1.2597847900663388s linear infinite;
}

.c142 {
  --itemSize: 16%;
  position: absolute;
  transform: translateX(-60%);
  width: 100%;
  height: 100%;
  animation: 18.88102079690248s horizontal-movement 4.476795931285851s linear infinite;
}

.c146 {
  --itemSize: 16%;
  position: absolute;
  transform: translateX(-60%);
  width: 100%;
  height: 100%;
  animation: 13.082434717886677s horizontal-movement 5.785497649948763s linear infinite;
}

.c150 {
  --itemSize: 20%;
  position: absolute;
  transform: translateX(-60%);
  width: 100%;
  height: 100%;
  animation: 13.998429508231345s horizontal-movement 1.3198346450422775s linear infinite;
}

.c154 {
  --itemSize: 20%;
  position: absolute;
  transform: translateX(-60%);
  width: 100%;
  height: 100%;
  animation: 15.839977620116896s horizontal-movement 5.954514895873972s linear infinite;
}

.c158 {
  --itemSize: 16%;
  position: absolute;
  transform: translateX(-60%);
  width: 100%;
  height: 100%;
  animation: 9.567827032117348s horizontal-movement 2.4903645871762716s linear infinite;
}

.c162 {
  --itemSize: 20%;
  position: absolute;
  transform: translateX(-60%);
  width: 100%;
  height: 100%;
  animation: 16.547170604589763s horizontal-movement 5.080389063344657s linear infinite;
}

.c166 {
  --itemSize: 20%;
  position: absolute;
  transform: translateX(-60%);
  width: 100%;
  height: 100%;
  animation: 17.491744852899615s horizontal-movement 1.9908158093620472s linear infinite;
}

.c170 {
  --itemSize: 16%;
  position: absolute;
  transform: translateX(-60%);
  width: 100%;
  height: 100%;
  animation: 12.491132583585378s horizontal-movement 5.8541714215255904s linear infinite;
}

.c174 {
  --itemSize: 16%;
  position: absolute;
  transform: translateX(-60%);
  width: 100%;
  height: 100%;
  animation: 11.001141353180081s horizontal-movement 2.5718628558273195s linear infinite;
}

.c178 {
  --itemSize: 16%;
  position: absolute;
  transform: translateX(-60%);
  width: 100%;
  height: 100%;
  animation: 11.689741753614907s horizontal-movement 4.080281814075244s linear infinite;
}

.c135 {
  position: absolute;
  width: 100%;
  height: 100%;
  display: grid;
  place-items: center;
  --translateY-begin: -32%;
  --translateY-end: 13%;
  animation: 10.456793825113433s vertical-movement ease-in-out alternate infinite;
}

.c139 {
  position: absolute;
  width: 100%;
  height: 100%;
  display: grid;
  place-items: center;
  --translateY-begin: -1%;
  --translateY-end: 37%;
  animation: 10.353047293629341s vertical-movement ease-in-out alternate infinite;
}

.c143 {
  position: absolute;
  width: 100%;
  height: 100%;
  display: grid;
  place-items: center;
  --translateY-begin: 1%;
  --translateY-end: 23%;
  animation: 9.159940978761442s vertical-movement ease-in-out alternate infinite;
}

.c147 {
  position: absolute;
  width: 100%;
  height: 100%;
  display: grid;
  place-items: center;
  --translateY-begin: 1%;
  --translateY-end: -5%;
  animation: 9.42194608558071s vertical-movement ease-in-out alternate infinite;
}

.c151 {
  position: absolute;
  width: 100%;
  height: 100%;
  display: grid;
  place-items: center;
  --translateY-begin: -12%;
  --translateY-end: -16%;
  animation: 5.178123905800033s vertical-movement ease-in-out alternate infinite;
}

.c155 {
  position: absolute;
  width: 100%;
  height: 100%;
  display: grid;
  place-items: center;
  --translateY-begin: -24%;
  --translateY-end: -20%;
  animation: 10.961216391346184s vertical-movement ease-in-out alternate infinite;
}

.c159 {
  position: absolute;
  width: 100%;
  height: 100%;
  display: grid;
  place-items: center;
  --translateY-begin: -8%;
  --translateY-end: -19%;
  animation: 7.005948813078015s vertical-movement ease-in-out alternate infinite;
}

.c163 {
  position: absolute;
  width: 100%;
  height: 100%;
  display: grid;
  place-items: center;
  --translateY-begin: -19%;
  --translateY-end: 5%;
  animation: 6.3929699041486145s vertical-movement ease-in-out alternate infinite;
}

.c167 {
  position: absolute;
  width: 100%;
  height: 100%;
  display: grid;
  place-items: center;
  --translateY-begin: -23%;
  --translateY-end: 22%;
  animation: 7.382745424928679s vertical-movement ease-in-out alternate infinite;
}

.c171 {
  position: absolute;
  width: 100%;
  height: 100%;
  display: grid;
  place-items: center;
  --translateY-begin: -23%;
  --translateY-end: 19%;
  animation: 6.419642216820769s vertical-movement ease-in-out alternate infinite;
}

.c175 {
  position: absolute;
  width: 100%;
  height: 100%;
  display: grid;
  place-items: center;
  --translateY-begin: 9%;
  --translateY-end: -13%;
  animation: 10.35149314136392s vertical-movement ease-in-out alternate infinite;
}

.c179 {
  position: absolute;
  width: 100%;
  height: 100%;
  display: grid;
  place-items: center;
  --translateY-begin: -34%;
  --translateY-end: -1%;
  animation: 9.440784825847377s vertical-movement ease-in-out alternate infinite;
}

.c136 {
  z-index: 3;
  height: var(--itemSize);
  aspect-ratio: 1/1;
  position: absolute;
  --rotation: calc(               2 *                 360deg             );
  animation: 4.237818594588826s rotate-movement linear infinite;
}

.c140 {
  z-index: 5;
  height: var(--itemSize);
  aspect-ratio: 1/1;
  position: absolute;
  --rotation: calc(               2 *                 360deg             );
  animation: 5.889611280970905s rotate-movement linear infinite;
}

.c144 {
  z-index: 4;
  height: var(--itemSize);
  aspect-ratio: 1/1;
  position: absolute;
  --rotation: calc(               2 *                 360deg             );
  animation: 4.216557068355115s rotate-movement linear infinite;
}

.c148 {
  z-index: 5;
  height: var(--itemSize);
  aspect-ratio: 1/1;
  position: absolute;
  --rotation: calc(               2 *                 360deg             );
  animation: 4.405631597558116s rotate-movement linear infinite;
}

.c152 {
  z-index: 3;
  height: var(--itemSize);
  aspect-ratio: 1/1;
  position: absolute;
  --rotation: calc(               1 *                 360deg             );
  animation: 5.760003882940972s rotate-movement linear infinite;
}

.c156 {
  z-index: 4;
  height: var(--itemSize);
  aspect-ratio: 1/1;
  position: absolute;
  --rotation: calc(               2 *                 360deg             );
  animation: 6.10501989532445s rotate-movement linear infinite;
}

.c160 {
  z-index: 3;
  height: var(--itemSize);
  aspect-ratio: 1/1;
  position: absolute;
  --rotation: calc(               2 *                 360deg             );
  animation: 5.949146980447107s rotate-movement linear infinite;
}

.c164 {
  z-index: 5;
  height: var(--itemSize);
  aspect-ratio: 1/1;
  position: absolute;
  --rotation: calc(               2 *                 360deg             );
  animation: 6.85102439265857s rotate-movement linear infinite;
}

.c168 {
  z-index: 3;
  height: var(--itemSize);
  aspect-ratio: 1/1;
  position: absolute;
  --rotation: calc(               2 *                 360deg             );
  animation: 5.971988232101946s rotate-movement linear infinite;
}

.c172 {
  z-index: 5;
  height: var(--itemSize);
  aspect-ratio: 1/1;
  position: absolute;
  --rotation: calc(               2 *                 360deg             );
  animation: 6.217863946220371s rotate-movement linear infinite;
}

.c176 {
  z-index: 5;
  height: var(--itemSize);
  aspect-ratio: 1/1;
  position: absolute;
  --rotation: calc(               1 *                 360deg             );
  animation: 5.347832197359062s rotate-movement linear infinite;
}

.c180 {
  z-index: 5;
  height: var(--itemSize);
  aspect-ratio: 1/1;
  position: absolute;
  --rotation: calc(               2 *                 360deg             );
  animation: 4.852951642248924s rotate-movement linear infinite;
}

.c165 svg {
  width: 100%;
  height: 100%;
}

.c137 svg {
  width: 100%;
  height: 100%;
  color: #FFDD83;
  animation: 10.59912597782304s color-swap 2.4870388249528483s linear infinite;
}

.c141 svg {
  width: 100%;
  height: 100%;
  color: #FFDD83;
  animation: 18.05300058120506s color-swap 1.2597847900663388s linear infinite;
}

.c145 svg {
  width: 100%;
  height: 100%;
  color: #FFDD83;
  animation: 18.88102079690248s color-swap 4.476795931285851s linear infinite;
}

.c149 svg {
  width: 100%;
  height: 100%;
  color: #FFDD83;
  animation: 13.082434717886677s color-swap 5.785497649948763s linear infinite;
}

.c153 svg {
  width: 100%;
  height: 100%;
  color: #FFDD83;
  animation: 13.998429508231345s color-swap 1.3198346450422775s linear infinite;
}

.c157 svg {
  width: 100%;
  height: 100%;
  color: #FFDD83;
  animation: 15.839977620116896s color-swap 5.954514895873972s linear infinite;
}

.c161 svg {
  width: 100%;
  height: 100%;
  color: #FFDD83;
  animation: 9.567827032117348s color-swap 2.4903645871762716s linear infinite;
}

.c169 svg {
  width: 100%;
  height: 100%;
  color: #FFDD83;
  animation: 17.491744852899615s color-swap 1.9908158093620472s linear infinite;
}

.c173 svg {
  width: 100%;
  height: 100%;
  color: #FFDD83;
  animation: 12.491132583585378s color-swap 5.8541714215255904s linear infinite;
}

.c177 svg {
  width: 100%;
  height: 100%;
  color: #FFDD83;
  animation: 11.001141353180081s color-swap 2.5718628558273195s linear infinite;
}

.c34 {
  position: absolute;
  width: 100%;
  height: 100%;
  transform: translateX(-60%);
  display: grid;
  place-items: center;
  --particleSize: 8px;
  --begin-y: 27%;
  --end-y: 21%;
  animation: 3487ms particle-movement 4523ms infinite linear;
}

.c36 {
  position: absolute;
  width: 100%;
  height: 100%;
  transform: translateX(-60%);
  display: grid;
  place-items: center;
  --particleSize: 5px;
  --begin-y: 34%;
  --end-y: -9%;
  animation: 3538ms particle-movement 3021ms infinite linear;
}

.c38 {
  position: absolute;
  width: 100%;
  height: 100%;
  transform: translateX(-60%);
  display: grid;
  place-items: center;
  --particleSize: 3px;
  --begin-y: 34%;
  --end-y: -42%;
  animation: 5503ms particle-movement 631ms infinite linear;
}

.c40 {
  position: absolute;
  width: 100%;
  height: 100%;
  transform: translateX(-60%);
  display: grid;
  place-items: center;
  --particleSize: 2px;
  --begin-y: 28%;
  --end-y: -42%;
  animation: 6225ms particle-movement 2157ms infinite linear;
}

.c42 {
  position: absolute;
  width: 100%;
  height: 100%;
  transform: translateX(-60%);
  display: grid;
  place-items: center;
  --particleSize: 1px;
  --begin-y: 36%;
  --end-y: 45%;
  animation: 5946ms particle-movement 7200ms infinite linear;
}

.c44 {
  position: absolute;
  width: 100%;
  height: 100%;
  transform: translateX(-60%);
  display: grid;
  place-items: center;
  --particleSize: 6px;
  --begin-y: 40%;
  --end-y: 24%;
  animation: 5439ms particle-movement 279ms infinite linear;
}

.c46 {
  position: absolute;
  width: 100%;
  height: 100%;
  transform: translateX(-60%);
  display: grid;
  place-items: center;
  --particleSize: 5px;
  --begin-y: 25%;
  --end-y: 6%;
  animation: 4284ms particle-movement 2490ms infinite linear;
}

.c48 {
  position: absolute;
  width: 100%;
  height: 100%;
  transform: translateX(-60%);
  display: grid;
  place-items: center;
  --particleSize: 5px;
  --begin-y: 25%;
  --end-y: -1%;
  animation: 6498ms particle-movement 10701ms infinite linear;
}

.c50 {
  position: absolute;
  width: 100%;
  height: 100%;
  transform: translateX(-60%);
  display: grid;
  place-items: center;
  --particleSize: 6px;
  --begin-y: -17%;
  --end-y: -6%;
  animation: 3375ms particle-movement 1883ms infinite linear;
}

.c52 {
  position: absolute;
  width: 100%;
  height: 100%;
  transform: translateX(-60%);
  display: grid;
  place-items: center;
  --particleSize: 8px;
  --begin-y: -7%;
  --end-y: -21%;
  animation: 3331ms particle-movement 1776ms infinite linear;
}

.c54 {
  position: absolute;
  width: 100%;
  height: 100%;
  transform: translateX(-60%);
  display: grid;
  place-items: center;
  --particleSize: 5px;
  --begin-y: 24%;
  --end-y: 20%;
  animation: 3792ms particle-movement 10795ms infinite linear;
}

.c56 {
  position: absolute;
  width: 100%;
  height: 100%;
  transform: translateX(-60%);
  display: grid;
  place-items: center;
  --particleSize: 4px;
  --begin-y: -17%;
  --end-y: -24%;
  animation: 5358ms particle-movement 10234ms infinite linear;
}

.c58 {
  position: absolute;
  width: 100%;
  height: 100%;
  transform: translateX(-60%);
  display: grid;
  place-items: center;
  --particleSize: 9px;
  --begin-y: -31%;
  --end-y: 35%;
  animation: 6640ms particle-movement 6321ms infinite linear;
}

.c60 {
  position: absolute;
  width: 100%;
  height: 100%;
  transform: translateX(-60%);
  display: grid;
  place-items: center;
  --particleSize: 1px;
  --begin-y: 18%;
  --end-y: -14%;
  animation: 5951ms particle-movement 5293ms infinite linear;
}

.c62 {
  position: absolute;
  width: 100%;
  height: 100%;
  transform: translateX(-60%);
  display: grid;
  place-items: center;
  --particleSize: 10px;
  --begin-y: -31%;
  --end-y: 30%;
  animation: 6739ms particle-movement 545ms infinite linear;
}

.c64 {
  position: absolute;
  width: 100%;
  height: 100%;
  transform: translateX(-60%);
  display: grid;
  place-items: center;
  --particleSize: 6px;
  --begin-y: 22%;
  --end-y: -15%;
  animation: 5808ms particle-movement 5659ms infinite linear;
}

.c66 {
  position: absolute;
  width: 100%;
  height: 100%;
  transform: translateX(-60%);
  display: grid;
  place-items: center;
  --particleSize: 10px;
  --begin-y: -35%;
  --end-y: -28%;
  animation: 6234ms particle-movement 6944ms infinite linear;
}

.c68 {
  position: absolute;
  width: 100%;
  height: 100%;
  transform: translateX(-60%);
  display: grid;
  place-items: center;
  --particleSize: 10px;
  --begin-y: 31%;
  --end-y: -32%;
  animation: 4790ms particle-movement 9416ms infinite linear;
}

.c70 {
  position: absolute;
  width: 100%;
  height: 100%;
  transform: translateX(-60%);
  display: grid;
  place-items: center;
  --particleSize: 7px;
  --begin-y: -41%;
  --end-y: 7%;
  animation: 4585ms particle-movement 814ms infinite linear;
}

.c72 {
  position: absolute;
  width: 100%;
  height: 100%;
  transform: translateX(-60%);
  display: grid;
  place-items: center;
  --particleSize: 9px;
  --begin-y: -34%;
  --end-y: -14%;
  animation: 5459ms particle-movement 10528ms infinite linear;
}

.c74 {
  position: absolute;
  width: 100%;
  height: 100%;
  transform: translateX(-60%);
  display: grid;
  place-items: center;
  --particleSize: 10px;
  --begin-y: -12%;
  --end-y: 15%;
  animation: 6263ms particle-movement 6435ms infinite linear;
}

.c76 {
  position: absolute;
  width: 100%;
  height: 100%;
  transform: translateX(-60%);
  display: grid;
  place-items: center;
  --particleSize: 7px;
  --begin-y: -29%;
  --end-y: 26%;
  animation: 6145ms particle-movement 1970ms infinite linear;
}

.c78 {
  position: absolute;
  width: 100%;
  height: 100%;
  transform: translateX(-60%);
  display: grid;
  place-items: center;
  --particleSize: 5px;
  --begin-y: 45%;
  --end-y: 12%;
  animation: 5385ms particle-movement 3946ms infinite linear;
}

.c80 {
  position: absolute;
  width: 100%;
  height: 100%;
  transform: translateX(-60%);
  display: grid;
  place-items: center;
  --particleSize: 9px;
  --begin-y: 9%;
  --end-y: -31%;
  animation: 4442ms particle-movement 2862ms infinite linear;
}

.c82 {
  position: absolute;
  width: 100%;
  height: 100%;
  transform: translateX(-60%);
  display: grid;
  place-items: center;
  --particleSize: 1px;
  --begin-y: 14%;
  --end-y: -40%;
  animation: 4843ms particle-movement 4667ms infinite linear;
}

.c84 {
  position: absolute;
  width: 100%;
  height: 100%;
  transform: translateX(-60%);
  display: grid;
  place-items: center;
  --particleSize: 9px;
  --begin-y: -3%;
  --end-y: -41%;
  animation: 3629ms particle-movement 2589ms infinite linear;
}

.c86 {
  position: absolute;
  width: 100%;
  height: 100%;
  transform: translateX(-60%);
  display: grid;
  place-items: center;
  --particleSize: 4px;
  --begin-y: 21%;
  --end-y: -26%;
  animation: 4976ms particle-movement 10601ms infinite linear;
}

.c88 {
  position: absolute;
  width: 100%;
  height: 100%;
  transform: translateX(-60%);
  display: grid;
  place-items: center;
  --particleSize: 9px;
  --begin-y: -39%;
  --end-y: -23%;
  animation: 6283ms particle-movement 9023ms infinite linear;
}

.c90 {
  position: absolute;
  width: 100%;
  height: 100%;
  transform: translateX(-60%);
  display: grid;
  place-items: center;
  --particleSize: 6px;
  --begin-y: 43%;
  --end-y: 33%;
  animation: 4921ms particle-movement 2305ms infinite linear;
}

.c92 {
  position: absolute;
  width: 100%;
  height: 100%;
  transform: translateX(-60%);
  display: grid;
  place-items: center;
  --particleSize: 2px;
  --begin-y: 24%;
  --end-y: 28%;
  animation: 4358ms particle-movement 9810ms infinite linear;
}

.c94 {
  position: absolute;
  width: 100%;
  height: 100%;
  transform: translateX(-60%);
  display: grid;
  place-items: center;
  --particleSize: 4px;
  --begin-y: 9%;
  --end-y: 18%;
  animation: 6550ms particle-movement 82ms infinite linear;
}

.c96 {
  position: absolute;
  width: 100%;
  height: 100%;
  transform: translateX(-60%);
  display: grid;
  place-items: center;
  --particleSize: 1px;
  --begin-y: 6%;
  --end-y: -21%;
  animation: 5304ms particle-movement 7556ms infinite linear;
}

.c98 {
  position: absolute;
  width: 100%;
  height: 100%;
  transform: translateX(-60%);
  display: grid;
  place-items: center;
  --particleSize: 9px;
  --begin-y: 42%;
  --end-y: -19%;
  animation: 4599ms particle-movement 4673ms infinite linear;
}

.c100 {
  position: absolute;
  width: 100%;
  height: 100%;
  transform: translateX(-60%);
  display: grid;
  place-items: center;
  --particleSize: 2px;
  --begin-y: -4%;
  --end-y: -12%;
  animation: 5188ms particle-movement 6583ms infinite linear;
}

.c102 {
  position: absolute;
  width: 100%;
  height: 100%;
  transform: translateX(-60%);
  display: grid;
  place-items: center;
  --particleSize: 7px;
  --begin-y: 28%;
  --end-y: 38%;
  animation: 4282ms particle-movement 6669ms infinite linear;
}

.c104 {
  position: absolute;
  width: 100%;
  height: 100%;
  transform: translateX(-60%);
  display: grid;
  place-items: center;
  --particleSize: 8px;
  --begin-y: 0%;
  --end-y: -13%;
  animation: 5637ms particle-movement 1075ms infinite linear;
}

.c106 {
  position: absolute;
  width: 100%;
  height: 100%;
  transform: translateX(-60%);
  display: grid;
  place-items: center;
  --particleSize: 8px;
  --begin-y: -15%;
  --end-y: -38%;
  animation: 4368ms particle-movement 3014ms infinite linear;
}

.c108 {
  position: absolute;
  width: 100%;
  height: 100%;
  transform: translateX(-60%);
  display: grid;
  place-items: center;
  --particleSize: 4px;
  --begin-y: -14%;
  --end-y: 10%;
  animation: 6662ms particle-movement 6161ms infinite linear;
}

.c110 {
  position: absolute;
  width: 100%;
  height: 100%;
  transform: translateX(-60%);
  display: grid;
  place-items: center;
  --particleSize: 3px;
  --begin-y: 24%;
  --end-y: -24%;
  animation: 3934ms particle-movement 2905ms infinite linear;
}

.c112 {
  position: absolute;
  width: 100%;
  height: 100%;
  transform: translateX(-60%);
  display: grid;
  place-items: center;
  --particleSize: 3px;
  --begin-y: 31%;
  --end-y: 42%;
  animation: 6851ms particle-movement 4329ms infinite linear;
}

.c114 {
  position: absolute;
  width: 100%;
  height: 100%;
  transform: translateX(-60%);
  display: grid;
  place-items: center;
  --particleSize: 3px;
  --begin-y: -10%;
  --end-y: -2%;
  animation: 4278ms particle-movement 6466ms infinite linear;
}

.c116 {
  position: absolute;
  width: 100%;
  height: 100%;
  transform: translateX(-60%);
  display: grid;
  place-items: center;
  --particleSize: 10px;
  --begin-y: -9%;
  --end-y: -29%;
  animation: 6641ms particle-movement 10354ms infinite linear;
}

.c118 {
  position: absolute;
  width: 100%;
  height: 100%;
  transform: translateX(-60%);
  display: grid;
  place-items: center;
  --particleSize: 1px;
  --begin-y: 34%;
  --end-y: 25%;
  animation: 5693ms particle-movement 10544ms infinite linear;
}

.c120 {
  position: absolute;
  width: 100%;
  height: 100%;
  transform: translateX(-60%);
  display: grid;
  place-items: center;
  --particleSize: 10px;
  --begin-y: -24%;
  --end-y: 21%;
  animation: 4226ms particle-movement 2963ms infinite linear;
}

.c122 {
  position: absolute;
  width: 100%;
  height: 100%;
  transform: translateX(-60%);
  display: grid;
  place-items: center;
  --particleSize: 3px;
  --begin-y: 33%;
  --end-y: 34%;
  animation: 3646ms particle-movement 1265ms infinite linear;
}

.c124 {
  position: absolute;
  width: 100%;
  height: 100%;
  transform: translateX(-60%);
  display: grid;
  place-items: center;
  --particleSize: 5px;
  --begin-y: 0%;
  --end-y: 18%;
  animation: 3248ms particle-movement 10223ms infinite linear;
}

.c126 {
  position: absolute;
  width: 100%;
  height: 100%;
  transform: translateX(-60%);
  display: grid;
  place-items: center;
  --particleSize: 9px;
  --begin-y: 34%;
  --end-y: 42%;
  animation: 5259ms particle-movement 250ms infinite linear;
}

.c128 {
  position: absolute;
  width: 100%;
  height: 100%;
  transform: translateX(-60%);
  display: grid;
  place-items: center;
  --particleSize: 7px;
  --begin-y: 37%;
  --end-y: -20%;
  animation: 6689ms particle-movement 2748ms infinite linear;
}

.c130 {
  position: absolute;
  width: 100%;
  height: 100%;
  transform: translateX(-60%);
  display: grid;
  place-items: center;
  --particleSize: 2px;
  --begin-y: -14%;
  --end-y: -29%;
  animation: 4780ms particle-movement 1238ms infinite linear;
}

.c132 {
  position: absolute;
  width: 100%;
  height: 100%;
  transform: translateX(-60%);
  display: grid;
  place-items: center;
  --particleSize: 1px;
  --begin-y: -35%;
  --end-y: -18%;
  animation: 6939ms particle-movement 357ms infinite linear;
}

.c35 {
  width: var(--particleSize);
  height: var(--particleSize);
  border-radius: 50%;
  mix-blend-mode: screen;
  background-image: radial-gradient(     hsl(180, 100%, 80%),     hsl(180, 100%, 80%) 10%,     hsla(180, 100%, 80%, 0) 56%   );
  animation: particle-fade 766ms infinite,particle-scale 1872ms infinite;
  animation-delay: 56ms;
}

.c37 {
  width: var(--particleSize);
  height: var(--particleSize);
  border-radius: 50%;
  mix-blend-mode: screen;
  background-image: radial-gradient(     hsl(180, 100%, 80%),     hsl(180, 100%, 80%) 10%,     hsla(180, 100%, 80%, 0) 56%   );
  animation: particle-fade 882ms infinite,particle-scale 1996ms infinite;
  animation-delay: 63ms;
}

.c39 {
  width: var(--particleSize);
  height: var(--particleSize);
  border-radius: 50%;
  mix-blend-mode: screen;
  background-image: radial-gradient(     hsl(180, 100%, 80%),     hsl(180, 100%, 80%) 10%,     hsla(180, 100%, 80%, 0) 56%   );
  animation: particle-fade 718ms infinite,particle-scale 1543ms infinite;
  animation-delay: 50ms;
}

.c41 {
  width: var(--particleSize);
  height: var(--particleSize);
  border-radius: 50%;
  mix-blend-mode: screen;
  background-image: radial-gradient(     hsl(180, 100%, 80%),     hsl(180, 100%, 80%) 10%,     hsla(180, 100%, 80%, 0) 56%   );
  animation: particle-fade 535ms infinite,particle-scale 1070ms infinite;
  animation-delay: 67ms;
}

.c43 {
  width: var(--particleSize);
  height: var(--particleSize);
  border-radius: 50%;
  mix-blend-mode: screen;
  background-image: radial-gradient(     hsl(180, 100%, 80%),     hsl(180, 100%, 80%) 10%,     hsla(180, 100%, 80%, 0) 56%   );
  animation: particle-fade 631ms infinite,particle-scale 1779ms infinite;
  animation-delay: 21ms;
}

.c45 {
  width: var(--particleSize);
  height: var(--particleSize);
  border-radius: 50%;
  mix-blend-mode: screen;
  background-image: radial-gradient(     hsl(180, 100%, 80%),     hsl(180, 100%, 80%) 10%,     hsla(180, 100%, 80%, 0) 56%   );
  animation: particle-fade 715ms infinite,particle-scale 1720ms infinite;
  animation-delay: 19ms;
}

.c47 {
  width: var(--particleSize);
  height: var(--particleSize);
  border-radius: 50%;
  mix-blend-mode: screen;
  background-image: radial-gradient(     hsl(180, 100%, 80%),     hsl(180, 100%, 80%) 10%,     hsla(180, 100%, 80%, 0) 56%   );
  animation: particle-fade 697ms infinite,particle-scale 1949ms infinite;
  animation-delay: 82ms;
}

.c49 {
  width: var(--particleSize);
  height: var(--particleSize);
  border-radius: 50%;
  mix-blend-mode: screen;
  background-image: radial-gradient(     hsl(180, 100%, 80%),     hsl(180, 100%, 80%) 10%,     hsla(180, 100%, 80%, 0) 56%   );
  animation: particle-fade 575ms infinite,particle-scale 1903ms infinite;
  animation-delay: 80ms;
}

.c51 {
  width: var(--particleSize);
  height: var(--particleSize);
  border-radius: 50%;
  mix-blend-mode: screen;
  background-image: radial-gradient(     hsl(180, 100%, 80%),     hsl(180, 100%, 80%) 10%,     hsla(180, 100%, 80%, 0) 56%   );
  animation: particle-fade 673ms infinite,particle-scale 1705ms infinite;
  animation-delay: 16ms;
}

.c53 {
  width: var(--particleSize);
  height: var(--particleSize);
  border-radius: 50%;
  mix-blend-mode: screen;
  background-image: radial-gradient(     hsl(180, 100%, 80%),     hsl(180, 100%, 80%) 10%,     hsla(180, 100%, 80%, 0) 56%   );
  animation: particle-fade 572ms infinite,particle-scale 1978ms infinite;
  animation-delay: 26ms;
}

.c55 {
  width: var(--particleSize);
  height: var(--particleSize);
  border-radius: 50%;
  mix-blend-mode: screen;
  background-image: radial-gradient(     hsl(180, 100%, 80%),     hsl(180, 100%, 80%) 10%,     hsla(180, 100%, 80%, 0) 56%   );
  animation: particle-fade 970ms infinite,particle-scale 1972ms infinite;
  animation-delay: 59ms;
}

.c57 {
  width: var(--particleSize);
  height: var(--particleSize);
  border-radius: 50%;
  mix-blend-mode: screen;
  background-image: radial-gradient(     hsl(180, 100%, 80%),     hsl(180, 100%, 80%) 10%,     hsla(180, 100%, 80%, 0) 56%   );
  animation: particle-fade 940ms infinite,particle-scale 1652ms infinite;
  animation-delay: 57ms;
}

.c59 {
  width: var(--particleSize);
  height: var(--particleSize);
  border-radius: 50%;
  mix-blend-mode: screen;
  background-image: radial-gradient(     hsl(180, 100%, 80%),     hsl(180, 100%, 80%) 10%,     hsla(180, 100%, 80%, 0) 56%   );
  animation: particle-fade 743ms infinite,particle-scale 1964ms infinite;
  animation-delay: 44ms;
}

.c61 {
  width: var(--particleSize);
  height: var(--particleSize);
  border-radius: 50%;
  mix-blend-mode: screen;
  background-image: radial-gradient(     hsl(180, 100%, 80%),     hsl(180, 100%, 80%) 10%,     hsla(180, 100%, 80%, 0) 56%   );
  animation: particle-fade 571ms infinite,particle-scale 1093ms infinite;
  animation-delay: 35ms;
}

.c63 {
  width: var(--particleSize);
  height: var(--particleSize);
  border-radius: 50%;
  mix-blend-mode: screen;
  background-image: radial-gradient(     hsl(180, 100%, 80%),     hsl(180, 100%, 80%) 10%,     hsla(180, 100%, 80%, 0) 56%   );
  animation: particle-fade 764ms infinite,particle-scale 1972ms infinite;
  animation-delay: 75ms;
}

.c65 {
  width: var(--particleSize);
  height: var(--particleSize);
  border-radius: 50%;
  mix-blend-mode: screen;
  background-image: radial-gradient(     hsl(180, 100%, 80%),     hsl(180, 100%, 80%) 10%,     hsla(180, 100%, 80%, 0) 56%   );
  animation: particle-fade 701ms infinite,particle-scale 1905ms infinite;
  animation-delay: 26ms;
}

.c67 {
  width: var(--particleSize);
  height: var(--particleSize);
  border-radius: 50%;
  mix-blend-mode: screen;
  background-image: radial-gradient(     hsl(180, 100%, 80%),     hsl(180, 100%, 80%) 10%,     hsla(180, 100%, 80%, 0) 56%   );
  animation: particle-fade 723ms infinite,particle-scale 1198ms infinite;
  animation-delay: 71ms;
}

.c69 {
  width: var(--particleSize);
  height: var(--particleSize);
  border-radius: 50%;
  mix-blend-mode: screen;
  background-image: radial-gradient(     hsl(180, 100%, 80%),     hsl(180, 100%, 80%) 10%,     hsla(180, 100%, 80%, 0) 56%   );
  animation: particle-fade 510ms infinite,particle-scale 1151ms infinite;
  animation-delay: 16ms;
}

.c71 {
  width: var(--particleSize);
  height: var(--particleSize);
  border-radius: 50%;
  mix-blend-mode: screen;
  background-image: radial-gradient(     hsl(180, 100%, 80%),     hsl(180, 100%, 80%) 10%,     hsla(180, 100%, 80%, 0) 56%   );
  animation: particle-fade 892ms infinite,particle-scale 1863ms infinite;
  animation-delay: 2ms;
}

.c73 {
  width: var(--particleSize);
  height: var(--particleSize);
  border-radius: 50%;
  mix-blend-mode: screen;
  background-image: radial-gradient(     hsl(180, 100%, 80%),     hsl(180, 100%, 80%) 10%,     hsla(180, 100%, 80%, 0) 56%   );
  animation: particle-fade 667ms infinite,particle-scale 1310ms infinite;
  animation-delay: 64ms;
}

.c75 {
  width: var(--particleSize);
  height: var(--particleSize);
  border-radius: 50%;
  mix-blend-mode: screen;
  background-image: radial-gradient(     hsl(180, 100%, 80%),     hsl(180, 100%, 80%) 10%,     hsla(180, 100%, 80%, 0) 56%   );
  animation: particle-fade 976ms infinite,particle-scale 1395ms infinite;
  animation-delay: 89ms;
}

.c77 {
  width: var(--particleSize);
  height: var(--particleSize);
  border-radius: 50%;
  mix-blend-mode: screen;
  background-image: radial-gradient(     hsl(180, 100%, 80%),     hsl(180, 100%, 80%) 10%,     hsla(180, 100%, 80%, 0) 56%   );
  animation: particle-fade 621ms infinite,particle-scale 1759ms infinite;
  animation-delay: 24ms;
}

.c79 {
  width: var(--particleSize);
  height: var(--particleSize);
  border-radius: 50%;
  mix-blend-mode: screen;
  background-image: radial-gradient(     hsl(180, 100%, 80%),     hsl(180, 100%, 80%) 10%,     hsla(180, 100%, 80%, 0) 56%   );
  animation: particle-fade 997ms infinite,particle-scale 1886ms infinite;
  animation-delay: 92ms;
}

.c81 {
  width: var(--particleSize);
  height: var(--particleSize);
  border-radius: 50%;
  mix-blend-mode: screen;
  background-image: radial-gradient(     hsl(180, 100%, 80%),     hsl(180, 100%, 80%) 10%,     hsla(180, 100%, 80%, 0) 56%   );
  animation: particle-fade 957ms infinite,particle-scale 1842ms infinite;
  animation-delay: 97ms;
}

.c83 {
  width: var(--particleSize);
  height: var(--particleSize);
  border-radius: 50%;
  mix-blend-mode: screen;
  background-image: radial-gradient(     hsl(180, 100%, 80%),     hsl(180, 100%, 80%) 10%,     hsla(180, 100%, 80%, 0) 56%   );
  animation: particle-fade 922ms infinite,particle-scale 1606ms infinite;
  animation-delay: 84ms;
}

.c85 {
  width: var(--particleSize);
  height: var(--particleSize);
  border-radius: 50%;
  mix-blend-mode: screen;
  background-image: radial-gradient(     hsl(180, 100%, 80%),     hsl(180, 100%, 80%) 10%,     hsla(180, 100%, 80%, 0) 56%   );
  animation: particle-fade 896ms infinite,particle-scale 1561ms infinite;
  animation-delay: 99ms;
}

.c87 {
  width: var(--particleSize);
  height: var(--particleSize);
  border-radius: 50%;
  mix-blend-mode: screen;
  background-image: radial-gradient(     hsl(180, 100%, 80%),     hsl(180, 100%, 80%) 10%,     hsla(180, 100%, 80%, 0) 56%   );
  animation: particle-fade 796ms infinite,particle-scale 1924ms infinite;
  animation-delay: 86ms;
}

.c89 {
  width: var(--particleSize);
  height: var(--particleSize);
  border-radius: 50%;
  mix-blend-mode: screen;
  background-image: radial-gradient(     hsl(180, 100%, 80%),     hsl(180, 100%, 80%) 10%,     hsla(180, 100%, 80%, 0) 56%   );
  animation: particle-fade 830ms infinite,particle-scale 1828ms infinite;
  animation-delay: 86ms;
}

.c91 {
  width: var(--particleSize);
  height: var(--particleSize);
  border-radius: 50%;
  mix-blend-mode: screen;
  background-image: radial-gradient(     hsl(180, 100%, 80%),     hsl(180, 100%, 80%) 10%,     hsla(180, 100%, 80%, 0) 56%   );
  animation: particle-fade 564ms infinite,particle-scale 1679ms infinite;
  animation-delay: 2ms;
}

.c93 {
  width: var(--particleSize);
  height: var(--particleSize);
  border-radius: 50%;
  mix-blend-mode: screen;
  background-image: radial-gradient(     hsl(180, 100%, 80%),     hsl(180, 100%, 80%) 10%,     hsla(180, 100%, 80%, 0) 56%   );
  animation: particle-fade 827ms infinite,particle-scale 1979ms infinite;
  animation-delay: 12ms;
}

.c95 {
  width: var(--particleSize);
  height: var(--particleSize);
  border-radius: 50%;
  mix-blend-mode: screen;
  background-image: radial-gradient(     hsl(180, 100%, 80%),     hsl(180, 100%, 80%) 10%,     hsla(180, 100%, 80%, 0) 56%   );
  animation: particle-fade 772ms infinite,particle-scale 1694ms infinite;
  animation-delay: 68ms;
}

.c97 {
  width: var(--particleSize);
  height: var(--particleSize);
  border-radius: 50%;
  mix-blend-mode: screen;
  background-image: radial-gradient(     hsl(180, 100%, 80%),     hsl(180, 100%, 80%) 10%,     hsla(180, 100%, 80%, 0) 56%   );
  animation: particle-fade 720ms infinite,particle-scale 1263ms infinite;
  animation-delay: 55ms;
}

.c99 {
  width: var(--particleSize);
  height: var(--particleSize);
  border-radius: 50%;
  mix-blend-mode: screen;
  background-image: radial-gradient(     hsl(180, 100%, 80%),     hsl(180, 100%, 80%) 10%,     hsla(180, 100%, 80%, 0) 56%   );
  animation: particle-fade 528ms infinite,particle-scale 1294ms infinite;
  animation-delay: 17ms;
}

.c101 {
  width: var(--particleSize);
  height: var(--particleSize);
  border-radius: 50%;
  mix-blend-mode: screen;
  background-image: radial-gradient(     hsl(180, 100%, 80%),     hsl(180, 100%, 80%) 10%,     hsla(180, 100%, 80%, 0) 56%   );
  animation: particle-fade 571ms infinite,particle-scale 1908ms infinite;
  animation-delay: 88ms;
}

.c103 {
  width: var(--particleSize);
  height: var(--particleSize);
  border-radius: 50%;
  mix-blend-mode: screen;
  background-image: radial-gradient(     hsl(180, 100%, 80%),     hsl(180, 100%, 80%) 10%,     hsla(180, 100%, 80%, 0) 56%   );
  animation: particle-fade 588ms infinite,particle-scale 1130ms infinite;
  animation-delay: 62ms;
}

.c105 {
  width: var(--particleSize);
  height: var(--particleSize);
  border-radius: 50%;
  mix-blend-mode: screen;
  background-image: radial-gradient(     hsl(180, 100%, 80%),     hsl(180, 100%, 80%) 10%,     hsla(180, 100%, 80%, 0) 56%   );
  animation: particle-fade 844ms infinite,particle-scale 1763ms infinite;
  animation-delay: 89ms;
}

.c107 {
  width: var(--particleSize);
  height: var(--particleSize);
  border-radius: 50%;
  mix-blend-mode: screen;
  background-image: radial-gradient(     hsl(180, 100%, 80%),     hsl(180, 100%, 80%) 10%,     hsla(180, 100%, 80%, 0) 56%   );
  animation: particle-fade 948ms infinite,particle-scale 1197ms infinite;
  animation-delay: 16ms;
}

.c109 {
  width: var(--particleSize);
  height: var(--particleSize);
  border-radius: 50%;
  mix-blend-mode: screen;
  background-image: radial-gradient(     hsl(180, 100%, 80%),     hsl(180, 100%, 80%) 10%,     hsla(180, 100%, 80%, 0) 56%   );
  animation: particle-fade 821ms infinite,particle-scale 1976ms infinite;
  animation-delay: 54ms;
}

.c111 {
  width: var(--particleSize);
  height: var(--particleSize);
  border-radius: 50%;
  mix-blend-mode: screen;
  background-image: radial-gradient(     hsl(180, 100%, 80%),     hsl(180, 100%, 80%) 10%,     hsla(180, 100%, 80%, 0) 56%   );
  animation: particle-fade 941ms infinite,particle-scale 1702ms infinite;
  animation-delay: 27ms;
}

.c113 {
  width: var(--particleSize);
  height: var(--particleSize);
  border-radius: 50%;
  mix-blend-mode: screen;
  background-image: radial-gradient(     hsl(180, 100%, 80%),     hsl(180, 100%, 80%) 10%,     hsla(180, 100%, 80%, 0) 56%   );
  animation: particle-fade 865ms infinite,particle-scale 1154ms infinite;
  animation-delay: 85ms;
}

.c115 {
  width: var(--particleSize);
  height: var(--particleSize);
  border-radius: 50%;
  mix-blend-mode: screen;
  background-image: radial-gradient(     hsl(180, 100%, 80%),     hsl(180, 100%, 80%) 10%,     hsla(180, 100%, 80%, 0) 56%   );
  animation: particle-fade 686ms infinite,particle-scale 1319ms infinite;
  animation-delay: 62ms;
}

.c117 {
  width: var(--particleSize);
  height: var(--particleSize);
  border-radius: 50%;
  mix-blend-mode: screen;
  background-image: radial-gradient(     hsl(180, 100%, 80%),     hsl(180, 100%, 80%) 10%,     hsla(180, 100%, 80%, 0) 56%   );
  animation: particle-fade 780ms infinite,particle-scale 1306ms infinite;
  animation-delay: 55ms;
}

.c119 {
  width: var(--particleSize);
  height: var(--particleSize);
  border-radius: 50%;
  mix-blend-mode: screen;
  background-image: radial-gradient(     hsl(180, 100%, 80%),     hsl(180, 100%, 80%) 10%,     hsla(180, 100%, 80%, 0) 56%   );
  animation: particle-fade 599ms infinite,particle-scale 1002ms infinite;
  animation-delay: 95ms;
}

.c121 {
  width: var(--particleSize);
  height: var(--particleSize);
  border-radius: 50%;
  mix-blend-mode: screen;
  background-image: radial-gradient(     hsl(180, 100%, 80%),     hsl(180, 100%, 80%) 10%,     hsla(180, 100%, 80%, 0) 56%   );
  animation: particle-fade 541ms infinite,particle-scale 1620ms infinite;
  animation-delay: 30ms;
}

.c123 {
  width: var(--particleSize);
  height: var(--particleSize);
  border-radius: 50%;
  mix-blend-mode: screen;
  background-image: radial-gradient(     hsl(180, 100%, 80%),     hsl(180, 100%, 80%) 10%,     hsla(180, 100%, 80%, 0) 56%   );
  animation: particle-fade 727ms infinite,particle-scale 1263ms infinite;
  animation-delay: 28ms;
}

.c125 {
  width: var(--particleSize);
  height: var(--particleSize);
  border-radius: 50%;
  mix-blend-mode: screen;
  background-image: radial-gradient(     hsl(180, 100%, 80%),     hsl(180, 100%, 80%) 10%,     hsla(180, 100%, 80%, 0) 56%   );
  animation: particle-fade 960ms infinite,particle-scale 1006ms infinite;
  animation-delay: 52ms;
}

.c127 {
  width: var(--particleSize);
  height: var(--particleSize);
  border-radius: 50%;
  mix-blend-mode: screen;
  background-image: radial-gradient(     hsl(180, 100%, 80%),     hsl(180, 100%, 80%) 10%,     hsla(180, 100%, 80%, 0) 56%   );
  animation: particle-fade 948ms infinite,particle-scale 1697ms infinite;
  animation-delay: 64ms;
}

.c129 {
  width: var(--particleSize);
  height: var(--particleSize);
  border-radius: 50%;
  mix-blend-mode: screen;
  background-image: radial-gradient(     hsl(180, 100%, 80%),     hsl(180, 100%, 80%) 10%,     hsla(180, 100%, 80%, 0) 56%   );
  animation: particle-fade 656ms infinite,particle-scale 1100ms infinite;
  animation-delay: 49ms;
}

.c131 {
  width: var(--particleSize);
  height: var(--particleSize);
  border-radius: 50%;
  mix-blend-mode: screen;
  background-image: radial-gradient(     hsl(180, 100%, 80%),     hsl(180, 100%, 80%) 10%,     hsla(180, 100%, 80%, 0) 56%   );
  animation: particle-fade 850ms infinite,particle-scale 1489ms infinite;
  animation-delay: 4ms;
}

.c133 {
  width: var(--particleSize);
  height: var(--particleSize);
  border-radius: 50%;
  mix-blend-mode: screen;
  background-image: radial-gradient(     hsl(180, 100%, 80%),     hsl(180, 100%, 80%) 10%,     hsla(180, 100%, 80%, 0) 56%   );
  animation: particle-fade 635ms infinite,particle-scale 1826ms infinite;
  animation-delay: 92ms;
}

.c24 {
  --transform-origin-first: bottom;
  --transform-origin-last: top;
  --rotate3D-first: 1,0,0,-45deg;
  --rotate3D-last: 1,0,0,45deg;
  --height-middle: 30%;
  --width-middle: unset;
  position: relative;
  display: flex;
  flex-direction: column;
  aspect-ratio: 1/1.7;
  align-items: stretch;
  gap: 15px;
  width: 100%;
  max-width: 300px;
}

.c25 {
  flex-grow: 1;
  border: 1px solid #FFDD83;
  transform-origin: var(--transform-origin-first);
  transform: perspective(600px) rotate3D(var(--rotate3D-first));
  background-color: #000000;
}

.c26 {
  position: relative;
  border: 1px solid;
  border-image-slice: 1;
  border-width: 1px;
  border-image-source: linear-gradient(       to bottom,       #FFDD83,       #98DFD6     );
  height: var(--height-middle);
  width: var(--width-middle);
  background-color: #000000;
}

.c181 {
  flex-grow: 1;
  border: 1px solid #98DFD6;
  transform-origin: var(--transform-origin-last);
  transform: perspective(600px) rotate3D(var(--rotate3D-last));
  background-color: #000000;
}

@media (min-width: 1024px) {
  .c187 {
    justify-content: space-between;
    grid-template-columns: 1fr 100px;
  }
}

@media (min-width: 768px) {
  .c191 {
    display: flex;
    position: relative;
  }

  .c191::after {
    content: '';
    position: absolute;
    width: 100%;
    transform: scaleX(0);
    height: 2px;
    bottom: 0;
    left: 0;
    background-color: #FBFBFB;
    transform-origin: bottom right;
    transition: transform 0.25s ease-out;
  }

  .c191:hover::after {
    transform: scaleX(1);
    transform-origin: bottom left;
  }
}

@media (min-width: 1024px) {
  .c192 {
    justify-self: end;
    padding: 0;
  }
}

@media (min-width: 768px) {
  .c1 {
    align-items: center;
    background-color: transparent;
    color: #FBFBFB;
    height: 115px;
  }
}

@media (min-width: 1440px) {
  .c1 {
    padding: 0;
  }
}

@media (min-width: 768px) {
  .c6 {
    display: flex;
    position: relative;
  }

  .c6::after {
    content: '';
    position: absolute;
    width: 100%;
    transform: scaleX(0);
    height: 2px;
    bottom: 0;
    left: 0;
    background-color: #FBFBFB;
    transform-origin: bottom right;
    transition: transform 0.25s ease-out;
  }

  .c6:hover::after {
    transform: scaleX(1);
    transform-origin: bottom left;
  }
}

@media (min-width: 768px) {
  .c4 {
    gap: 30px;
    align-items: center;
    justify-content: center;
    height: unset;
  }
}

@media (min-width: 768px) {
  .c5 {
    width: auto;
    padding-bottom: 0;
  }

  .c5 .c7 {
    font-family: 'Roboto mono',monospace;
    font-weight: 400;
    color: #FBFBFB;
    font-size: 0.9rem;
    line-height: normal;
    color: #FBFBFB;
    writing-mode: unset;
    transform: unset;
  }
}

@media (min-width: 768px) {
  .c9 {
    display: none;
    width: auto;
    padding-bottom: 0;
  }

  .c9 .c7 {
    font-family: 'Roboto mono',monospace;
    font-weight: 400;
    color: #FBFBFB;
    font-size: 0.9rem;
    line-height: normal;
    color: #FBFBFB;
    writing-mode: unset;
    transform: unset;
  }
}

@media (min-width: 768px) {
  .c3 {
    color: #FBFBFB;
    margin-bottom: 0;
  }
}

@media (min-width: 768px) {
  .c11 {
    display: flex;
  }
}

@media (min-width: 768px) {
  .c19 {
    font-family: 'Roboto mono',monospace;
    font-weight: 400;
    color: #FBFBFB;
    font-size: 3rem;
    line-height: normal;
  }
}

@media (min-width: 1024px) {
  .c19 {
    margin-bottom: 10px;
  }
}

@media (min-width: 768px) {
  .c182 {
    margin-bottom: 40px;
    font-family: 'Roboto mono',monospace;
    font-weight: 400;
    color: #FBFBFB;
    font-size: 3rem;
    line-height: normal;
  }
}

@media (min-width: 768px) {
  .c21 {
    margin-bottom: 50px;
  }
}

@media (min-width: 768px) {
  .c183 .c7 {
    font-family: 'Roboto mono',monospace;
    font-weight: 400;
    color: #FBFBFB;
    font-size: 1rem;
    line-height: normal;
  }
}

@media (min-width: 768px) {
  .c27 {
    width: 152%;
    top: unset;
    left: -26%;
    margin: 18px auto;
    transform: unset;
  }
}

@media (min-width: 768px) {
  .c29 {
    width: unset;
    height: unset;
  }
}

@media (min-width: 768px) {
  .c28 {
    background-color: #000000;
    border-top-right-radius: 59px 50%;
    border-bottom-right-radius: 61px 50%;
    border-top-left-radius: 62px 50%;
    border-bottom-left-radius: 62px 50%;
  }
}

@media (min-width: 768px) {
  .c32 {
    height: 309px;
    width: 92px;
    left: -65px;
    top: -2px;
    border-top-left-radius: 44px 50%;
    border-top-right-radius: 45px 50%;
    border-bottom-left-radius: 42px 50%;
    border-bottom-right-radius: 43px 50%;
  }
}

@media (min-width: 768px) {
  .c33 {
    height: 308px;
    width: 89px;
    right: -63px;
    top: -1px;
    border-top-left-radius: 46px 50%;
    border-top-right-radius: 51px 50%;
    border-bottom-left-radius: 51px 50%;
    border-bottom-right-radius: 51px 50%;
  }
}

@media (min-width: 768px) {
  .c30 {
    border-top-right-radius: 59px 50%;
    border-bottom-right-radius: 62px 50%;
    border-top-left-radius: 61px 50%;
    border-bottom-left-radius: 63px 50%;
  }
}

@media (min-width: 768px) {
  .c31 {
    height: 305px;
    border-top-left-radius: 45px 50%;
    border-bottom-left-radius: 45px 50%;
    border-top-right-radius: 40px 50%;
    border-bottom-right-radius: 40px 50%;
    top: -4px;
    left: 91px;
    right: 91px;
  }
}

@media (min-width: 768px) {
  .c24 {
    --transform-origin-first: right;
    --transform-origin-last: left;
    --rotate3D-first: 0,1,0,45deg;
    --rotate3D-last: 0,1,0,-45deg;
    --height-middle: unset;
    --width-middle: clamp(0px, 60%, 830px);
    flex-direction: row;
    aspect-ratio: unset;
    height: 395px;
    overflow-x: clip;
    max-width: unset;
  }
}

@media (min-width: 768px) {
  .c26 {
    border-image-source: linear-gradient(         to right,         #FFDD83,         #98DFD6       );
  }
}

<body>
  <div>
    <div
      class="c0"
    >
      <nav
        aria-label="Main menu"
        class="c1"
      >
        <a
          aria-label="Header Logo"
          class="c2"
          href="/"
        >
          <svg
            class="c3"
            height="55"
            width="106"
          >
            slLogo.svg
          </svg>
        </a>
        <ul
          class="c4"
        >
          <li
            class="c5"
          >
            <a
              aria-label="Experience"
              class="c6"
              href="/experience"
            >
              <p
                class="c7 c8"
              >
                Experience
              </p>
            </a>
          </li>
          <li
            class="c5"
          >
            <a
              aria-label="Contact"
              class="c6"
              href="/contact"
            >
              <p
                class="c7 c8"
              >
                Contact
              </p>
            </a>
          </li>
          <li
            class="c5"
          >
            <a
              aria-label="CV/Portfolio"
              class="c6"
              href="/portfolio"
            >
              <p
                class="c7 c8"
              >
                CV/Portfolio
              </p>
            </a>
          </li>
          <li
            class="c9"
          >
            <a
              aria-label="Get in touch"
              class="c6"
              href="/contact"
            >
              <p
                class="c7 c8"
              >
                Get in touch
              </p>
            </a>
          </li>
        </ul>
        <a
          class="c10 c11"
          href="/contact"
        >
          <div
            class="c12"
          >
            <svg
              class="c13"
              height="42"
              width="42"
            >
              circleButton.svg
            </svg>
            <div
              class="c14"
            >
              <svg>
                arrowRight.svg
              </svg>
            </div>
          </div>
          <p
            class="c7 c15 c8 c16"
          >
            Get in touch
          </p>
        </a>
      </nav>
      <div
        class="c17"
      >
        <h1
          class="c18 c19"
        >
          Saúl de León Guerrero
        </h1>
        <a
          class="c20 c21"
          href="/"
        >
          <div
            class="c22"
          >
            <svg
              class="c13"
              height="76"
              width="76"
            >
              circleButton.svg
            </svg>
            <div
              class="c14"
            >
              <div
                class="c23"
              >
                Explore
              </div>
            </div>
          </div>
        </a>
        <div
          class="c24"
        >
          <div
            class="c25"
          />
          <div
            class="c26"
          >
            <div
              class="c27"
              role="presentation"
            >
              <div
                class="c28"
              >
                <svg
                  class="c29"
                  color="#FFDD83"
                >
                  portal.svg
                </svg>
              </div>
              <div
                class="c30"
              >
                <svg
                  class="c29"
                  color="#98DFD6"
                >
                  portal.svg
                </svg>
              </div>
              <div
                class="c31"
              >
                <div
                  class="c32"
                />
                <div
                  class="c33"
                />
                <div
                  class=""
                  role="presentation"
                >
                  <div
                    class="c34"
                  >
                    <div
                      class="c35"
                    />
                  </div>
                  <div
                    class="c36"
                  >
                    <div
                      class="c37"
                    />
                  </div>
                  <div
                    class="c38"
                  >
                    <div
                      class="c39"
                    />
                  </div>
                  <div
                    class="c40"
                  >
                    <div
                      class="c41"
                    />
                  </div>
                  <div
                    class="c42"
                  >
                    <div
                      class="c43"
                    />
                  </div>
                  <div
                    class="c44"
                  >
                    <div
                      class="c45"
                    />
                  </div>
                  <div
                    class="c46"
                  >
                    <div
                      class="c47"
                    />
                  </div>
                  <div
                    class="c48"
                  >
                    <div
                      class="c49"
                    />
                  </div>
                  <div
                    class="c50"
                  >
                    <div
                      class="c51"
                    />
                  </div>
                  <div
                    class="c52"
                  >
                    <div
                      class="c53"
                    />
                  </div>
                  <div
                    class="c54"
                  >
                    <div
                      class="c55"
                    />
                  </div>
                  <div
                    class="c56"
                  >
                    <div
                      class="c57"
                    />
                  </div>
                  <div
                    class="c58"
                  >
                    <div
                      class="c59"
                    />
                  </div>
                  <div
                    class="c60"
                  >
                    <div
                      class="c61"
                    />
                  </div>
                  <div
                    class="c62"
                  >
                    <div
                      class="c63"
                    />
                  </div>
                  <div
                    class="c64"
                  >
                    <div
                      class="c65"
                    />
                  </div>
                  <div
                    class="c66"
                  >
                    <div
                      class="c67"
                    />
                  </div>
                  <div
                    class="c68"
                  >
                    <div
                      class="c69"
                    />
                  </div>
                  <div
                    class="c70"
                  >
                    <div
                      class="c71"
                    />
                  </div>
                  <div
                    class="c72"
                  >
                    <div
                      class="c73"
                    />
                  </div>
                  <div
                    class="c74"
                  >
                    <div
                      class="c75"
                    />
                  </div>
                  <div
                    class="c76"
                  >
                    <div
                      class="c77"
                    />
                  </div>
                  <div
                    class="c78"
                  >
                    <div
                      class="c79"
                    />
                  </div>
                  <div
                    class="c80"
                  >
                    <div
                      class="c81"
                    />
                  </div>
                  <div
                    class="c82"
                  >
                    <div
                      class="c83"
                    />
                  </div>
                  <div
                    class="c84"
                  >
                    <div
                      class="c85"
                    />
                  </div>
                  <div
                    class="c86"
                  >
                    <div
                      class="c87"
                    />
                  </div>
                  <div
                    class="c88"
                  >
                    <div
                      class="c89"
                    />
                  </div>
                  <div
                    class="c90"
                  >
                    <div
                      class="c91"
                    />
                  </div>
                  <div
                    class="c92"
                  >
                    <div
                      class="c93"
                    />
                  </div>
                  <div
                    class="c94"
                  >
                    <div
                      class="c95"
                    />
                  </div>
                  <div
                    class="c96"
                  >
                    <div
                      class="c97"
                    />
                  </div>
                  <div
                    class="c98"
                  >
                    <div
                      class="c99"
                    />
                  </div>
                  <div
                    class="c100"
                  >
                    <div
                      class="c101"
                    />
                  </div>
                  <div
                    class="c102"
                  >
                    <div
                      class="c103"
                    />
                  </div>
                  <div
                    class="c104"
                  >
                    <div
                      class="c105"
                    />
                  </div>
                  <div
                    class="c106"
                  >
                    <div
                      class="c107"
                    />
                  </div>
                  <div
                    class="c108"
                  >
                    <div
                      class="c109"
                    />
                  </div>
                  <div
                    class="c110"
                  >
                    <div
                      class="c111"
                    />
                  </div>
                  <div
                    class="c112"
                  >
                    <div
                      class="c113"
                    />
                  </div>
                  <div
                    class="c114"
                  >
                    <div
                      class="c115"
                    />
                  </div>
                  <div
                    class="c116"
                  >
                    <div
                      class="c117"
                    />
                  </div>
                  <div
                    class="c118"
                  >
                    <div
                      class="c119"
                    />
                  </div>
                  <div
                    class="c120"
                  >
                    <div
                      class="c121"
                    />
                  </div>
                  <div
                    class="c122"
                  >
                    <div
                      class="c123"
                    />
                  </div>
                  <div
                    class="c124"
                  >
                    <div
                      class="c125"
                    />
                  </div>
                  <div
                    class="c126"
                  >
                    <div
                      class="c127"
                    />
                  </div>
                  <div
                    class="c128"
                  >
                    <div
                      class="c129"
                    />
                  </div>
                  <div
                    class="c130"
                  >
                    <div
                      class="c131"
                    />
                  </div>
                  <div
                    class="c132"
                  >
                    <div
                      class="c133"
                    />
                  </div>
                </div>
                <div
                  class="c134"
                  data-testid="horizontal-movement"
                >
                  <div
                    class="c135"
                    data-testid="vertical-movement"
                  >
                    <div
                      class="c136"
                      data-testid="rotation-movement"
                    >
                      <div
                        class="c137"
                        data-testid="color-swapping"
                      >
                        <svg>
                          nodejs.svg
                        </svg>
                      </div>
                    </div>
                  </div>
                </div>
                <div
                  class="c138"
                  data-testid="horizontal-movement"
                >
                  <div
                    class="c139"
                    data-testid="vertical-movement"
                  >
                    <div
                      class="c140"
                      data-testid="rotation-movement"
                    >
                      <div
                        class="c141"
                        data-testid="color-swapping"
                      >
                        <svg>
                          css3.svg
                        </svg>
                      </div>
                    </div>
                  </div>
                </div>
                <div
                  class="c142"
                  data-testid="horizontal-movement"
                >
                  <div
                    class="c143"
                    data-testid="vertical-movement"
                  >
                    <div
                      class="c144"
                      data-testid="rotation-movement"
                    >
                      <div
                        class="c145"
                        data-testid="color-swapping"
                      >
                        <svg>
                          github.svg
                        </svg>
                      </div>
                    </div>
                  </div>
                </div>
                <div
                  class="c146"
                  data-testid="horizontal-movement"
                >
                  <div
                    class="c147"
                    data-testid="vertical-movement"
                  >
                    <div
                      class="c148"
                      data-testid="rotation-movement"
                    >
                      <div
                        class="c149"
                        data-testid="color-swapping"
                      >
                        <svg>
                          typescript.svg
                        </svg>
                      </div>
                    </div>
                  </div>
                </div>
                <div
                  class="c150"
                  data-testid="horizontal-movement"
                >
                  <div
                    class="c151"
                    data-testid="vertical-movement"
                  >
                    <div
                      class="c152"
                      data-testid="rotation-movement"
                    >
                      <div
                        class="c153"
                        data-testid="color-swapping"
                      >
                        <svg>
                          nextjs.svg
                        </svg>
                      </div>
                    </div>
                  </div>
                </div>
                <div
                  class="c154"
                  data-testid="horizontal-movement"
                >
                  <div
                    class="c155"
                    data-testid="vertical-movement"
                  >
                    <div
                      class="c156"
                      data-testid="rotation-movement"
                    >
                      <div
                        class="c157"
                        data-testid="color-swapping"
                      >
                        <svg>
                          reactjs.svg
                        </svg>
                      </div>
                    </div>
                  </div>
                </div>
                <div
                  class="c158"
                  data-testid="horizontal-movement"
                >
                  <div
                    class="c159"
                    data-testid="vertical-movement"
                  >
                    <div
                      class="c160"
                      data-testid="rotation-movement"
                    >
                      <div
                        class="c161"
                        data-testid="color-swapping"
                      >
                        <svg>
                          mongodb.svg
                        </svg>
                      </div>
                    </div>
                  </div>
                </div>
                <div
                  class="c162"
                  data-testid="horizontal-movement"
                >
                  <div
                    class="c163"
                    data-testid="vertical-movement"
                  >
                    <div
                      class="c164"
                      data-testid="rotation-movement"
                    >
                      <div
                        class="c165"
                        data-testid="color-swapping"
                      >
                        <svg>
                          reactQuery.svg
                        </svg>
                      </div>
                    </div>
                  </div>
                </div>
                <div
                  class="c166"
                  data-testid="horizontal-movement"
                >
                  <div
                    class="c167"
                    data-testid="vertical-movement"
                  >
                    <div
                      class="c168"
                      data-testid="rotation-movement"
                    >
                      <div
                        class="c169"
                        data-testid="color-swapping"
                      >
                        <svg>
                          jest.svg
                        </svg>
                      </div>
                    </div>
                  </div>
                </div>
                <div
                  class="c170"
                  data-testid="horizontal-movement"
                >
                  <div
                    class="c171"
                    data-testid="vertical-movement"
                  >
                    <div
                      class="c172"
                      data-testid="rotation-movement"
                    >
                      <div
                        class="c173"
                        data-testid="color-swapping"
                      >
                        <svg>
                          nx.svg
                        </svg>
                      </div>
                    </div>
                  </div>
                </div>
                <div
                  class="c174"
                  data-testid="horizontal-movement"
                >
                  <div
                    class="c175"
                    data-testid="vertical-movement"
                  >
                    <div
                      class="c176"
                      data-testid="rotation-movement"
                    >
                      <div
                        class="c177"
                        data-testid="color-swapping"
                      >
                        <svg>
                          yarn.svg
                        </svg>
                      </div>
                    </div>
                  </div>
                </div>
                <div
                  class="c178"
                  data-testid="horizontal-movement"
                >
                  <div
                    class="c179"
                    data-testid="vertical-movement"
                  >
                    <div
                      class="c180"
                      data-testid="rotation-movement"
                    >
                      <div
                        class="c165"
                        data-testid="color-swapping"
                      >
                        <svg>
                          xataIO.svg
                        </svg>
                      </div>
                    </div>
                  </div>
                </div>
              </div>
            </div>
          </div>
          <div
            class="c181"
          />
        </div>
        <h2
          class="c18 c182"
        >
          About me
        </h2>
        <section
          class="c183"
        >
          <p
            class="c7 c8"
          >
            Experienced Front-End Developer with a strong foundation in web technologies and a passion for creating visually appealing and user-friendly interfaces. Proficient in a variety of front-end frameworks and libraries, more focused in React.JS, with a solid understanding of HTML5, CSS3, and JavaScript. Skilled at translating design concepts into responsive and interactive web experiences.
          </p>
          <p
            class="c7 c8"
          >
            Additionally, I have experience in backend development using technologies such as Node.js and Java, which enables me to create comprehensive and robust solutions.
          </p>
          <p
            class="c7 c8"
          >
            Committed to staying up-to-date with the latest industry trends and consistently enhancing skills to deliver seamless digital solutions.
          </p>
        </section>
        <a
          class="c10 c21"
          href="/experience"
        >
          <div
            class="c12"
          >
            <svg
              class="c13"
              height="42"
              width="42"
            >
              circleButton.svg
            </svg>
            <div
              class="c14"
            >
              <svg>
                arrowRight.svg
              </svg>
            </div>
          </div>
          <p
            class="c7 c15 c8 c16"
          >
            Experience
          </p>
        </a>
      </div>
      <footer
        class="c184"
        tabindex="-1"
      >
        <div
          class="c185"
        >
          <div
            class="c186"
          />
          <div
            class="c186"
          />
          <div
            class="c186"
          />
        </div>
        <div
          class="c187"
        >
          <svg
            class="c188"
            height="64"
            width="120"
          >
            slLogo.svg
          </svg>
          <nav
            aria-label="Site map"
            class="c189"
          >
            <ul
              class="c190"
            >
              <li>
                <a
                  class="c191"
                  href="/experience"
                >
                  <p
                    class="c7 c8"
                  >
                    Experience
                  </p>
                </a>
              </li>
              <li>
                <a
                  class="c191"
                  href="/contact"
                >
                  <p
                    class="c7 c8"
                  >
                    Contact
                  </p>
                </a>
              </li>
              <li>
                <a
                  class="c191"
                  href="/portfolio"
                >
                  <p
                    class="c7 c8"
                  >
                    CV/Portfolio
                  </p>
                </a>
              </li>
              <li>
                <a
                  class="c191"
                  href="#"
                >
                  <svg
                    color="#FBFBFB"
                    height="14"
                    width="14"
                  >
                    moon.svg
                  </svg>
                  <p
                    class="c7 c8"
                  >
                    Dark mode
                  </p>
                </a>
              </li>
              <li>
                <a
                  class="c191"
                  href="#"
                >
                  <svg
                    color="#FBFBFB"
                    height="14"
                    width="14"
                  >
                    cactus.svg
                  </svg>
                  <p
                    class="c7 c8"
                  >
                    Pain mode
                  </p>
                </a>
              </li>
            </ul>
          </nav>
          <div
            class="c192"
          >
            <a
              aria-label="Telegram"
              class=""
              data-testid="plain-anchor"
              href="https://t.me/Sdlgr"
            >
              <svg
                color="#FBFBFB"
              >
                telegram.svg
              </svg>
            </a>
            <a
              aria-label="Github"
              class=""
              data-testid="plain-anchor"
              href="https://github.com/sauldeleon"
            >
              <svg
                color="#FBFBFB"
              >
                github.svg
              </svg>
            </a>
            <a
              aria-label="LinkedIn"
              class=""
              data-testid="plain-anchor"
              href="https://www.linkedin.com/in/sauldeleonguerrero"
            >
              <svg
                color="#FBFBFB"
              >
                linkedin.svg
              </svg>
            </a>
          </div>
        </div>
      </footer>
    </div>
  </div>
</body>
`;
