// Jest Snapshot v1, https://goo.gl/fbAQLP

exports[`/[lng]/(home) - HomeLayout should render 1`] = `
.c0 {
  font-family: 'Roboto mono',monospace;
  font-weight: 400;
  color: #FBFBFB;
  font-size: 1.5rem;
  line-height: normal;
  margin: 0;
}

.c5 {
  font-family: 'Roboto mono',monospace;
  font-weight: 400;
  color: #FBFBFB;
  font-size: 0.9rem;
  line-height: normal;
  white-space: pre-line;
}

.c5 ul,
.c5 ol {
  margin-left: 40px;
  margin-bottom: 10px;
}

.c5 ul {
  list-style: outside disc;
}

.c5 ol {
  list-style: decimal;
}

.c5 li {
  padding-left: 10px;
}

.c6 {
  position: relative;
  position: relative;
}

.c6::after {
  content: '';
  position: absolute;
  width: 100%;
  height: 2px;
  bottom: 0;
  left: 0;
  background-color: #FBFBFB;
}

.c6::after {
  transform: scaleX(0);
  transform-origin: bottom right;
  transition: transform 0.25s ease-out;
}

.c6:hover::after {
  transform: scaleX(1);
  transform-origin: bottom left;
}

.c6:hover,
.c6:active,
.c6:focus {
  text-decoration: none;
}

.c13 {
  margin-left: 8px;
  position: relative;
}

.c13::after {
  content: '';
  position: absolute;
  width: 100%;
  height: 2px;
  bottom: 0;
  left: 0;
  background-color: #FBFBFB;
}

.c13::after {
  transform: scaleX(0);
  transform-origin: bottom right;
  transition: transform 0.5s ease-out;
}

.c7 {
  outline: none;
  cursor: pointer;
  display: flex;
  align-items: center;
  max-height: 42px;
}

.c7::after {
  content: none;
}

.c7:hover circle.loading {
  stroke: white;
  stroke-width: 6px;
  stroke-dasharray: 110;
  stroke-dashoffset: 82;
  animation: kVEmCK 0.5s steps(4, jump-none) forwards;
  transform: rotate(-90deg);
  transform-origin: center;
}

.c7:hover .c12::after {
  transform: scaleX(1);
  transform-origin: bottom left;
}

.c9 {
  position: relative;
  width: 42px;
  height: 42px;
}

.c10 {
  position: absolute;
  transform: translate(-50%, -50%);
  top: 50%;
  left: 50%;
}

.c11 {
  position: absolute;
  transform: translate(-50%, -50%);
  top: 50%;
  left: 50%;
  display: flex;
}

.c1 {
  text-align: center;
}

.c2 {
  margin-top: 30px;
}

.c8 {
  margin-top: 40px;
  margin-bottom: 30px;
}

.c3 {
  text-align: center;
  max-width: 1180px;
  padding: 0 34px;
}

.c3 .c4 {
  margin-top: 20px;
}

@media (min-width: 768px) {
  .c1 {
    font-family: 'Roboto mono',monospace;
    font-weight: 400;
    color: #FBFBFB;
    font-size: 3rem;
    line-height: normal;
  }
}

@media (min-width: 1024px) {
  .c1 {
    margin-bottom: 10px;
  }
}

@media (min-width: 768px) {
  .c2 {
    margin-bottom: 40px;
    font-family: 'Roboto mono',monospace;
    font-weight: 400;
    color: #FBFBFB;
    font-size: 3rem;
    line-height: normal;
  }
}

@media (min-width: 768px) {
  .c8 {
    margin-bottom: 50px;
  }
}

@media (min-width: 768px) {
  .c3 .c4 {
    font-family: 'Roboto mono',monospace;
    font-weight: 400;
    color: #FBFBFB;
    font-size: 1rem;
    line-height: normal;
  }
}

<body>
  <div>
    <h1
      class="c0 c1"
    >
      Saúl de León Guerrero
    </h1>
    test
    <h2
      class="c0 c2"
    >
      About me
    </h2>
    <section
      class="c3"
    >
      <p
        class="c4 c5"
      >
        Caffeine and music alchemist, turning beverages and tunes into web applications. I have a soft spot for the xERN stack, transforming designs into responsive webs. I'm fluent in HTML5, CSS3, and (Java|Type)Script.
      </p>
      <p
        class="c4 c5"
      >
        I'm not just a one-trick pony. While I'm more focused on FrontEnd, I also have a blast developing primarily with Node.js, but I'm learning new technologies and having experience with other technologies too.
      </p>
      <p
        class="c4 c5"
      >
        I do love staying up-to-date with the latest trends, and my commitment is to deliver solutions that can be improved and maintained without suffering pain (if possible).
      </p>
    </section>
    <a
      class="c6 c7 c8"
      href="/experience"
    >
      <div
        class="c9"
      >
        <svg
          class="c10"
          height="42"
          width="42"
        >
          circleButton.svg
        </svg>
        <div
          class="c11"
        >
          <svg>
            arrowRight.svg
          </svg>
        </div>
      </div>
      <p
        class="c4 c12 c5 c13"
      >
        Experience
      </p>
    </a>
  </div>
</body>
`;
