// Jest Snapshot v1, https://jestjs.io/docs/snapshot-testing

exports[`[lng] route - Page should render successfully 1`] = `
.c18 {
  position: relative;
  position: relative;
}

.c18::after {
  content: '';
  position: absolute;
  width: 100%;
  height: 2px;
  bottom: 0;
  left: 0;
  background-color: currentColor;
}

.c18::after {
  transform: scaleX(0);
  transform-origin: bottom right;
  transition: transform 0.25s ease-out;
}

.c18:hover::after {
  transform: scaleX(1);
  transform-origin: bottom left;
}

.c18:hover,
.c18:active,
.c18:focus {
  text-decoration: none;
}

.c18:focus-visible {
  outline: #FBFBFB auto 1px;
}

.c24 {
  position: relative;
  position: relative;
}

.c24::after {
  content: '';
  position: absolute;
  width: 100%;
  height: 2px;
  bottom: 0;
  left: 0;
  background-color: currentColor;
}

.c24::after {
  transform: scaleX(0);
  transform-origin: bottom right;
  transition: transform 0.25s ease-out;
}

.c24:hover::after {
  transform: scaleX(1);
  transform-origin: bottom left;
}

.c24:hover,
.c24:active,
.c24:focus {
  text-decoration: none;
}

.c24:focus-visible {
  outline: #FBFBFB auto 1px;
}

.c15 {
  position: absolute;
  width: 100%;
  height: 100%;
  display: grid;
  place-items: center;
  pointer-events: none;
  animation-timing-function: ease-in-out;
  animation-iteration-count: infinite;
  animation-direction: alternate;
  animation-name: k5;
}

.c17 {
  height: var(--itemSize);
  aspect-ratio: 1/1;
  position: absolute;
  pointer-events: none;
  animation-name: k6;
  animation-timing-function: linear;
  animation-iteration-count: infinite;
}

.c19 {
  pointer-events: all;
  cursor: pointer;
}

.c19:after {
  content: none;
}

.c19:hover:after {
  content: none;
}

.c21 {
  color: #FFDD83;
  animation-name: k7;
  animation-timing-function: linear;
  animation-iteration-count: infinite;
}

.c21 svg {
  width: 100%;
  height: 100%;
  display: block;
}

.c13 {
  --itemSize: 40px;
  --translateX-begin: calc(-50% - var(--itemSize));
  --translateX-end: calc(50% + var(--itemSize));
  list-style: none;
  position: absolute;
  transform: translateX(-70%);
  width: 100%;
  height: 100%;
  pointer-events: none;
  animation-name: k4;
  animation-timing-function: linear;
  animation-iteration-count: infinite;
}

.c13:hover {
  z-index: 200;
  animation-play-state: paused;
}

.c13:hover .c14,
.c13:hover .c16,
.c13:hover .c20 {
  animation-play-state: paused;
}

.c22 {
  --itemSize: 25px;
  --translateX-begin: calc(-50% - var(--itemSize));
  --translateX-end: calc(50% + var(--itemSize));
  list-style: none;
  position: absolute;
  transform: translateX(-70%);
  width: 100%;
  height: 100%;
  pointer-events: none;
  animation-name: k4;
  animation-timing-function: linear;
  animation-iteration-count: infinite;
}

.c22:hover {
  z-index: 200;
  animation-play-state: paused;
}

.c22:hover .c14,
.c22:hover .c16,
.c22:hover .c20 {
  animation-play-state: paused;
}

.c23 {
  --itemSize: 55px;
  --translateX-begin: calc(-50% - var(--itemSize));
  --translateX-end: calc(50% + var(--itemSize));
  list-style: none;
  position: absolute;
  transform: translateX(-70%);
  width: 100%;
  height: 100%;
  pointer-events: none;
  animation-name: k4;
  animation-timing-function: linear;
  animation-iteration-count: infinite;
}

.c23:hover {
  z-index: 200;
  animation-play-state: paused;
}

.c23:hover .c14,
.c23:hover .c16,
.c23:hover .c20 {
  animation-play-state: paused;
}

.c3 {
  --iconHeight: 249px;
  --iconWidth: 130px;
  --pathHeight: 212px;
  --pathBorder: 30px 50%;
  z-index: 2;
  display: flex;
  justify-content: space-between;
  transform: rotate(90deg);
}

.c8 {
  position: absolute;
  overflow: clip;
  height: var(--pathHeight);
  border-top-left-radius: var(--pathBorder);
  border-bottom-left-radius: var(--pathBorder);
  border-top-right-radius: var(--pathBorder);
  border-bottom-right-radius: var(--pathBorder);
  top: calc((var(--iconHeight) - var(--pathHeight)) / 2);
  left: calc((var(--iconWidth) / 2) - 3px);
  right: calc((var(--iconWidth) / 2) - 3px);
}

.c6 {
  width: var(--iconWidth);
  height: var(--iconHeight);
}

.c5 {
  background-color: #000000;
  line-height: 0px;
  border-top-right-radius: 44px 50%;
  border-bottom-right-radius: 44px 50%;
  border-top-left-radius: 44px 50%;
  border-bottom-left-radius: 44px 50%;
}

.c7 {
  background-color: #000000;
  line-height: 0px;
  border-top-right-radius: 44px 50%;
  border-bottom-right-radius: 44px 50%;
  border-top-left-radius: 44px 50%;
  border-bottom-left-radius: 44px 50%;
  transform: scaleX(-1);
}

.c9 {
  position: absolute;
  height: var(--pathHeight);
  width: 61px;
  border-top-left-radius: 32px 50%;
  border-top-right-radius: 32px 50%;
  border-bottom-left-radius: 32px 50%;
  border-bottom-right-radius: 32px 50%;
  animation: 3s k0 ease-in-out infinite;
  --portal-glow-color: #FFDD83;
  left: -41px;
}

.c10 {
  position: absolute;
  height: var(--pathHeight);
  width: 61px;
  border-top-left-radius: 32px 50%;
  border-top-right-radius: 32px 50%;
  border-bottom-left-radius: 32px 50%;
  border-bottom-right-radius: 32px 50%;
  animation: 3s k0 ease-in-out infinite;
  --portal-glow-color: #98DFD6;
  right: -41px;
}

.c11 {
  position: absolute;
  width: 100%;
  height: 100%;
  transform: translateX(-60%);
  display: grid;
  place-items: center;
  animation-name: k1;
  animation-iteration-count: infinite;
  animation-timing-function: linear;
}

.c12 {
  width: var(--particleSize);
  height: var(--particleSize);
  border-radius: 50%;
  mix-blend-mode: screen;
  background-image: radial-gradient(     hsl(180, 100%, 80%),     hsl(180, 100%, 80%) 10%,     hsla(180, 100%, 80%, 0) 56%   );
  animation-name: k2,k3;
  animation-iteration-count: infinite;
}

.c0 {
  --transform-origin-first: bottom;
  --transform-origin-last: top;
  --perspective: 100px;
  --rotate3D-first: 1,0,0,-45deg;
  --rotate3D-last: 1,0,0,45deg;
  --height-middle: 60%;
  --width-middle: unset;
  position: relative;
  display: flex;
  flex-direction: column;
  aspect-ratio: 1/2;
  align-items: stretch;
  gap: 15px;
  width: 100%;
  max-width: 300px;
}

.c1 {
  flex-grow: 1;
  z-index: -1;
  border: 1px solid #FFDD83;
  border-top: none;
  transform-origin: var(--transform-origin-first);
  transform: perspective(var(--perspective)) rotate3D(var(--rotate3D-first));
  background-color: #000000;
}

.c2 {
  position: relative;
  border: 1px solid;
  border-image-slice: 1;
  border-image-source: linear-gradient(           to bottom,           #FFDD83,           #98DFD6         );
  height: var(--height-middle);
  width: var(--width-middle);
  background-color: #000000;
}

.c25 {
  z-index: -1;
  flex-grow: 1;
  border: 1px solid #98DFD6;
  border-bottom: none;
  transform-origin: var(--transform-origin-last);
  transform: perspective(var(--perspective)) rotate3D(var(--rotate3D-last));
  background-color: #000000;
}

.c4 {
  position: absolute;
  width: 180%;
  top: 14%;
  left: -41%;
}

@media (width >= 768px) {
  .c13 {
    --itemSize: 55px;
  }
}

@media (width >= 768px) {
  .c22 {
    --itemSize: 40px;
  }
}

@media (width >= 768px) {
  .c23 {
    --itemSize: 70px;
  }
}

@media (width >= 768px) {
  .c3 {
    --iconHeight: 358px;
    --iconWidth: 188px;
    --pathHeight: 305px;
    --pathBorder: 40px 50%;
    transform: unset;
  }
}

@media (width >= 768px) {
  .c5 {
    border-top-right-radius: 60px 50%;
    border-bottom-right-radius: 60px 50%;
    border-top-left-radius: 60px 50%;
    border-bottom-left-radius: 60px 50%;
  }
}

@media (width >= 768px) {
  .c7 {
    border-top-right-radius: 60px 50%;
    border-bottom-right-radius: 60px 50%;
    border-top-left-radius: 60px 50%;
    border-bottom-left-radius: 60px 50%;
  }
}

@media (width >= 768px) {
  .c9 {
    width: 89px;
    border-top-left-radius: 44px 50%;
    border-top-right-radius: 44px 50%;
    border-bottom-left-radius: 44px 50%;
    border-bottom-right-radius: 44px 50%;
  }
}

@media (width >= 768px) {
  .c9 {
    left: -61px;
  }
}

@media (width >= 768px) {
  .c10 {
    width: 89px;
    border-top-left-radius: 44px 50%;
    border-top-right-radius: 44px 50%;
    border-bottom-left-radius: 44px 50%;
    border-bottom-right-radius: 44px 50%;
  }
}

@media (width >= 768px) {
  .c10 {
    right: -61px;
  }
}

@media (width >= 768px) {
  .c0 {
    --transform-origin-first: right;
    --transform-origin-last: left;
    --perspective: 300px;
    --rotate3D-first: 0,1,0,45deg;
    --rotate3D-last: 0,1,0,-45deg;
    --height-middle: unset;
    --width-middle: clamp(0px, 60%, 830px);
    flex-direction: row;
    aspect-ratio: unset;
    height: 395px;
    overflow-x: clip;
    max-width: unset;
  }
}

@media (width >= 1024px) {
  .c0 {
    --perspective: 400px;
  }
}

@media (width >= 1440px) {
  .c0 {
    --perspective: 600px;
  }
}

@media (width >= 768px) {
  .c1 {
    border-top: 1px solid #FFDD83;
    border-left: none;
  }
}

@media (width >= 768px) {
  .c2 {
    border-image-source: linear-gradient(           to right,           #FFDD83,           #98DFD6         );
  }
}

@media (width >= 768px) {
  .c25 {
    border-bottom: 1px solid #98DFD6;
    border-right: none;
  }
}

@media (width >= 768px) {
  .c4 {
    width: 152%;
    top: 5%;
    left: -26%;
  }
}

@keyframes k1 {
  from {
    transform: translate(-50%, var(--begin-y));
  }

  to {
    transform: translate(50%, var(--end-y));
  }
}

@keyframes k2 {
  0% {
    opacity: 1;
  }

  50% {
    opacity: 0.7;
  }

  100% {
    opacity: 1;
  }
}

@keyframes k3 {
  0% {
    transform: scale3d(0.4, 0.4, 1);
  }

  50% {
    transform: scale3d(1, 1, 1);
  }

  100% {
    transform: scale3d(0.4, 0.4, 1);
  }
}

@keyframes k0 {
  0% {
    box-shadow: inset 0px 0px 13px 1px var(--portal-glow-color);
  }

  50% {
    box-shadow: inset 0px 0px 20px 1px var(--portal-glow-color);
  }

  100% {
    box-shadow: inset 0px 0px 13px 1px var(--portal-glow-color);
  }
}

@keyframes k7 {
  from {
    color: #FFDD83;
  }

  to {
    color: #98DFD6;
  }
}

@keyframes k4 {
  0% {
    transform: translateX(var(--translateX-begin));
  }

  100% {
    transform: translateX(var(--translateX-end));
  }
}

@keyframes k5 {
  0% {
    transform: translateY(var(--translateY-begin));
  }

  100% {
    transform: translateY(var(--translateY-end));
  }
}

@keyframes k6 {
  from {
    rotate: 0deg;
  }

  to {
    rotate: var(--rotation);
  }
}

<body>
  <div>
    <div
      class="c0"
    >
      <div
        class="c1"
      />
      <div
        class="c2"
      >
        <div
          class="c3 c4"
          role="presentation"
        >
          <div
            class="c5"
          >
            <svg
              class="c6"
              color="#FFDD83"
            >
              portal.svg
            </svg>
          </div>
          <div
            class="c7"
          >
            <svg
              class="c6"
              color="#98DFD6"
            >
              portal.svg
            </svg>
          </div>
          <div
            class="c8"
          >
            <div
              class="c9"
            />
            <div
              class="c10"
            />
            <div
              role="presentation"
            >
              <div
                class="c11"
                style="--particleSize: 2px; --begin-y: -10%; --end-y: -39%; animation-duration: 6732ms; animation-delay: 2078ms;"
              >
                <div
                  class="c12"
                  style="animation-duration: 860ms, 1607ms; animation-delay: 11ms;"
                />
              </div>
              <div
                class="c11"
                style="--particleSize: 5px; --begin-y: -19%; --end-y: 37%; animation-duration: 5702ms; animation-delay: 4238ms;"
              >
                <div
                  class="c12"
                  style="animation-duration: 836ms, 1722ms; animation-delay: 32ms;"
                />
              </div>
              <div
                class="c11"
                style="--particleSize: 8px; --begin-y: 39%; --end-y: 36%; animation-duration: 3849ms; animation-delay: 380ms;"
              >
                <div
                  class="c12"
                  style="animation-duration: 704ms, 1069ms; animation-delay: 21ms;"
                />
              </div>
              <div
                class="c11"
                style="--particleSize: 8px; --begin-y: -4%; --end-y: 37%; animation-duration: 5810ms; animation-delay: 3868ms;"
              >
                <div
                  class="c12"
                  style="animation-duration: 608ms, 1328ms; animation-delay: 9ms;"
                />
              </div>
              <div
                class="c11"
                style="--particleSize: 3px; --begin-y: -17%; --end-y: 36%; animation-duration: 6009ms; animation-delay: 606ms;"
              >
                <div
                  class="c12"
                  style="animation-duration: 516ms, 1569ms; animation-delay: 68ms;"
                />
              </div>
              <div
                class="c11"
                style="--particleSize: 4px; --begin-y: 21%; --end-y: 6%; animation-duration: 4312ms; animation-delay: 9385ms;"
              >
                <div
                  class="c12"
                  style="animation-duration: 696ms, 1349ms; animation-delay: 58ms;"
                />
              </div>
              <div
                class="c11"
                style="--particleSize: 10px; --begin-y: 10%; --end-y: 38%; animation-duration: 4438ms; animation-delay: 3771ms;"
              >
                <div
                  class="c12"
                  style="animation-duration: 580ms, 1567ms; animation-delay: 86ms;"
                />
              </div>
              <div
                class="c11"
                style="--particleSize: 1px; --begin-y: 6%; --end-y: 28%; animation-duration: 3384ms; animation-delay: 970ms;"
              >
                <div
                  class="c12"
                  style="animation-duration: 860ms, 1788ms; animation-delay: 35ms;"
                />
              </div>
              <div
                class="c11"
                style="--particleSize: 2px; --begin-y: -2%; --end-y: -14%; animation-duration: 5099ms; animation-delay: 5777ms;"
              >
                <div
                  class="c12"
                  style="animation-duration: 973ms, 1248ms; animation-delay: 37ms;"
                />
              </div>
              <div
                class="c11"
                style="--particleSize: 8px; --begin-y: 37%; --end-y: -13%; animation-duration: 3968ms; animation-delay: 2603ms;"
              >
                <div
                  class="c12"
                  style="animation-duration: 739ms, 1254ms; animation-delay: 41ms;"
                />
              </div>
              <div
                class="c11"
                style="--particleSize: 2px; --begin-y: 5%; --end-y: -29%; animation-duration: 6191ms; animation-delay: 5971ms;"
              >
                <div
                  class="c12"
                  style="animation-duration: 645ms, 1236ms; animation-delay: 26ms;"
                />
              </div>
              <div
                class="c11"
                style="--particleSize: 4px; --begin-y: 38%; --end-y: 14%; animation-duration: 5908ms; animation-delay: 6375ms;"
              >
                <div
                  class="c12"
                  style="animation-duration: 531ms, 1524ms; animation-delay: 39ms;"
                />
              </div>
              <div
                class="c11"
                style="--particleSize: 6px; --begin-y: 45%; --end-y: -6%; animation-duration: 3875ms; animation-delay: 839ms;"
              >
                <div
                  class="c12"
                  style="animation-duration: 677ms, 1636ms; animation-delay: 61ms;"
                />
              </div>
              <div
                class="c11"
                style="--particleSize: 5px; --begin-y: -38%; --end-y: 0%; animation-duration: 5006ms; animation-delay: 2603ms;"
              >
                <div
                  class="c12"
                  style="animation-duration: 612ms, 1956ms; animation-delay: 90ms;"
                />
              </div>
              <div
                class="c11"
                style="--particleSize: 10px; --begin-y: 34%; --end-y: -5%; animation-duration: 3405ms; animation-delay: 3970ms;"
              >
                <div
                  class="c12"
                  style="animation-duration: 545ms, 1755ms; animation-delay: 30ms;"
                />
              </div>
              <div
                class="c11"
                style="--particleSize: 9px; --begin-y: 29%; --end-y: -13%; animation-duration: 5214ms; animation-delay: 999ms;"
              >
                <div
                  class="c12"
                  style="animation-duration: 757ms, 1616ms; animation-delay: 72ms;"
                />
              </div>
              <div
                class="c11"
                style="--particleSize: 9px; --begin-y: -6%; --end-y: -2%; animation-duration: 4788ms; animation-delay: 9223ms;"
              >
                <div
                  class="c12"
                  style="animation-duration: 840ms, 1857ms; animation-delay: 59ms;"
                />
              </div>
              <div
                class="c11"
                style="--particleSize: 5px; --begin-y: 37%; --end-y: -6%; animation-duration: 3342ms; animation-delay: 9520ms;"
              >
                <div
                  class="c12"
                  style="animation-duration: 811ms, 1137ms; animation-delay: 54ms;"
                />
              </div>
              <div
                class="c11"
                style="--particleSize: 7px; --begin-y: -16%; --end-y: 10%; animation-duration: 6907ms; animation-delay: 8495ms;"
              >
                <div
                  class="c12"
                  style="animation-duration: 818ms, 1201ms; animation-delay: 99ms;"
                />
              </div>
              <div
                class="c11"
                style="--particleSize: 1px; --begin-y: 46%; --end-y: -14%; animation-duration: 3614ms; animation-delay: 3361ms;"
              >
                <div
                  class="c12"
                  style="animation-duration: 995ms, 1924ms; animation-delay: 70ms;"
                />
              </div>
              <div
                class="c11"
                style="--particleSize: 2px; --begin-y: -28%; --end-y: 23%; animation-duration: 4863ms; animation-delay: 1085ms;"
              >
                <div
                  class="c12"
                  style="animation-duration: 954ms, 1835ms; animation-delay: 45ms;"
                />
              </div>
              <div
                class="c11"
                style="--particleSize: 6px; --begin-y: -5%; --end-y: -22%; animation-duration: 3613ms; animation-delay: 7544ms;"
              >
                <div
                  class="c12"
                  style="animation-duration: 851ms, 1093ms; animation-delay: 60ms;"
                />
              </div>
              <div
                class="c11"
                style="--particleSize: 7px; --begin-y: -13%; --end-y: 42%; animation-duration: 4513ms; animation-delay: 4690ms;"
              >
                <div
                  class="c12"
                  style="animation-duration: 649ms, 1886ms; animation-delay: 93ms;"
                />
              </div>
              <div
                class="c11"
                style="--particleSize: 5px; --begin-y: -39%; --end-y: -44%; animation-duration: 5318ms; animation-delay: 10576ms;"
              >
                <div
                  class="c12"
                  style="animation-duration: 854ms, 1098ms; animation-delay: 23ms;"
                />
              </div>
              <div
                class="c11"
                style="--particleSize: 9px; --begin-y: -3%; --end-y: 34%; animation-duration: 5684ms; animation-delay: 9424ms;"
              >
                <div
                  class="c12"
                  style="animation-duration: 843ms, 1651ms; animation-delay: 12ms;"
                />
              </div>
              <div
                class="c11"
                style="--particleSize: 6px; --begin-y: -24%; --end-y: 8%; animation-duration: 4783ms; animation-delay: 5ms;"
              >
                <div
                  class="c12"
                  style="animation-duration: 783ms, 1124ms; animation-delay: 93ms;"
                />
              </div>
              <div
                class="c11"
                style="--particleSize: 1px; --begin-y: -29%; --end-y: -2%; animation-duration: 6335ms; animation-delay: 4245ms;"
              >
                <div
                  class="c12"
                  style="animation-duration: 958ms, 1771ms; animation-delay: 83ms;"
                />
              </div>
              <div
                class="c11"
                style="--particleSize: 3px; --begin-y: -15%; --end-y: 45%; animation-duration: 5401ms; animation-delay: 3541ms;"
              >
                <div
                  class="c12"
                  style="animation-duration: 752ms, 1958ms; animation-delay: 54ms;"
                />
              </div>
              <div
                class="c11"
                style="--particleSize: 10px; --begin-y: 42%; --end-y: -27%; animation-duration: 3749ms; animation-delay: 2627ms;"
              >
                <div
                  class="c12"
                  style="animation-duration: 779ms, 1627ms; animation-delay: 18ms;"
                />
              </div>
              <div
                class="c11"
                style="--particleSize: 1px; --begin-y: -30%; --end-y: 1%; animation-duration: 3888ms; animation-delay: 7222ms;"
              >
                <div
                  class="c12"
                  style="animation-duration: 666ms, 1812ms; animation-delay: 91ms;"
                />
              </div>
              <div
                class="c11"
                style="--particleSize: 8px; --begin-y: 17%; --end-y: -10%; animation-duration: 6210ms; animation-delay: 10433ms;"
              >
                <div
                  class="c12"
                  style="animation-duration: 678ms, 1556ms; animation-delay: 78ms;"
                />
              </div>
              <div
                class="c11"
                style="--particleSize: 1px; --begin-y: 35%; --end-y: -13%; animation-duration: 3769ms; animation-delay: 607ms;"
              >
                <div
                  class="c12"
                  style="animation-duration: 748ms, 1889ms; animation-delay: 20ms;"
                />
              </div>
              <div
                class="c11"
                style="--particleSize: 6px; --begin-y: 20%; --end-y: -30%; animation-duration: 5899ms; animation-delay: 4803ms;"
              >
                <div
                  class="c12"
                  style="animation-duration: 951ms, 1978ms; animation-delay: 99ms;"
                />
              </div>
              <div
                class="c11"
                style="--particleSize: 7px; --begin-y: -24%; --end-y: -41%; animation-duration: 4464ms; animation-delay: 1413ms;"
              >
                <div
                  class="c12"
                  style="animation-duration: 982ms, 1037ms; animation-delay: 37ms;"
                />
              </div>
              <div
                class="c11"
                style="--particleSize: 4px; --begin-y: 21%; --end-y: -39%; animation-duration: 6046ms; animation-delay: 7847ms;"
              >
                <div
                  class="c12"
                  style="animation-duration: 673ms, 1841ms; animation-delay: 64ms;"
                />
              </div>
              <div
                class="c11"
                style="--particleSize: 5px; --begin-y: 4%; --end-y: -42%; animation-duration: 6601ms; animation-delay: 5617ms;"
              >
                <div
                  class="c12"
                  style="animation-duration: 535ms, 1330ms; animation-delay: 24ms;"
                />
              </div>
              <div
                class="c11"
                style="--particleSize: 5px; --begin-y: 30%; --end-y: -32%; animation-duration: 4081ms; animation-delay: 4836ms;"
              >
                <div
                  class="c12"
                  style="animation-duration: 889ms, 1164ms; animation-delay: 8ms;"
                />
              </div>
              <div
                class="c11"
                style="--particleSize: 6px; --begin-y: 43%; --end-y: 13%; animation-duration: 3544ms; animation-delay: 6277ms;"
              >
                <div
                  class="c12"
                  style="animation-duration: 803ms, 1598ms; animation-delay: 44ms;"
                />
              </div>
              <div
                class="c11"
                style="--particleSize: 3px; --begin-y: 31%; --end-y: -4%; animation-duration: 6970ms; animation-delay: 10980ms;"
              >
                <div
                  class="c12"
                  style="animation-duration: 960ms, 1268ms; animation-delay: 37ms;"
                />
              </div>
              <div
                class="c11"
                style="--particleSize: 9px; --begin-y: 4%; --end-y: -37%; animation-duration: 4051ms; animation-delay: 165ms;"
              >
                <div
                  class="c12"
                  style="animation-duration: 545ms, 1147ms; animation-delay: 85ms;"
                />
              </div>
              <div
                class="c11"
                style="--particleSize: 3px; --begin-y: -43%; --end-y: 17%; animation-duration: 5286ms; animation-delay: 9980ms;"
              >
                <div
                  class="c12"
                  style="animation-duration: 603ms, 1689ms; animation-delay: 14ms;"
                />
              </div>
              <div
                class="c11"
                style="--particleSize: 5px; --begin-y: -45%; --end-y: -32%; animation-duration: 6919ms; animation-delay: 6167ms;"
              >
                <div
                  class="c12"
                  style="animation-duration: 725ms, 1998ms; animation-delay: 17ms;"
                />
              </div>
              <div
                class="c11"
                style="--particleSize: 10px; --begin-y: 15%; --end-y: 12%; animation-duration: 6701ms; animation-delay: 2557ms;"
              >
                <div
                  class="c12"
                  style="animation-duration: 748ms, 1445ms; animation-delay: 64ms;"
                />
              </div>
              <div
                class="c11"
                style="--particleSize: 9px; --begin-y: -2%; --end-y: 9%; animation-duration: 5351ms; animation-delay: 5379ms;"
              >
                <div
                  class="c12"
                  style="animation-duration: 603ms, 1749ms; animation-delay: 9ms;"
                />
              </div>
              <div
                class="c11"
                style="--particleSize: 7px; --begin-y: -41%; --end-y: 13%; animation-duration: 6821ms; animation-delay: 4723ms;"
              >
                <div
                  class="c12"
                  style="animation-duration: 921ms, 1655ms; animation-delay: 55ms;"
                />
              </div>
              <div
                class="c11"
                style="--particleSize: 7px; --begin-y: -4%; --end-y: -41%; animation-duration: 5326ms; animation-delay: 9234ms;"
              >
                <div
                  class="c12"
                  style="animation-duration: 894ms, 1436ms; animation-delay: 10ms;"
                />
              </div>
              <div
                class="c11"
                style="--particleSize: 8px; --begin-y: -40%; --end-y: 23%; animation-duration: 3457ms; animation-delay: 5152ms;"
              >
                <div
                  class="c12"
                  style="animation-duration: 890ms, 1307ms; animation-delay: 96ms;"
                />
              </div>
              <div
                class="c11"
                style="--particleSize: 2px; --begin-y: -8%; --end-y: 4%; animation-duration: 6217ms; animation-delay: 2546ms;"
              >
                <div
                  class="c12"
                  style="animation-duration: 791ms, 1091ms; animation-delay: 1ms;"
                />
              </div>
              <div
                class="c11"
                style="--particleSize: 6px; --begin-y: -1%; --end-y: -9%; animation-duration: 3354ms; animation-delay: 5253ms;"
              >
                <div
                  class="c12"
                  style="animation-duration: 604ms, 1318ms; animation-delay: 96ms;"
                />
              </div>
              <div
                class="c11"
                style="--particleSize: 2px; --begin-y: -1%; --end-y: -46%; animation-duration: 5213ms; animation-delay: 5604ms;"
              >
                <div
                  class="c12"
                  style="animation-duration: 970ms, 1741ms; animation-delay: 53ms;"
                />
              </div>
            </div>
            <ul
              aria-label="My skills"
            >
              <li
                class="c13"
                data-testid="horizontal-movement"
                style="animation-duration: 13.939501820790943s; animation-delay: 3.56804935239636s;"
              >
                <div
                  class="c14 c15"
                  data-testid="vertical-movement"
                  style="--translateY-begin: -9%; --translateY-end: 10%; animation-duration: 9.245005891461542s;"
                >
                  <div
                    class="c16 c17"
                    data-testid="rotation-movement"
                    style="--rotation: calc(1 * 360deg); z-index: 5; animation-duration: 6.6385529008148625s;"
                  >
                    <a
                      aria-label="NodeJS"
                      class="c18 c19"
                      data-testid="plain-anchor"
                      href="https://nodejs.org/en/"
                      rel="noreferrer"
                      target="_blank"
                    >
                      <div
                        class="c20 c21"
                        data-testid="color-swapping"
                        style="animation-duration: 13.939501820790943s; animation-delay: 3.56804935239636s;"
                      >
                        <svg>
                          nodejs.svg
                        </svg>
                      </div>
                    </a>
                  </div>
                </div>
              </li>
              <li
                class="c22"
                data-testid="horizontal-movement"
                style="animation-duration: 16.65586104930506s; animation-delay: 14.15811890089577s;"
              >
                <div
                  class="c14 c15"
                  data-testid="vertical-movement"
                  style="--translateY-begin: -22%; --translateY-end: 22%; animation-duration: 9.869973444979234s;"
                >
                  <div
                    class="c16 c17"
                    data-testid="rotation-movement"
                    style="--rotation: calc(1 * 360deg); z-index: 5; animation-duration: 5.866246165676847s;"
                  >
                    <a
                      aria-label="CSS3"
                      class="c18 c19"
                      data-testid="plain-anchor"
                      href="https://www.w3.org/Style/CSS/"
                      rel="noreferrer"
                      target="_blank"
                    >
                      <div
                        class="c20 c21"
                        data-testid="color-swapping"
                        style="animation-duration: 16.65586104930506s; animation-delay: 14.15811890089577s;"
                      >
                        <svg>
                          css3.svg
                        </svg>
                      </div>
                    </a>
                  </div>
                </div>
              </li>
              <li
                class="c22"
                data-testid="horizontal-movement"
                style="animation-duration: 11.217066444650737s; animation-delay: 8.334177821292958s;"
              >
                <div
                  class="c14 c15"
                  data-testid="vertical-movement"
                  style="--translateY-begin: 2%; --translateY-end: 13%; animation-duration: 10.525917926235772s;"
                >
                  <div
                    class="c16 c17"
                    data-testid="rotation-movement"
                    style="--rotation: calc(2 * 360deg); z-index: 3; animation-duration: 6.88842110340531s;"
                  >
                    <a
                      aria-label="Github"
                      class="c18 c19"
                      data-testid="plain-anchor"
                      href="https://github.com"
                      rel="noreferrer"
                      target="_blank"
                    >
                      <div
                        class="c20 c21"
                        data-testid="color-swapping"
                        style="animation-duration: 11.217066444650737s; animation-delay: 8.334177821292958s;"
                      >
                        <svg>
                          github.svg
                        </svg>
                      </div>
                    </a>
                  </div>
                </div>
              </li>
              <li
                class="c13"
                data-testid="horizontal-movement"
                style="animation-duration: 13.80803000723342s; animation-delay: 17.621513557844366s;"
              >
                <div
                  class="c14 c15"
                  data-testid="vertical-movement"
                  style="--translateY-begin: 6%; --translateY-end: 32%; animation-duration: 7.909213118063964s;"
                >
                  <div
                    class="c16 c17"
                    data-testid="rotation-movement"
                    style="--rotation: calc(2 * 360deg); z-index: 4; animation-duration: 6.861569411977941s;"
                  >
                    <a
                      aria-label="Typescript"
                      class="c18 c19"
                      data-testid="plain-anchor"
                      href="https://www.typescriptlang.org/"
                      rel="noreferrer"
                      target="_blank"
                    >
                      <div
                        class="c20 c21"
                        data-testid="color-swapping"
                        style="animation-duration: 13.80803000723342s; animation-delay: 17.621513557844366s;"
                      >
                        <svg>
                          typescript.svg
                        </svg>
                      </div>
                    </a>
                  </div>
                </div>
              </li>
              <li
                class="c23"
                data-testid="horizontal-movement"
                style="animation-duration: 6.418578428153239s; animation-delay: 19.34217904686691s;"
              >
                <div
                  class="c14 c15"
                  data-testid="vertical-movement"
                  style="--translateY-begin: -36%; --translateY-end: 20%; animation-duration: 3.890979077941477s;"
                >
                  <div
                    class="c16 c17"
                    data-testid="rotation-movement"
                    style="--rotation: calc(2 * 360deg); z-index: 5; animation-duration: 6.844201608619747s;"
                  >
                    <a
                      aria-label="NextJS"
                      class="c18 c19"
                      data-testid="plain-anchor"
                      href="https://nextjs.org"
                      rel="noreferrer"
                      target="_blank"
                    >
                      <div
                        class="c20 c21"
                        data-testid="color-swapping"
                        style="animation-duration: 6.418578428153239s; animation-delay: 19.34217904686691s;"
                      >
                        <svg>
                          nextjs.svg
                        </svg>
                      </div>
                    </a>
                  </div>
                </div>
              </li>
              <li
                class="c23"
                data-testid="horizontal-movement"
                style="animation-duration: 19.277655342125932s; animation-delay: 16.023761110021237s;"
              >
                <div
                  class="c14 c15"
                  data-testid="vertical-movement"
                  style="--translateY-begin: -27%; --translateY-end: 3%; animation-duration: 4.189074280959575s;"
                >
                  <div
                    class="c16 c17"
                    data-testid="rotation-movement"
                    style="--rotation: calc(1 * 360deg); z-index: 2; animation-duration: 5.860471898709803s;"
                  >
                    <a
                      aria-label="ReactJS"
                      class="c18 c19"
                      data-testid="plain-anchor"
                      href="https://reactjs.org"
                      rel="noreferrer"
                      target="_blank"
                    >
                      <div
                        class="c20 c21"
                        data-testid="color-swapping"
                        style="animation-duration: 19.277655342125932s; animation-delay: 16.023761110021237s;"
                      >
                        <svg>
                          reactjs.svg
                        </svg>
                      </div>
                    </a>
                  </div>
                </div>
              </li>
              <li
                class="c22"
                data-testid="horizontal-movement"
                style="animation-duration: 14.644338251752876s; animation-delay: 11.293533222767717s;"
              >
                <div
                  class="c14 c15"
                  data-testid="vertical-movement"
                  style="--translateY-begin: 8%; --translateY-end: 37%; animation-duration: 3.9970863098357703s;"
                >
                  <div
                    class="c16 c17"
                    data-testid="rotation-movement"
                    style="--rotation: calc(1 * 360deg); z-index: 2; animation-duration: 6.933216163304989s;"
                  >
                    <a
                      aria-label="MongoDB"
                      class="c18 c19"
                      data-testid="plain-anchor"
                      href="https://www.mongodb.com"
                      rel="noreferrer"
                      target="_blank"
                    >
                      <div
                        class="c20 c21"
                        data-testid="color-swapping"
                        style="animation-duration: 14.644338251752876s; animation-delay: 11.293533222767717s;"
                      >
                        <svg>
                          mongodb.svg
                        </svg>
                      </div>
                    </a>
                  </div>
                </div>
              </li>
              <li
                class="c13"
                data-testid="horizontal-movement"
                style="animation-duration: 10.14175237584551s; animation-delay: 3.576839029132518s;"
              >
                <div
                  class="c14 c15"
                  data-testid="vertical-movement"
                  style="--translateY-begin: 7%; --translateY-end: -12%; animation-duration: 7.664809988948997s;"
                >
                  <div
                    class="c16 c17"
                    data-testid="rotation-movement"
                    style="--rotation: calc(1 * 360deg); z-index: 4; animation-duration: 6.914386238759869s;"
                  >
                    <a
                      aria-label="Tanstack React Query"
                      class="c18 c19"
                      data-testid="plain-anchor"
                      href="https://react-query.tanstack.com/"
                      rel="noreferrer"
                      target="_blank"
                    >
                      <div
                        class="c20 c21"
                        data-testid="color-swapping"
                        style="animation-duration: 10.14175237584551s; animation-delay: 3.576839029132518s;"
                      >
                        <svg>
                          reactQuery.svg
                        </svg>
                      </div>
                    </a>
                  </div>
                </div>
              </li>
              <li
                class="c13"
                data-testid="horizontal-movement"
                style="animation-duration: 7.4164774687551445s; animation-delay: 7.794218041362182s;"
              >
                <div
                  class="c14 c15"
                  data-testid="vertical-movement"
                  style="--translateY-begin: -14%; --translateY-end: 3%; animation-duration: 4.681199497186299s;"
                >
                  <div
                    class="c16 c17"
                    data-testid="rotation-movement"
                    style="--rotation: calc(1 * 360deg); z-index: 2; animation-duration: 6.7009534260415045s;"
                  >
                    <a
                      aria-label="Jest"
                      class="c18 c19"
                      data-testid="plain-anchor"
                      href="https://jestjs.io"
                      rel="noreferrer"
                      target="_blank"
                    >
                      <div
                        class="c20 c21"
                        data-testid="color-swapping"
                        style="animation-duration: 7.4164774687551445s; animation-delay: 7.794218041362182s;"
                      >
                        <svg>
                          jest.svg
                        </svg>
                      </div>
                    </a>
                  </div>
                </div>
              </li>
              <li
                class="c22"
                data-testid="horizontal-movement"
                style="animation-duration: 19.0397404595432s; animation-delay: 17.03052735175093s;"
              >
                <div
                  class="c14 c15"
                  data-testid="vertical-movement"
                  style="--translateY-begin: -18%; --translateY-end: -14%; animation-duration: 10.20230608533101s;"
                >
                  <div
                    class="c16 c17"
                    data-testid="rotation-movement"
                    style="--rotation: calc(2 * 360deg); z-index: 4; animation-duration: 5.843169425640823s;"
                  >
                    <a
                      aria-label="Nx"
                      class="c18 c19"
                      data-testid="plain-anchor"
                      href="https://nx.dev"
                      rel="noreferrer"
                      target="_blank"
                    >
                      <div
                        class="c20 c21"
                        data-testid="color-swapping"
                        style="animation-duration: 19.0397404595432s; animation-delay: 17.03052735175093s;"
                      >
                        <svg>
                          nx.svg
                        </svg>
                      </div>
                    </a>
                  </div>
                </div>
              </li>
              <li
                class="c22"
                data-testid="horizontal-movement"
                style="animation-duration: 15.33034372807996s; animation-delay: 12.37795322276769s;"
              >
                <div
                  class="c14 c15"
                  data-testid="vertical-movement"
                  style="--translateY-begin: -22%; --translateY-end: 2%; animation-duration: 3.4792594991535664s;"
                >
                  <div
                    class="c16 c17"
                    data-testid="rotation-movement"
                    style="--rotation: calc(1 * 360deg); z-index: 2; animation-duration: 6.562182053103664s;"
                  >
                    <a
                      aria-label="Yarn"
                      class="c18 c19"
                      data-testid="plain-anchor"
                      href="https://yarnpkg.com"
                      rel="noreferrer"
                      target="_blank"
                    >
                      <div
                        class="c20 c21"
                        data-testid="color-swapping"
                        style="animation-duration: 15.33034372807996s; animation-delay: 12.37795322276769s;"
                      >
                        <svg>
                          yarn.svg
                        </svg>
                      </div>
                    </a>
                  </div>
                </div>
              </li>
              <li
                class="c13"
                data-testid="horizontal-movement"
                style="animation-duration: 6.702838175631481s; animation-delay: 3.134917416336234s;"
              >
                <div
                  class="c14 c15"
                  data-testid="vertical-movement"
                  style="--translateY-begin: -9%; --translateY-end: 37%; animation-duration: 6.470945831631842s;"
                >
                  <div
                    class="c16 c17"
                    data-testid="rotation-movement"
                    style="--rotation: calc(2 * 360deg); z-index: 3; animation-duration: 5.891110106734741s;"
                  >
                    <a
                      aria-label="Scott Pilgrim"
                      class="c18 c19"
                      data-testid="plain-anchor"
                      href="https://onipress.com/collections/scott-pilgrim"
                      rel="noreferrer"
                      tabindex="-1"
                      target="_blank"
                    >
                      <div
                        class="c20 c21"
                        data-testid="color-swapping"
                        style="animation-duration: 6.702838175631481s; animation-delay: 3.134917416336234s;"
                      >
                        <svg>
                          scottPilgrim.svg
                        </svg>
                      </div>
                    </a>
                  </div>
                </div>
              </li>
              <li
                class="c22"
                data-testid="horizontal-movement"
                style="animation-duration: 16.297353883327176s; animation-delay: 2.9584341925583555s;"
              >
                <div
                  class="c14 c15"
                  data-testid="vertical-movement"
                  style="--translateY-begin: -21%; --translateY-end: -10%; animation-duration: 3.4079417857327168s;"
                >
                  <div
                    class="c16 c17"
                    data-testid="rotation-movement"
                    style="--rotation: calc(1 * 360deg); z-index: 5; animation-duration: 6.618217783829801s;"
                  >
                    <a
                      aria-label="Xata IO"
                      class="c18 c19"
                      data-testid="plain-anchor"
                      href="https://xata.io"
                      rel="noreferrer"
                      target="_blank"
                    >
                      <div
                        class="c20 c21"
                        data-testid="color-swapping"
                        style="animation-duration: 16.297353883327176s; animation-delay: 2.9584341925583555s;"
                      >
                        <svg>
                          xataIO.svg
                        </svg>
                      </div>
                    </a>
                  </div>
                </div>
              </li>
              <li
                class="c13"
                data-testid="horizontal-movement"
                style="animation-duration: 13.697137942251953s; animation-delay: 13.91288232125156s;"
              >
                <div
                  class="c14 c15"
                  data-testid="vertical-movement"
                  style="--translateY-begin: 18%; --translateY-end: 9%; animation-duration: 4.877799603227662s;"
                >
                  <div
                    class="c16 c17"
                    data-testid="rotation-movement"
                    style="--rotation: calc(1 * 360deg); z-index: 5; animation-duration: 5.387798447607168s;"
                  >
                    <a
                      aria-label="Styled Components"
                      class="c18 c19"
                      data-testid="plain-anchor"
                      href="https://styled-components.com"
                      rel="noreferrer"
                      target="_blank"
                    >
                      <div
                        class="c20 c21"
                        data-testid="color-swapping"
                        style="animation-duration: 13.697137942251953s; animation-delay: 13.91288232125156s;"
                      >
                        <svg>
                          styledComponents.svg
                        </svg>
                      </div>
                    </a>
                  </div>
                </div>
              </li>
              <li
                class="c13"
                data-testid="horizontal-movement"
                style="animation-duration: 14.896748026989743s; animation-delay: 4.099032565455304s;"
              >
                <div
                  class="c14 c15"
                  data-testid="vertical-movement"
                  style="--translateY-begin: -5%; --translateY-end: 22%; animation-duration: 2.0180152663677116s;"
                >
                  <div
                    class="c16 c17"
                    data-testid="rotation-movement"
                    style="--rotation: calc(1 * 360deg); z-index: 2; animation-duration: 5.416800232269552s;"
                  >
                    <a
                      aria-label="ESLint"
                      class="c18 c19"
                      data-testid="plain-anchor"
                      href="https://eslint.org"
                      rel="noreferrer"
                      target="_blank"
                    >
                      <div
                        class="c20 c21"
                        data-testid="color-swapping"
                        style="animation-duration: 14.896748026989743s; animation-delay: 4.099032565455304s;"
                      >
                        <svg>
                          eslint.svg
                        </svg>
                      </div>
                    </a>
                  </div>
                </div>
              </li>
              <li
                class="c13"
                data-testid="horizontal-movement"
                style="animation-duration: 10.695528845640002s; animation-delay: 13.495772316879656s;"
              >
                <div
                  class="c14 c15"
                  data-testid="vertical-movement"
                  style="--translateY-begin: -23%; --translateY-end: -4%; animation-duration: 3.618095236260644s;"
                >
                  <div
                    class="c16 c17"
                    data-testid="rotation-movement"
                    style="--rotation: calc(1 * 360deg); z-index: 4; animation-duration: 6.134759649557654s;"
                  >
                    <a
                      aria-label="Cypress"
                      class="c18 c19"
                      data-testid="plain-anchor"
                      href="https://www.cypress.io"
                      rel="noreferrer"
                      target="_blank"
                    >
                      <div
                        class="c20 c21"
                        data-testid="color-swapping"
                        style="animation-duration: 10.695528845640002s; animation-delay: 13.495772316879656s;"
                      >
                        <svg>
                          cypress.svg
                        </svg>
                      </div>
                    </a>
                  </div>
                </div>
              </li>
              <li
                class="c13"
                data-testid="horizontal-movement"
                style="animation-duration: 9.168459829566466s; animation-delay: 10.990939851455968s;"
              >
                <div
                  class="c14 c15"
                  data-testid="vertical-movement"
                  style="--translateY-begin: -35%; --translateY-end: -14%; animation-duration: 3.3117706386280235s;"
                >
                  <div
                    class="c16 c17"
                    data-testid="rotation-movement"
                    style="--rotation: calc(1 * 360deg); z-index: 5; animation-duration: 5.574636643872568s;"
                  >
                    <a
                      aria-label="Prettier"
                      class="c18 c19"
                      data-testid="plain-anchor"
                      href="https://prettier.io"
                      rel="noreferrer"
                      target="_blank"
                    >
                      <div
                        class="c20 c21"
                        data-testid="color-swapping"
                        style="animation-duration: 9.168459829566466s; animation-delay: 10.990939851455968s;"
                      >
                        <svg>
                          prettier.svg
                        </svg>
                      </div>
                    </a>
                  </div>
                </div>
              </li>
              <li
                class="c13"
                data-testid="horizontal-movement"
                style="animation-duration: 10.846456912104264s; animation-delay: 9.159323087161912s;"
              >
                <div
                  class="c14 c15"
                  data-testid="vertical-movement"
                  style="--translateY-begin: -8%; --translateY-end: 3%; animation-duration: 10.297958655167884s;"
                >
                  <div
                    class="c16 c17"
                    data-testid="rotation-movement"
                    style="--rotation: calc(2 * 360deg); z-index: 3; animation-duration: 4.288995156525762s;"
                  >
                    <a
                      aria-label="Docker"
                      class="c18 c19"
                      data-testid="plain-anchor"
                      href="https://www.docker.com"
                      rel="noreferrer"
                      target="_blank"
                    >
                      <div
                        class="c20 c21"
                        data-testid="color-swapping"
                        style="animation-duration: 10.846456912104264s; animation-delay: 9.159323087161912s;"
                      >
                        <svg>
                          docker.svg
                        </svg>
                      </div>
                    </a>
                  </div>
                </div>
              </li>
              <li
                class="c13"
                data-testid="horizontal-movement"
                style="animation-duration: 19.147258311795248s; animation-delay: 6.001398340501273s;"
              >
                <div
                  class="c14 c15"
                  data-testid="vertical-movement"
                  style="--translateY-begin: 10%; --translateY-end: 24%; animation-duration: 4.940030744867554s;"
                >
                  <div
                    class="c16 c17"
                    data-testid="rotation-movement"
                    style="--rotation: calc(1 * 360deg); z-index: 4; animation-duration: 4.638775037797611s;"
                  >
                    <a
                      aria-label="HTML5"
                      class="c18 c19"
                      data-testid="plain-anchor"
                      href="https://www.w3.org/html/"
                      rel="noreferrer"
                      target="_blank"
                    >
                      <div
                        class="c20 c21"
                        data-testid="color-swapping"
                        style="animation-duration: 19.147258311795248s; animation-delay: 6.001398340501273s;"
                      >
                        <svg>
                          html5.svg
                        </svg>
                      </div>
                    </a>
                  </div>
                </div>
              </li>
              <li
                class="c13"
                data-testid="horizontal-movement"
                style="animation-duration: 18.350210396782828s; animation-delay: 14.947648904197314s;"
              >
                <div
                  class="c14 c15"
                  data-testid="vertical-movement"
                  style="--translateY-begin: -17%; --translateY-end: 3%; animation-duration: 4.122745683003191s;"
                >
                  <div
                    class="c16 c17"
                    data-testid="rotation-movement"
                    style="--rotation: calc(2 * 360deg); z-index: 2; animation-duration: 5.910443380075771s;"
                  >
                    <a
                      aria-label="JavaScript"
                      class="c18 c19"
                      data-testid="plain-anchor"
                      href="https://developer.mozilla.org/en/JavaScript"
                      rel="noreferrer"
                      target="_blank"
                    >
                      <div
                        class="c20 c21"
                        data-testid="color-swapping"
                        style="animation-duration: 18.350210396782828s; animation-delay: 14.947648904197314s;"
                      >
                        <svg>
                          javascript.svg
                        </svg>
                      </div>
                    </a>
                  </div>
                </div>
              </li>
              <li
                class="c13"
                data-testid="horizontal-movement"
                style="animation-duration: 10.415961447727684s; animation-delay: 5.797287909842468s;"
              >
                <div
                  class="c14 c15"
                  data-testid="vertical-movement"
                  style="--translateY-begin: 13%; --translateY-end: -14%; animation-duration: 6.800350666500586s;"
                >
                  <div
                    class="c16 c17"
                    data-testid="rotation-movement"
                    style="--rotation: calc(1 * 360deg); z-index: 4; animation-duration: 4.95628017878512s;"
                  >
                    <a
                      aria-label="Node Package Manager"
                      class="c18 c19"
                      data-testid="plain-anchor"
                      href="https://www.npmjs.com"
                      rel="noreferrer"
                      target="_blank"
                    >
                      <div
                        class="c20 c21"
                        data-testid="color-swapping"
                        style="animation-duration: 10.415961447727684s; animation-delay: 5.797287909842468s;"
                      >
                        <svg>
                          npm.svg
                        </svg>
                      </div>
                    </a>
                  </div>
                </div>
              </li>
              <li
                class="c13"
                data-testid="horizontal-movement"
                style="animation-duration: 20.536762630029592s; animation-delay: 15.159527669228408s;"
              >
                <div
                  class="c14 c15"
                  data-testid="vertical-movement"
                  style="--translateY-begin: 1%; --translateY-end: 0%; animation-duration: 5.678292340738683s;"
                >
                  <div
                    class="c16 c17"
                    data-testid="rotation-movement"
                    style="--rotation: calc(2 * 360deg); z-index: 3; animation-duration: 5.200176930490507s;"
                  >
                    <a
                      aria-label="Git"
                      class="c18 c19"
                      data-testid="plain-anchor"
                      href="https://git-scm.com"
                      rel="noreferrer"
                      target="_blank"
                    >
                      <div
                        class="c20 c21"
                        data-testid="color-swapping"
                        style="animation-duration: 20.536762630029592s; animation-delay: 15.159527669228408s;"
                      >
                        <svg>
                          git.svg
                        </svg>
                      </div>
                    </a>
                  </div>
                </div>
              </li>
              <li
                class="c13"
                data-testid="horizontal-movement"
                style="animation-duration: 15.660937927605577s; animation-delay: 12.608999788786365s;"
              >
                <div
                  class="c14 c15"
                  data-testid="vertical-movement"
                  style="--translateY-begin: -6%; --translateY-end: 14%; animation-duration: 9.837149956371496s;"
                >
                  <div
                    class="c16 c17"
                    data-testid="rotation-movement"
                    style="--rotation: calc(1 * 360deg); z-index: 4; animation-duration: 5.1367041288336965s;"
                  >
                    <a
                      aria-label="Google Chrome"
                      class="c18 c19"
                      data-testid="plain-anchor"
                      href="https://www.google.com/chrome"
                      rel="noreferrer"
                      target="_blank"
                    >
                      <div
                        class="c20 c21"
                        data-testid="color-swapping"
                        style="animation-duration: 15.660937927605577s; animation-delay: 12.608999788786365s;"
                      >
                        <svg>
                          chrome.svg
                        </svg>
                      </div>
                    </a>
                  </div>
                </div>
              </li>
              <li
                class="c13"
                data-testid="horizontal-movement"
                style="animation-duration: 10.800854729940259s; animation-delay: 12.683557986679302s;"
              >
                <div
                  class="c14 c15"
                  data-testid="vertical-movement"
                  style="--translateY-begin: 18%; --translateY-end: 6%; animation-duration: 8.243233564956254s;"
                >
                  <div
                    class="c16 c17"
                    data-testid="rotation-movement"
                    style="--rotation: calc(1 * 360deg); z-index: 4; animation-duration: 4.591343546967886s;"
                  >
                    <a
                      aria-label="Visual Studio Code"
                      class="c18 c19"
                      data-testid="plain-anchor"
                      href="https://code.visualstudio.com"
                      rel="noreferrer"
                      target="_blank"
                    >
                      <div
                        class="c20 c21"
                        data-testid="color-swapping"
                        style="animation-duration: 10.800854729940259s; animation-delay: 12.683557986679302s;"
                      >
                        <svg>
                          vscode.svg
                        </svg>
                      </div>
                    </a>
                  </div>
                </div>
              </li>
              <li
                class="c13"
                data-testid="horizontal-movement"
                style="animation-duration: 20.208687258872008s; animation-delay: 6.472553385349316s;"
              >
                <div
                  class="c14 c15"
                  data-testid="vertical-movement"
                  style="--translateY-begin: 5%; --translateY-end: -2%; animation-duration: 4.4493138289339935s;"
                >
                  <div
                    class="c16 c17"
                    data-testid="rotation-movement"
                    style="--rotation: calc(2 * 360deg); z-index: 3; animation-duration: 6.637782132961124s;"
                  >
                    <a
                      aria-label="Material UI"
                      class="c18 c19"
                      data-testid="plain-anchor"
                      href="https://material-ui.com"
                      rel="noreferrer"
                      target="_blank"
                    >
                      <div
                        class="c20 c21"
                        data-testid="color-swapping"
                        style="animation-duration: 20.208687258872008s; animation-delay: 6.472553385349316s;"
                      >
                        <svg>
                          materialui.svg
                        </svg>
                      </div>
                    </a>
                  </div>
                </div>
              </li>
              <li
                class="c13"
                data-testid="horizontal-movement"
                style="animation-duration: 18.449450242424376s; animation-delay: 9.8089057007439s;"
              >
                <div
                  class="c14 c15"
                  data-testid="vertical-movement"
                  style="--translateY-begin: 16%; --translateY-end: 10%; animation-duration: 5.965742868937082s;"
                >
                  <div
                    class="c16 c17"
                    data-testid="rotation-movement"
                    style="--rotation: calc(1 * 360deg); z-index: 3; animation-duration: 5.7461546550564595s;"
                  >
                    <a
                      aria-label="PostgreSQL"
                      class="c18 c19"
                      data-testid="plain-anchor"
                      href="https://www.postgresql.org"
                      rel="noreferrer"
                      target="_blank"
                    >
                      <div
                        class="c20 c21"
                        data-testid="color-swapping"
                        style="animation-duration: 18.449450242424376s; animation-delay: 9.8089057007439s;"
                      >
                        <svg>
                          postgresSQL.svg
                        </svg>
                      </div>
                    </a>
                  </div>
                </div>
              </li>
              <li
                class="c13"
                data-testid="horizontal-movement"
                style="animation-duration: 16.241804687857254s; animation-delay: 8.481301602032914s;"
              >
                <div
                  class="c14 c15"
                  data-testid="vertical-movement"
                  style="--translateY-begin: 14%; --translateY-end: 3%; animation-duration: 8.902939203684294s;"
                >
                  <div
                    class="c16 c17"
                    data-testid="rotation-movement"
                    style="--rotation: calc(1 * 360deg); z-index: 5; animation-duration: 6.747974639246889s;"
                  >
                    <a
                      aria-label="Sentry"
                      class="c18 c19"
                      data-testid="plain-anchor"
                      href="https://sentry.io"
                      rel="noreferrer"
                      target="_blank"
                    >
                      <div
                        class="c20 c21"
                        data-testid="color-swapping"
                        style="animation-duration: 16.241804687857254s; animation-delay: 8.481301602032914s;"
                      >
                        <svg>
                          sentry.svg
                        </svg>
                      </div>
                    </a>
                  </div>
                </div>
              </li>
              <li
                class="c13"
                data-testid="horizontal-movement"
                style="animation-duration: 10.064110637699992s; animation-delay: 13.67455774271733s;"
              >
                <div
                  class="c14 c15"
                  data-testid="vertical-movement"
                  style="--translateY-begin: -24%; --translateY-end: 17%; animation-duration: 5.897791114206129s;"
                >
                  <div
                    class="c16 c17"
                    data-testid="rotation-movement"
                    style="--rotation: calc(1 * 360deg); z-index: 5; animation-duration: 4.008450315312047s;"
                  >
                    <a
                      aria-label="Storybook"
                      class="c18 c19"
                      data-testid="plain-anchor"
                      href="https://storybook.js.org"
                      rel="noreferrer"
                      target="_blank"
                    >
                      <div
                        class="c20 c21"
                        data-testid="color-swapping"
                        style="animation-duration: 10.064110637699992s; animation-delay: 13.67455774271733s;"
                      >
                        <svg>
                          storybook.svg
                        </svg>
                      </div>
                    </a>
                  </div>
                </div>
              </li>
              <li
                class="c13"
                data-testid="horizontal-movement"
                style="animation-duration: 20.427088880766636s; animation-delay: 4.1773329734365845s;"
              >
                <div
                  class="c14 c15"
                  data-testid="vertical-movement"
                  style="--translateY-begin: -31%; --translateY-end: -7%; animation-duration: 8.239499050700477s;"
                >
                  <div
                    class="c16 c17"
                    data-testid="rotation-movement"
                    style="--rotation: calc(1 * 360deg); z-index: 2; animation-duration: 4.104921797711315s;"
                  >
                    <a
                      aria-label="Webpack"
                      class="c18 c19"
                      data-testid="plain-anchor"
                      href="https://webpack.js.org"
                      rel="noreferrer"
                      target="_blank"
                    >
                      <div
                        class="c20 c21"
                        data-testid="color-swapping"
                        style="animation-duration: 20.427088880766636s; animation-delay: 4.1773329734365845s;"
                      >
                        <svg>
                          webpack.svg
                        </svg>
                      </div>
                    </a>
                  </div>
                </div>
              </li>
              <li
                class="c13"
                data-testid="horizontal-movement"
                style="animation-duration: 14.582221827681678s; animation-delay: 14.286808496175901s;"
              >
                <div
                  class="c14 c15"
                  data-testid="vertical-movement"
                  style="--translateY-begin: -1%; --translateY-end: 6%; animation-duration: 4.200897314260742s;"
                >
                  <div
                    class="c16 c17"
                    data-testid="rotation-movement"
                    style="--rotation: calc(1 * 360deg); z-index: 5; animation-duration: 5.693787975500911s;"
                  >
                    <a
                      aria-label="GitLab"
                      class="c18 c19"
                      data-testid="plain-anchor"
                      href="https://gitlab.com"
                      rel="noreferrer"
                      target="_blank"
                    >
                      <div
                        class="c20 c21"
                        data-testid="color-swapping"
                        style="animation-duration: 14.582221827681678s; animation-delay: 14.286808496175901s;"
                      >
                        <svg>
                          gitLab.svg
                        </svg>
                      </div>
                    </a>
                  </div>
                </div>
              </li>
              <li
                class="c13"
                data-testid="horizontal-movement"
                style="animation-duration: 9.337499337730122s; animation-delay: 13.361846023598396s;"
              >
                <div
                  class="c14 c15"
                  data-testid="vertical-movement"
                  style="--translateY-begin: -14%; --translateY-end: 6%; animation-duration: 6.212143362387304s;"
                >
                  <div
                    class="c16 c17"
                    data-testid="rotation-movement"
                    style="--rotation: calc(2 * 360deg); z-index: 4; animation-duration: 6.276552069883715s;"
                  >
                    <a
                      aria-label="JSON"
                      class="c18 c19"
                      data-testid="plain-anchor"
                      href="https://json.org"
                      rel="noreferrer"
                      target="_blank"
                    >
                      <div
                        class="c20 c21"
                        data-testid="color-swapping"
                        style="animation-duration: 9.337499337730122s; animation-delay: 13.361846023598396s;"
                      >
                        <svg>
                          json.svg
                        </svg>
                      </div>
                    </a>
                  </div>
                </div>
              </li>
              <li
                class="c13"
                data-testid="horizontal-movement"
                style="animation-duration: 16.597797036978s; animation-delay: 9.001561049193226s;"
              >
                <div
                  class="c14 c15"
                  data-testid="vertical-movement"
                  style="--translateY-begin: -14%; --translateY-end: 22%; animation-duration: 2.500759943231512s;"
                >
                  <div
                    class="c16 c17"
                    data-testid="rotation-movement"
                    style="--rotation: calc(1 * 360deg); z-index: 3; animation-duration: 6.843162918570736s;"
                  >
                    <a
                      aria-label="Vercel"
                      class="c18 c19"
                      data-testid="plain-anchor"
                      href="https://vercel.com"
                      rel="noreferrer"
                      target="_blank"
                    >
                      <div
                        class="c20 c21"
                        data-testid="color-swapping"
                        style="animation-duration: 16.597797036978s; animation-delay: 9.001561049193226s;"
                      >
                        <svg>
                          vercel.svg
                        </svg>
                      </div>
                    </a>
                  </div>
                </div>
              </li>
              <li
                class="c13"
                data-testid="horizontal-movement"
                style="animation-duration: 12.69079648098436s; animation-delay: 18.809579904227675s;"
              >
                <div
                  class="c14 c15"
                  data-testid="vertical-movement"
                  style="--translateY-begin: -2%; --translateY-end: 17%; animation-duration: 8.482909605942373s;"
                >
                  <div
                    class="c16 c17"
                    data-testid="rotation-movement"
                    style="--rotation: calc(1 * 360deg); z-index: 3; animation-duration: 4.850663708859508s;"
                  >
                    <a
                      aria-label="Auth0"
                      class="c24 c19"
                      href="  https://auth0.com"
                    >
                      <div
                        class="c20 c21"
                        data-testid="color-swapping"
                        style="animation-duration: 12.69079648098436s; animation-delay: 18.809579904227675s;"
                      >
                        <svg>
                          auth0.svg
                        </svg>
                      </div>
                    </a>
                  </div>
                </div>
              </li>
              <li
                class="c13"
                data-testid="horizontal-movement"
                style="animation-duration: 16.173426593805832s; animation-delay: 1.1732127373148575s;"
              >
                <div
                  class="c14 c15"
                  data-testid="vertical-movement"
                  style="--translateY-begin: 14%; --translateY-end: -17%; animation-duration: 5.662047256918759s;"
                >
                  <div
                    class="c16 c17"
                    data-testid="rotation-movement"
                    style="--rotation: calc(1 * 360deg); z-index: 3; animation-duration: 6.2764410651865115s;"
                  >
                    <a
                      aria-label="Spider Man"
                      class="c18 c19"
                      data-testid="plain-anchor"
                      href="https://wikipedia.org/wiki/Spider-Man"
                      rel="noreferrer"
                      tabindex="-1"
                      target="_blank"
                    >
                      <div
                        class="c20 c21"
                        data-testid="color-swapping"
                        style="animation-duration: 16.173426593805832s; animation-delay: 1.1732127373148575s;"
                      >
                        <svg>
                          spidermask.svg
                        </svg>
                      </div>
                    </a>
                  </div>
                </div>
              </li>
              <li
                class="c13"
                data-testid="horizontal-movement"
                style="animation-duration: 18.539516564946183s; animation-delay: 1.7741420323040682s;"
              >
                <div
                  class="c14 c15"
                  data-testid="vertical-movement"
                  style="--translateY-begin: 2%; --translateY-end: 25%; animation-duration: 7.705748199062087s;"
                >
                  <div
                    class="c16 c17"
                    data-testid="rotation-movement"
                    style="--rotation: calc(1 * 360deg); z-index: 4; animation-duration: 5.14657919323268s;"
                  >
                    <a
                      aria-label="Half-Life"
                      class="c18 c19"
                      data-testid="plain-anchor"
                      href="https://half-life.com/"
                      rel="noreferrer"
                      tabindex="-1"
                      target="_blank"
                    >
                      <div
                        class="c20 c21"
                        data-testid="color-swapping"
                        style="animation-duration: 18.539516564946183s; animation-delay: 1.7741420323040682s;"
                      >
                        <svg>
                          halflife.svg
                        </svg>
                      </div>
                    </a>
                  </div>
                </div>
              </li>
              <li
                class="c13"
                data-testid="horizontal-movement"
                style="animation-duration: 20.23938186328798s; animation-delay: 11.127071136634846s;"
              >
                <div
                  class="c14 c15"
                  data-testid="vertical-movement"
                  style="--translateY-begin: -14%; --translateY-end: -6%; animation-duration: 9.74673913728655s;"
                >
                  <div
                    class="c16 c17"
                    data-testid="rotation-movement"
                    style="--rotation: calc(2 * 360deg); z-index: 2; animation-duration: 4.55985921756319s;"
                  >
                    <a
                      aria-label="Battlefield 2042"
                      class="c18 c19"
                      data-testid="plain-anchor"
                      href="https://www.ea.com/en-gb/games/battlefield/battlefield-2042"
                      rel="noreferrer"
                      tabindex="-1"
                      target="_blank"
                    >
                      <div
                        class="c20 c21"
                        data-testid="color-swapping"
                        style="animation-duration: 20.23938186328798s; animation-delay: 11.127071136634846s;"
                      >
                        <svg>
                          bf2042.svg
                        </svg>
                      </div>
                    </a>
                  </div>
                </div>
              </li>
            </ul>
          </div>
        </div>
      </div>
      <div
        class="c25"
      />
    </div>
  </div>
</body>
`;
